
  ___  ____  ____  ____  ____ ®
 /__    /   ____/   /   ____/      StataNow 19.5
___/   /   /___/   /   /___/       SE—Standard Edition

 Statistics and Data Science       Copyright 1985-2025 StataCorp LLC
                                   StataCorp
                                   4905 Lakeway Drive
                                   College Station, Texas 77845 USA
                                   800-782-8272        https://www.stata.com
                                   979-696-4600        service@stata.com

Stata license: Unlimited-user network, expiring 16 May 2027
Serial number: 401909343485
  Licensed to: Sunbin Yoo
               SKKU

Notes:
      1. Stata is running in batch mode.
      2. Unicode is supported; see help unicode_advice.
      3. Maximum number of variables is set to 5,000 but can be increased;
          see help set_maxvar.

. do 12b_gic_stacked.do 

. * 12b_gic_stacked.do : stacked (pooled) version of the group-specific income 
> regressions
. * One system: ln(avg pretax income of group g)_{ct} on group x ln GACI_max, g
> roup x ln pop,
. * country#group FE, year#group FE, country-clustered SE. Feyrer IV = group x 
> (a_t x ln MA_1996).
. * Adds (i) joint Wald test that decile elasticities are equal, (ii) top-minus
> -bottom contrast,
. * (iii) linear-rank trend of the elasticity across deciles.
. capture log close _all

. log using "12b_gic_stacked_run.log", replace text
-------------------------------------------------------------------------------
      name:  <unnamed>
       log:  C:\Users\sunbi\managi-lab Dropbox\Sunbin Yoo\Research Box ^-^\2026
> \GACI\GACI_Inequality\12b_gic_stacked_run.log
  log type:  text
 opened on:  28 Sep 2026, 16:30:30

. clear all

. set more off

. set linesize 255

. cd "C:/Users/sunbi/managi-lab Dropbox/Sunbin Yoo/Research Box ^-^/2026/GACI/GACI_Inequality"
C:\Users\sunbi\managi-lab Dropbox\Sunbin Yoo\Research Box ^-^\2026\GACI\GACI_Inequality

. import delimited "ineq_panel_ext.csv", clear varnames(1) encoding("utf-8")
(196 vars, 4,643 obs)

. ds c reg, not
y             unesco_cum    eig_sum       nat_endow     gaci_cwm2     gini_wb       urban         ln_gdppc      avg_top10_~d  ln_avg_all~d  ln_apt_d3     ln_spt_b50    ln_spt_m40    spt_d6        ln_adi_d2     ln_sdi_all    ln_sdi_d9     ln_theil_reg
trade_share   unesco_cum~t  eig_mean      merch_share   share_max     top10_wb      trade_gdp     top10_wid     avg_all_wid   ratio_t10~50  ln_apt_d4     ln_spt_d1     ln_spt_t01    spt_d7        ln_adi_d3     ln_sdi_b50    ln_sdi_m40    ln_gini_reg
ln_tradevol   lnz           close_sum     merch_inte~y  hhi           bot20_wb      fdi_gdp       top1_wid      ln_top10_wid  a_t           ln_apt_d5     ln_spt_d10    ln_spt_t1     spt_d8        ln_adi_d4     ln_sdi_d1     ln_sdi_t01    ln_cv_reg
lngdp         lnz_own       close_mean    tourism_int   n_air2        top20_wb      unemp         bot50_wid     ln_top1_wid   os_year       ln_apt_d6     ln_spt_d2     spt_all       spt_d9        ln_adi_d5     ln_sdi_d10    ln_sdi_t1     ln_share_t~g
lng           lnpc          betw_sum      tourism_cum   gaci_2nd      emp_srv       surv_inc_pc   mid40_wid     ln_bot50_wid  post_os       ln_apt_d7     ln_spt_d3     spt_b50       spt_m40       ln_adi_d6     ln_sdi_d2     n_reg         ln_ratio_t~g
ln_gaci_cwm   lnpop         betw_mean     ln_remote     gini_disp     emp_ind       ln_gaci_max   top10_post~d  ln_gini_pr~d  os_evt        ln_apt_d8     ln_spt_d4     spt_d1        spt_t01       ln_adi_d7     ln_sdi_d3     theil_reg     n_reg_mode
ln_gaci_mean  lnland        regimp_sum    feyrer_int    gini_disp_se  emp_agr       ln_gaci_sum   bot50_post~d  ln_gini_po~d  ln_apt_all    ln_apt_d9     ln_spt_d5     spt_d10       spt_t1        ln_adi_d8     ln_sdi_d4     gini_reg      stable_reg
lncap         abslat        regimp_mean   ln_sea_ma     gini_mkt      primacy       ln_gini_mkt   top1_post_~d  ln_top10_p~d  ln_apt_b50    ln_apt_m40    ln_spt_d6     spt_d2        ln_adi_all    ln_adi_d9     ln_sdi_d5     cv_reg
gaci_cwmean   n_air         cap_sum       ln_air_ma     gini_mkt_se   gdppc_kd      ln_gini_disp  gini_pre_wid  ln_bot50_p~d  ln_apt_d1     ln_apt_t01    ln_spt_d7     spt_d3        ln_adi_b50    ln_adi_m40    ln_sdi_d6     share_topreg
gaci_mean     deg_sum       cap_mean      gaci_max      abs_red       ter_enr       ln_share_max  gini_post_~d  ln_avg_bot~d  ln_apt_d10    ln_apt_t1     ln_spt_d8     spt_d4        ln_adi_d1     ln_adi_t01    ln_sdi_d7     ratio_topreg
ln_unesco     deg_mean      tour_shift    gaci_sum      rel_red       tax_gdp       ln_hhi        avg_bot50_~d  ln_avg_top~d  ln_apt_d2     ln_spt_all    ln_spt_d9     spt_d5        ln_adi_d10    ln_adi_t1     ln_sdi_d8     structchange

. destring `r(varlist)', replace force
y already numeric; no replace
trade_share already numeric; no replace
ln_tradevol already numeric; no replace
lngdp already numeric; no replace
lng already numeric; no replace
ln_gaci_cwm already numeric; no replace
ln_gaci_mean already numeric; no replace
lncap already numeric; no replace
gaci_cwmean already numeric; no replace
gaci_mean already numeric; no replace
ln_unesco already numeric; no replace
unesco_cum already numeric; no replace
unesco_cum_nat already numeric; no replace
lnz already numeric; no replace
lnz_own already numeric; no replace
lnpc already numeric; no replace
lnpop already numeric; no replace
lnland already numeric; no replace
abslat already numeric; no replace
n_air already numeric; no replace
deg_sum already numeric; no replace
deg_mean already numeric; no replace
eig_sum already numeric; no replace
eig_mean already numeric; no replace
close_sum already numeric; no replace
close_mean already numeric; no replace
betw_sum already numeric; no replace
betw_mean already numeric; no replace
regimp_sum already numeric; no replace
regimp_mean already numeric; no replace
cap_sum already numeric; no replace
cap_mean already numeric; no replace
tour_shift already numeric; no replace
nat_endow already numeric; no replace
merch_share already numeric; no replace
merch_intensity already numeric; no replace
tourism_int already numeric; no replace
tourism_cum already numeric; no replace
ln_remote already numeric; no replace
feyrer_int already numeric; no replace
ln_sea_ma already numeric; no replace
ln_air_ma already numeric; no replace
gaci_max already numeric; no replace
gaci_sum already numeric; no replace
gaci_cwm2 already numeric; no replace
share_max already numeric; no replace
hhi already numeric; no replace
n_air2 already numeric; no replace
gaci_2nd already numeric; no replace
gini_disp already numeric; no replace
gini_disp_se already numeric; no replace
gini_mkt already numeric; no replace
gini_mkt_se already numeric; no replace
abs_red already numeric; no replace
rel_red already numeric; no replace
gini_wb already numeric; no replace
top10_wb already numeric; no replace
bot20_wb already numeric; no replace
top20_wb already numeric; no replace
emp_srv already numeric; no replace
emp_ind already numeric; no replace
emp_agr already numeric; no replace
primacy already numeric; no replace
gdppc_kd already numeric; no replace
ter_enr already numeric; no replace
tax_gdp already numeric; no replace
urban already numeric; no replace
trade_gdp already numeric; no replace
fdi_gdp already numeric; no replace
unemp already numeric; no replace
surv_inc_pc already numeric; no replace
ln_gaci_max already numeric; no replace
ln_gaci_sum already numeric; no replace
ln_gini_mkt already numeric; no replace
ln_gini_disp already numeric; no replace
ln_share_max already numeric; no replace
ln_hhi already numeric; no replace
ln_gdppc already numeric; no replace
top10_wid already numeric; no replace
top1_wid already numeric; no replace
bot50_wid already numeric; no replace
mid40_wid already numeric; no replace
top10_post_wid already numeric; no replace
bot50_post_wid already numeric; no replace
top1_post_wid already numeric; no replace
gini_pre_wid already numeric; no replace
gini_post_wid already numeric; no replace
avg_bot50_wid already numeric; no replace
avg_top10_wid already numeric; no replace
avg_all_wid already numeric; no replace
ln_top10_wid already numeric; no replace
ln_top1_wid already numeric; no replace
ln_bot50_wid already numeric; no replace
ln_gini_pre_wid already numeric; no replace
ln_gini_post_wid already numeric; no replace
ln_top10_post_wid already numeric; no replace
ln_bot50_post_wid already numeric; no replace
ln_avg_bot50_wid already numeric; no replace
ln_avg_top10_wid already numeric; no replace
ln_avg_all_wid already numeric; no replace
ratio_t10_b50 already numeric; no replace
a_t already numeric; no replace
os_year already numeric; no replace
post_os already numeric; no replace
os_evt already numeric; no replace
ln_apt_all already numeric; no replace
ln_apt_b50 already numeric; no replace
ln_apt_d1 already numeric; no replace
ln_apt_d10 already numeric; no replace
ln_apt_d2 already numeric; no replace
ln_apt_d3 already numeric; no replace
ln_apt_d4 already numeric; no replace
ln_apt_d5 already numeric; no replace
ln_apt_d6 already numeric; no replace
ln_apt_d7 already numeric; no replace
ln_apt_d8 already numeric; no replace
ln_apt_d9 already numeric; no replace
ln_apt_m40 already numeric; no replace
ln_apt_t01 already numeric; no replace
ln_apt_t1 already numeric; no replace
ln_spt_all already numeric; no replace
ln_spt_b50 already numeric; no replace
ln_spt_d1 already numeric; no replace
ln_spt_d10 already numeric; no replace
ln_spt_d2 already numeric; no replace
ln_spt_d3 already numeric; no replace
ln_spt_d4 already numeric; no replace
ln_spt_d5 already numeric; no replace
ln_spt_d6 already numeric; no replace
ln_spt_d7 already numeric; no replace
ln_spt_d8 already numeric; no replace
ln_spt_d9 already numeric; no replace
ln_spt_m40 already numeric; no replace
ln_spt_t01 already numeric; no replace
ln_spt_t1 already numeric; no replace
spt_all already numeric; no replace
spt_b50 already numeric; no replace
spt_d1 already numeric; no replace
spt_d10 already numeric; no replace
spt_d2 already numeric; no replace
spt_d3 already numeric; no replace
spt_d4 already numeric; no replace
spt_d5 already numeric; no replace
spt_d6 already numeric; no replace
spt_d7 already numeric; no replace
spt_d8 already numeric; no replace
spt_d9 already numeric; no replace
spt_m40 already numeric; no replace
spt_t01 already numeric; no replace
spt_t1 already numeric; no replace
ln_adi_all already numeric; no replace
ln_adi_b50 already numeric; no replace
ln_adi_d1 already numeric; no replace
ln_adi_d10 already numeric; no replace
ln_adi_d2 already numeric; no replace
ln_adi_d3 already numeric; no replace
ln_adi_d4 already numeric; no replace
ln_adi_d5 already numeric; no replace
ln_adi_d6 already numeric; no replace
ln_adi_d7 already numeric; no replace
ln_adi_d8 already numeric; no replace
ln_adi_d9 already numeric; no replace
ln_adi_m40 already numeric; no replace
ln_adi_t01 already numeric; no replace
ln_adi_t1 already numeric; no replace
ln_sdi_all already numeric; no replace
ln_sdi_b50 already numeric; no replace
ln_sdi_d1 already numeric; no replace
ln_sdi_d10 already numeric; no replace
ln_sdi_d2 already numeric; no replace
ln_sdi_d3 already numeric; no replace
ln_sdi_d4 already numeric; no replace
ln_sdi_d5 already numeric; no replace
ln_sdi_d6 already numeric; no replace
ln_sdi_d7 already numeric; no replace
ln_sdi_d8 already numeric; no replace
ln_sdi_d9 already numeric; no replace
ln_sdi_m40 already numeric; no replace
ln_sdi_t01 already numeric; no replace
ln_sdi_t1 already numeric; no replace
n_reg already numeric; no replace
theil_reg already numeric; no replace
gini_reg already numeric; no replace
cv_reg already numeric; no replace
share_topreg already numeric; no replace
ratio_topreg already numeric; no replace
structchange already numeric; no replace
ln_theil_reg already numeric; no replace
ln_gini_reg already numeric; no replace
ln_cv_reg already numeric; no replace
ln_share_topreg already numeric; no replace
ln_ratio_topreg already numeric; no replace
n_reg_mode already numeric; no replace
stable_reg already numeric; no replace

. encode c, gen(isocode)

. keep if !missing(gini_mkt)
(906 observations deleted)

. gen cont = substr(reg,1,2)

. encode cont, gen(contid)

. set varabbrev off

. keep isocode y contid ln_gaci_max lnpop feyrer_int tourism_int ln_apt_d1 ln_apt_d2 ln_apt_d3 ln_apt_d4 ln_apt_d5 ln_apt_d6 ln_apt_d7 ln_apt_d8 ln_apt_d9 ln_apt_d10 ln_apt_t1 ln_apt_t01

. forvalues g = 1/10 {
  2.     rename ln_apt_d`g' ln_apt`g'
  3. }

. rename ln_apt_t1 ln_apt11

. rename ln_apt_t01 ln_apt12

. reshape long ln_apt, i(isocode y) j(grp)
(j = 1 2 3 4 5 6 7 8 9 10 11 12)

Data                               Wide   ->   Long
-----------------------------------------------------------------------------
Number of observations            3,737   ->   44,844      
Number of variables                  19   ->   9           
j variable (12 values)                    ->   grp
xij variables:
           ln_apt1 ln_apt2 ... ln_apt12   ->   ln_apt
-----------------------------------------------------------------------------

. drop if missing(ln_apt) | missing(ln_gaci_max) | missing(feyrer_int) | missing(lnpop)
(256 observations deleted)

. egen cg = group(isocode grp)

. egen yg = group(y grp)

. egen ygc = group(y grp contid)

. forvalues g = 1/12 {
  2.     gen x`g' = ln_gaci_max * (grp == `g')
  3.     gen z`g' = feyrer_int * (grp == `g')
  4.     gen w`g' = tourism_int * (grp == `g')
  5.     gen p`g' = lnpop * (grp == `g')
  6. }

. global XL ""

. global ZL ""

. global WL ""

. global PL ""

. global PL10 ""

. forvalues g = 1/12 {
  2.     global XL "$XL x`g'"
  3.     global ZL "$ZL z`g'"
  4.     global WL "$WL w`g'"
  5.     global PL "$PL p`g'"
  6.     if `g' <= 10 global PL10 "$PL10 p`g'"
  7. }

. * centred decile rank for the trend specification (deciles only)
. gen rankc = grp - 5.5

. gen xr = ln_gaci_max * rankc

. gen zr = feyrer_int * rankc

. gen wr = tourism_int * rankc

. 
. tempname fh

. file open `fh' using "_gic_stacked_results.csv", write replace

. file write `fh' "block,spec,param,b,se,p,kpf,N" _n

. 
. * ---------- A. OLS stacked ----------
. reghdfe ln_apt $XL $PL, absorb(cg yg) vce(cluster isocode)
(dropped 24 singleton observations)
(MWFE estimator converged in 6 iterations)

HDFE Linear regression                            Number of obs   =     44,564
Absorbing 2 HDFE groups                           F(  24,    162) =       4.48
Statistics robust to heteroskedasticity           Prob > F        =     0.0000
                                                  R-squared       =     0.9955
                                                  Adj R-squared   =     0.9952
                                                  Within R-sq.    =     0.0804
Number of clusters (isocode) =        163         Root MSE        =     0.2323

                              (Std. err. adjusted for 163 clusters in isocode)
------------------------------------------------------------------------------
             |               Robust
      ln_apt | Coefficient  std. err.      t    P>|t|     [95% conf. interval]
-------------+----------------------------------------------------------------
          x1 |   .4184217   .1778832     2.35   0.020     .0671529    .7696906
          x2 |    .800189   .2216054     3.61   0.000     .3625813    1.237797
          x3 |   .6086912   .1465996     4.15   0.000     .3191987    .8981837
          x4 |   .5734612   .1439828     3.98   0.000      .289136    .8577863
          x5 |   .5721292   .1421707     4.02   0.000     .2913825     .852876
          x6 |   .5841657   .1380588     4.23   0.000     .3115388    .8567927
          x7 |   .5992398   .1328879     4.51   0.000      .336824    .8616556
          x8 |   .6301313   .1272019     4.95   0.000     .3789436     .881319
          x9 |   .6673966   .1224836     5.45   0.000     .4255263    .9092669
         x10 |   .7467752   .1164115     6.41   0.000     .5168955    .9766549
         x11 |   .8613221   .1203945     7.15   0.000     .6235773    1.099067
         x12 |   .9602888   .1503602     6.39   0.000     .6633701    1.257208
          p1 |  -.1382835     .16668    -0.83   0.408    -.4674292    .1908622
          p2 |  -.2742572   .1491121    -1.84   0.068    -.5687111    .0201968
          p3 |  -.2578241   .1177126    -2.19   0.030     -.490273   -.0253751
          p4 |   -.252782   .1149779    -2.20   0.029    -.4798306   -.0257334
          p5 |  -.2601829   .1130497    -2.30   0.023    -.4834238   -.0369419
          p6 |  -.2734255    .110707    -2.47   0.015    -.4920404   -.0548106
          p7 |   -.294585   .1112732    -2.65   0.009    -.5143179   -.0748521
          p8 |  -.3173704   .1090024    -2.91   0.004    -.5326192   -.1021216
          p9 |  -.3511588   .1083461    -3.24   0.001    -.5651115   -.1372061
         p10 |  -.4865183   .0967297    -5.03   0.000     -.677532   -.2955046
         p11 |  -.6408109   .1041111    -6.16   0.000    -.8464006   -.4352211
         p12 |  -.8312824   .1309351    -6.35   0.000    -1.089842   -.5727228
       _cons |   18.25883   1.650428    11.06   0.000      14.9997    21.51795
------------------------------------------------------------------------------

Absorbed degrees of freedom:
-----------------------------------------------------+
 Absorbed FE | Categories  - Redundant  = Num. Coefs |
-------------+---------------------------------------|
          cg |      1956        1956           0    *|
          yg |       336           1         335     |
-----------------------------------------------------+
* = FE nested within cluster; treated as redundant for DoF computation

. local nn = e(N)

. forvalues g = 1/12 {
  2.     local b = _b[x`g']
  3.     local se = _se[x`g']
  4.     local p = 2*ttail(e(df_r), abs(`b'/`se'))
  5.     file write `fh' "stacked,OLS,x`g',`b',`se',`p',.,`nn'" _n
  6. }

. test x1=x2=x3=x4=x5=x6=x7=x8=x9=x10

 ( 1)  x1 - x2 = 0
 ( 2)  x1 - x3 = 0
 ( 3)  x1 - x4 = 0
 ( 4)  x1 - x5 = 0
 ( 5)  x1 - x6 = 0
 ( 6)  x1 - x7 = 0
 ( 7)  x1 - x8 = 0
 ( 8)  x1 - x9 = 0
 ( 9)  x1 - x10 = 0

       F(  9,   162) =    1.41
            Prob > F =    0.1882

. file write `fh' "test,OLS,eq_d1_d10,`r(F)',.,`r(p)',.,`nn'" _n

. test x1=x2=x3=x4=x5=x6=x7=x8=x9=x10=x11=x12

 ( 1)  x1 - x2 = 0
 ( 2)  x1 - x3 = 0
 ( 3)  x1 - x4 = 0
 ( 4)  x1 - x5 = 0
 ( 5)  x1 - x6 = 0
 ( 6)  x1 - x7 = 0
 ( 7)  x1 - x8 = 0
 ( 8)  x1 - x9 = 0
 ( 9)  x1 - x10 = 0
 (10)  x1 - x11 = 0
 (11)  x1 - x12 = 0

       F( 11,   162) =    1.28
            Prob > F =    0.2415

. file write `fh' "test,OLS,eq_all12,`r(F)',.,`r(p)',.,`nn'" _n

. lincom x10 - x1

 ( 1)  - x1 + x10 = 0

------------------------------------------------------------------------------
      ln_apt | Coefficient  Std. err.      t    P>|t|     [95% conf. interval]
-------------+----------------------------------------------------------------
         (1) |   .3283534   .1554485     2.11   0.036     .0213868    .6353201
------------------------------------------------------------------------------

. file write `fh' "contrast,OLS,d10_minus_d1,`r(estimate)',`r(se)',`r(p)',.,`nn'" _n

. lincom (x6+x7+x8+x9+x10)/5 - (x1+x2+x3+x4+x5)/5

 ( 1)  - .2*x1 - .2*x2 - .2*x3 - .2*x4 - .2*x5 + .2*x6 + .2*x7 + .2*x8 + .2*x9 + .2*x10 = 0

------------------------------------------------------------------------------
      ln_apt | Coefficient  Std. err.      t    P>|t|     [95% conf. interval]
-------------+----------------------------------------------------------------
         (1) |   .0509633   .0730549     0.70   0.486    -.0932994    .1952259
------------------------------------------------------------------------------

. file write `fh' "contrast,OLS,top50_minus_bot50,`r(estimate)',`r(se)',`r(p)',.,`nn'" _n

. lincom x11 - x10

 ( 1)  - x10 + x11 = 0

------------------------------------------------------------------------------
      ln_apt | Coefficient  Std. err.      t    P>|t|     [95% conf. interval]
-------------+----------------------------------------------------------------
         (1) |   .1145469   .0636566     1.80   0.074    -.0111568    .2402507
------------------------------------------------------------------------------

. file write `fh' "contrast,OLS,t1_minus_d10,`r(estimate)',`r(se)',`r(p)',.,`nn'" _n

. 
. * ---------- B. 2SLS stacked, Feyrer IV ----------
. ivreghdfe ln_apt $PL ($XL = $ZL), absorb(cg yg) cluster(isocode)
(dropped 24 singleton observations)
(MWFE estimator converged in 6 iterations)

IV (2SLS) estimation
--------------------

Estimates efficient for homoskedasticity only
Statistics robust to heteroskedasticity and clustering on isocode

Number of clusters (isocode) =     163                Number of obs =    44564
                                                      F( 24,   162) =     2.83
                                                      Prob > F      =   0.0001
Total (centered) SS     =  2478.942096                Centered R2   =  -0.0188
Total (uncentered) SS   =  2478.942096                Uncentered R2 =  -0.0188
Residual SS             =  2525.478696                Root MSE      =     .239

------------------------------------------------------------------------------
             |               Robust
      ln_apt | Coefficient  std. err.      t    P>|t|     [95% conf. interval]
-------------+----------------------------------------------------------------
          x1 |    .155129   1.695441     0.09   0.927    -3.192885    3.503143
          x2 |  -1.931365   2.204184    -0.88   0.382    -6.284002    2.421272
          x3 |  -.0209266   .6981186    -0.03   0.976    -1.399513    1.357659
          x4 |   .5373297   .5782628     0.93   0.354    -.6045749    1.679234
          x5 |   .6926878   .5492408     1.26   0.209    -.3919067    1.777282
          x6 |   .8874741   .5480396     1.62   0.107    -.1947483    1.969697
          x7 |   1.051925    .546465     1.92   0.056     -.027188    2.131038
          x8 |    1.19425   .5373719     2.22   0.028     .1330928    2.255407
          x9 |   1.334889   .5372565     2.48   0.014     .2739596    2.395817
         x10 |   1.442642   .5131431     2.81   0.006     .4293304    2.455954
         x11 |   1.285425   .5410353     2.38   0.019     .2170343    2.353816
         x12 |   .5783991   .6952922     0.83   0.407    -.7946054    1.951404
          p1 |  -.1370903    .161365    -0.85   0.397    -.4557403    .1815597
          p2 |  -.2622977   .2277015    -1.15   0.251    -.7119434    .1873481
          p3 |  -.2549422   .1113444    -2.29   0.023    -.4748156   -.0350687
          p4 |  -.2526167    .113706    -2.22   0.028    -.4771537   -.0280796
          p5 |  -.2607347   .1169516    -2.23   0.027    -.4916808   -.0297886
          p6 |  -.2748138   .1218192    -2.26   0.025    -.5153721   -.0342555
          p7 |   -.296657   .1299053    -2.28   0.024    -.5531831    -.040131
          p8 |  -.3199525   .1324921    -2.41   0.017    -.5815867   -.0583182
          p9 |   -.354214   .1363935    -2.60   0.010    -.6235524   -.0848757
         p10 |  -.4897034   .1189792    -4.12   0.000    -.7246536   -.2547533
         p11 |  -.6427521   .1085327    -5.92   0.000    -.8570732   -.4284309
         p12 |  -.8295344   .1400136    -5.92   0.000    -1.106022   -.5530473
------------------------------------------------------------------------------
Underidentification test (Kleibergen-Paap rk LM statistic):              0.000
                                                   Chi-sq(1) P-val =    1.0000
------------------------------------------------------------------------------
Weak identification test (Cragg-Donald Wald F statistic):              134.888
                         (Kleibergen-Paap rk Wald F statistic):          0.000
Stock-Yogo weak ID test critical values:                       <not available>
------------------------------------------------------------------------------
Hansen J statistic (overidentification test of all instruments):         0.000
                                                 (equation exactly identified)
------------------------------------------------------------------------------
Instrumented:         x1 x2 x3 x4 x5 x6 x7 x8 x9 x10 x11 x12
Included instruments: p1 p2 p3 p4 p5 p6 p7 p8 p9 p10 p11 p12
Excluded instruments: z1 z2 z3 z4 z5 z6 z7 z8 z9 z10 z11 z12
Partialled-out:       _cons
                      nb: total SS, model F and R2s are after partialling-out;
                          any small-sample adjustments include partialled-out
                          variables in regressor count K
------------------------------------------------------------------------------

Absorbed degrees of freedom:
-----------------------------------------------------+
 Absorbed FE | Categories  - Redundant  = Num. Coefs |
-------------+---------------------------------------|
          cg |      1956        1956           0    *|
          yg |       336           1         335     |
-----------------------------------------------------+
* = FE nested within cluster; treated as redundant for DoF computation

. local nn = e(N)

. local kp = e(widstat)

. forvalues g = 1/12 {
  2.     local b = _b[x`g']
  3.     local se = _se[x`g']
  4.     local p = 2*normal(-abs(`b'/`se'))
  5.     file write `fh' "stacked,IV,x`g',`b',`se',`p',`kp',`nn'" _n
  6. }

. test x1=x2=x3=x4=x5=x6=x7=x8=x9=x10

 ( 1)  x1 - x2 = 0
 ( 2)  x1 - x3 = 0
 ( 3)  x1 - x4 = 0
 ( 4)  x1 - x5 = 0
 ( 5)  x1 - x6 = 0
 ( 6)  x1 - x7 = 0
 ( 7)  x1 - x8 = 0
 ( 8)  x1 - x9 = 0
 ( 9)  x1 - x10 = 0

       F(  9,   162) =    0.67
            Prob > F =    0.7346

. file write `fh' "test,IV,eq_d1_d10,`r(chi2)',.,`r(p)',`kp',`nn'" _n

. test x1=x2=x3=x4=x5=x6=x7=x8=x9=x10=x11=x12

 ( 1)  x1 - x2 = 0
 ( 2)  x1 - x3 = 0
 ( 3)  x1 - x4 = 0
 ( 4)  x1 - x5 = 0
 ( 5)  x1 - x6 = 0
 ( 6)  x1 - x7 = 0
 ( 7)  x1 - x8 = 0
 ( 8)  x1 - x9 = 0
 ( 9)  x1 - x10 = 0
 (10)  x1 - x11 = 0
 (11)  x1 - x12 = 0

       F( 11,   162) =    0.71
            Prob > F =    0.7322

. file write `fh' "test,IV,eq_all12,`r(chi2)',.,`r(p)',`kp',`nn'" _n

. lincom x10 - x1

 ( 1)  - x1 + x10 = 0

------------------------------------------------------------------------------
      ln_apt | Coefficient  Std. err.      t    P>|t|     [95% conf. interval]
-------------+----------------------------------------------------------------
         (1) |   1.287513    1.61322     0.80   0.426    -1.898138    4.473164
------------------------------------------------------------------------------

. file write `fh' "contrast,IV,d10_minus_d1,`r(estimate)',`r(se)',`r(p)',`kp',`nn'" _n

. lincom (x6+x7+x8+x9+x10)/5 - (x1+x2+x3+x4+x5)/5

 ( 1)  - .2*x1 - .2*x2 - .2*x3 - .2*x4 - .2*x5 + .2*x6 + .2*x7 + .2*x8 + .2*x9 + .2*x10 = 0

------------------------------------------------------------------------------
      ln_apt | Coefficient  Std. err.      t    P>|t|     [95% conf. interval]
-------------+----------------------------------------------------------------
         (1) |   1.295665    .764454     1.69   0.092    -.2139144    2.805244
------------------------------------------------------------------------------

. file write `fh' "contrast,IV,top50_minus_bot50,`r(estimate)',`r(se)',`r(p)',`kp',`nn'" _n

. lincom x11 - x10

 ( 1)  - x10 + x11 = 0

------------------------------------------------------------------------------
      ln_apt | Coefficient  Std. err.      t    P>|t|     [95% conf. interval]
-------------+----------------------------------------------------------------
         (1) |  -.1572169   .2743915    -0.57   0.567    -.6990622    .3846284
------------------------------------------------------------------------------

. file write `fh' "contrast,IV,t1_minus_d10,`r(estimate)',`r(se)',`r(p)',`kp',`nn'" _n

. 
. * ---------- C. 2SLS stacked, continent x year x group FE ----------
. ivreghdfe ln_apt $PL ($XL = $ZL), absorb(cg ygc) cluster(isocode)
(dropped 36 singleton observations)
(MWFE estimator converged in 9 iterations)

IV (2SLS) estimation
--------------------

Estimates efficient for homoskedasticity only
Statistics robust to heteroskedasticity and clustering on isocode

Number of clusters (isocode) =     163                Number of obs =    44552
                                                      F( 24,   162) =     1.74
                                                      Prob > F      =   0.0233
Total (centered) SS     =  2063.456838                Centered R2   =  -0.7391
Total (uncentered) SS   =  2063.456838                Uncentered R2 =  -0.7391
Residual SS             =  3588.643927                Root MSE      =    .2917

------------------------------------------------------------------------------
             |               Robust
      ln_apt | Coefficient  std. err.      t    P>|t|     [95% conf. interval]
-------------+----------------------------------------------------------------
          x1 |  -5.245143   4.814301    -1.09   0.278    -14.75202    4.261732
          x2 |   1.893873   3.414085     0.55   0.580    -4.847975    8.635721
          x3 |  -1.633401   2.136821    -0.76   0.446    -5.853016    2.586214
          x4 |  -1.694757   2.059725    -0.82   0.412     -5.76213    2.372615
          x5 |  -1.871604   2.097421    -0.89   0.374    -6.013415    2.270207
          x6 |  -1.959265   2.138244    -0.92   0.361    -6.181688    2.263159
          x7 |  -1.928716   2.117713    -0.91   0.364    -6.110598    2.253165
          x8 |  -1.902127   2.127507    -0.89   0.373    -6.103349    2.299096
          x9 |  -1.777394    2.10953    -0.84   0.401    -5.943116    2.388328
         x10 |  -.4752924   1.599873    -0.30   0.767    -3.634587    2.684002
         x11 |   -.599639    1.88166    -0.32   0.750    -4.315382    3.116104
         x12 |  -.5796945   2.329203    -0.25   0.804    -5.179208    4.019819
          p1 |    1.10399   1.395399     0.79   0.430    -1.651526    3.859507
          p2 |  -.7112193   .8347863    -0.85   0.395    -2.359685    .9372463
          p3 |   .0086742   .6499884     0.01   0.989    -1.274868    1.292217
          p4 |   .0124872   .6288959     0.02   0.984    -1.229403    1.254378
          p5 |   .0447345   .6481367     0.07   0.945    -1.235151     1.32462
          p6 |   .0539582   .6603141     0.08   0.935    -1.249975    1.357891
          p7 |   .0236889   .6496433     0.04   0.971    -1.259172     1.30655
          p8 |   .0021403   .6503523     0.00   0.997    -1.282121    1.286401
          p9 |   -.034316   .6362322    -0.05   0.957    -1.290694    1.222062
         p10 |  -.3813979   .4485458    -0.85   0.396    -1.267148    .5043525
         p11 |  -.4808892   .5325887    -0.90   0.368      -1.5326    .5708221
         p12 |  -.6577687   .6366098    -1.03   0.303    -1.914892    .5993547
------------------------------------------------------------------------------
Underidentification test (Kleibergen-Paap rk LM statistic):              0.000
                                                   Chi-sq(1) P-val =    1.0000
------------------------------------------------------------------------------
Weak identification test (Cragg-Donald Wald F statistic):               17.494
                         (Kleibergen-Paap rk Wald F statistic):          0.000
Stock-Yogo weak ID test critical values:                       <not available>
------------------------------------------------------------------------------
Hansen J statistic (overidentification test of all instruments):         0.000
                                                 (equation exactly identified)
------------------------------------------------------------------------------
Instrumented:         x1 x2 x3 x4 x5 x6 x7 x8 x9 x10 x11 x12
Included instruments: p1 p2 p3 p4 p5 p6 p7 p8 p9 p10 p11 p12
Excluded instruments: z1 z2 z3 z4 z5 z6 z7 z8 z9 z10 z11 z12
Partialled-out:       _cons
                      nb: total SS, model F and R2s are after partialling-out;
                          any small-sample adjustments include partialled-out
                          variables in regressor count K
------------------------------------------------------------------------------

Absorbed degrees of freedom:
-----------------------------------------------------+
 Absorbed FE | Categories  - Redundant  = Num. Coefs |
-------------+---------------------------------------|
          cg |      1956        1956           0    *|
         ygc |      2340           1        2339     |
-----------------------------------------------------+
* = FE nested within cluster; treated as redundant for DoF computation

. local nn = e(N)

. local kp = e(widstat)

. forvalues g = 1/12 {
  2.     local b = _b[x`g']
  3.     local se = _se[x`g']
  4.     local p = 2*normal(-abs(`b'/`se'))
  5.     file write `fh' "stacked,IV_contyear,x`g',`b',`se',`p',`kp',`nn'" _n
  6. }

. test x1=x2=x3=x4=x5=x6=x7=x8=x9=x10

 ( 1)  x1 - x2 = 0
 ( 2)  x1 - x3 = 0
 ( 3)  x1 - x4 = 0
 ( 4)  x1 - x5 = 0
 ( 5)  x1 - x6 = 0
 ( 6)  x1 - x7 = 0
 ( 7)  x1 - x8 = 0
 ( 8)  x1 - x9 = 0
 ( 9)  x1 - x10 = 0

       F(  9,   162) =    0.28
            Prob > F =    0.9789

. file write `fh' "test,IV_contyear,eq_d1_d10,`r(chi2)',.,`r(p)',`kp',`nn'" _n

. lincom x10 - x1

 ( 1)  - x1 + x10 = 0

------------------------------------------------------------------------------
      ln_apt | Coefficient  Std. err.      t    P>|t|     [95% conf. interval]
-------------+----------------------------------------------------------------
         (1) |   4.769851   4.154688     1.15   0.253    -3.434478    12.97418
------------------------------------------------------------------------------

. file write `fh' "contrast,IV_contyear,d10_minus_d1,`r(estimate)',`r(se)',`r(p)',`kp',`nn'" _n

. lincom (x6+x7+x8+x9+x10)/5 - (x1+x2+x3+x4+x5)/5

 ( 1)  - .2*x1 - .2*x2 - .2*x3 - .2*x4 - .2*x5 + .2*x6 + .2*x7 + .2*x8 + .2*x9 + .2*x10 = 0

------------------------------------------------------------------------------
      ln_apt | Coefficient  Std. err.      t    P>|t|     [95% conf. interval]
-------------+----------------------------------------------------------------
         (1) |   .1016478   1.172516     0.09   0.931    -2.213738    2.417034
------------------------------------------------------------------------------

. file write `fh' "contrast,IV_contyear,top50_minus_bot50,`r(estimate)',`r(se)',`r(p)',`kp',`nn'" _n

. 
. * ---------- D. 2SLS stacked, tourism IV ----------
. ivreghdfe ln_apt $PL ($XL = $WL), absorb(cg yg) cluster(isocode)
(dropped 24 singleton observations)
(MWFE estimator converged in 6 iterations)

IV (2SLS) estimation
--------------------

Estimates efficient for homoskedasticity only
Statistics robust to heteroskedasticity and clustering on isocode

Number of clusters (isocode) =     163                Number of obs =    44564
                                                      F( 24,   162) =     2.40
                                                      Prob > F      =   0.0007
Total (centered) SS     =  2478.942096                Centered R2   =  -0.1769
Total (uncentered) SS   =  2478.942096                Uncentered R2 =  -0.1769
Residual SS             =  2917.468764                Root MSE      =    .2569

------------------------------------------------------------------------------
             |               Robust
      ln_apt | Coefficient  std. err.      t    P>|t|     [95% conf. interval]
-------------+----------------------------------------------------------------
          x1 |  -2.202069   3.259018    -0.68   0.500    -8.637704    4.233566
          x2 |    2.99719   3.258112     0.92   0.359    -3.436655    9.431034
          x3 |  -.3396543   1.320443    -0.26   0.797    -2.947153    2.267845
          x4 |  -.5154367    1.24245    -0.41   0.679    -2.968923     1.93805
          x5 |  -.7165057    1.29022    -0.56   0.579    -3.264323    1.831312
          x6 |  -.8204068    1.32662    -0.62   0.537    -3.440104     1.79929
          x7 |  -.8577368   1.342977    -0.64   0.524    -3.509736    1.794262
          x8 |  -.8436968   1.346434    -0.63   0.532    -3.502522    1.815128
          x9 |  -.8012413   1.349364    -0.59   0.553    -3.465852    1.863369
         x10 |  -.0125416   1.120366    -0.01   0.991    -2.224947    2.199864
         x11 |   .6045292   1.186556     0.51   0.611    -1.738583    2.947641
         x12 |   1.937853   1.639791     1.18   0.239    -1.300268    5.175974
          p1 |  -.1264077   .2446492    -0.52   0.606    -.6095204     .356705
          p2 |  -.2838763   .2811054    -1.01   0.314    -.8389795     .271227
          p3 |  -.2534833   .1178797    -2.15   0.033    -.4862623   -.0207043
          p4 |   -.247798   .1172002    -2.11   0.036     -.479235   -.0163609
          p5 |  -.2542846   .1266061    -2.01   0.046    -.5042956   -.0042735
          p6 |  -.2669965   .1326172    -2.01   0.046    -.5288777   -.0051153
          p7 |  -.2879162   .1343148    -2.14   0.034    -.5531498   -.0226825
          p8 |  -.3106244   .1373484    -2.26   0.025    -.5818485   -.0394004
          p9 |  -.3444366   .1395481    -2.47   0.015    -.6200045   -.0688687
         p10 |  -.4830428   .1102906    -4.38   0.000    -.7008354   -.2652502
         p11 |  -.6396355   .1072635    -5.96   0.000    -.8514504   -.4278206
         p12 |  -.8357569    .143457    -5.83   0.000    -1.119044     -.55247
------------------------------------------------------------------------------
Underidentification test (Kleibergen-Paap rk LM statistic):              0.000
                                                   Chi-sq(1) P-val =    1.0000
------------------------------------------------------------------------------
Weak identification test (Cragg-Donald Wald F statistic):               21.919
                         (Kleibergen-Paap rk Wald F statistic):          0.000
Stock-Yogo weak ID test critical values:                       <not available>
------------------------------------------------------------------------------
Hansen J statistic (overidentification test of all instruments):         0.000
                                                 (equation exactly identified)
------------------------------------------------------------------------------
Instrumented:         x1 x2 x3 x4 x5 x6 x7 x8 x9 x10 x11 x12
Included instruments: p1 p2 p3 p4 p5 p6 p7 p8 p9 p10 p11 p12
Excluded instruments: w1 w2 w3 w4 w5 w6 w7 w8 w9 w10 w11 w12
Partialled-out:       _cons
                      nb: total SS, model F and R2s are after partialling-out;
                          any small-sample adjustments include partialled-out
                          variables in regressor count K
------------------------------------------------------------------------------

Absorbed degrees of freedom:
-----------------------------------------------------+
 Absorbed FE | Categories  - Redundant  = Num. Coefs |
-------------+---------------------------------------|
          cg |      1956        1956           0    *|
          yg |       336           1         335     |
-----------------------------------------------------+
* = FE nested within cluster; treated as redundant for DoF computation

. local nn = e(N)

. local kp = e(widstat)

. forvalues g = 1/12 {
  2.     local b = _b[x`g']
  3.     local se = _se[x`g']
  4.     local p = 2*normal(-abs(`b'/`se'))
  5.     file write `fh' "stacked,IV_tourism,x`g',`b',`se',`p',`kp',`nn'" _n
  6. }

. test x1=x2=x3=x4=x5=x6=x7=x8=x9=x10

 ( 1)  x1 - x2 = 0
 ( 2)  x1 - x3 = 0
 ( 3)  x1 - x4 = 0
 ( 4)  x1 - x5 = 0
 ( 5)  x1 - x6 = 0
 ( 6)  x1 - x7 = 0
 ( 7)  x1 - x8 = 0
 ( 8)  x1 - x9 = 0
 ( 9)  x1 - x10 = 0

       F(  9,   162) =    0.31
            Prob > F =    0.9696

. file write `fh' "test,IV_tourism,eq_d1_d10,`r(chi2)',.,`r(p)',`kp',`nn'" _n

. lincom x10 - x1

 ( 1)  - x1 + x10 = 0

------------------------------------------------------------------------------
      ln_apt | Coefficient  Std. err.      t    P>|t|     [95% conf. interval]
-------------+----------------------------------------------------------------
         (1) |   2.189527   2.885898     0.76   0.449    -3.509301    7.888356
------------------------------------------------------------------------------

. file write `fh' "contrast,IV_tourism,d10_minus_d1,`r(estimate)',`r(se)',`r(p)',`kp',`nn'" _n

. 
. * ---------- E. linear trend across deciles (deciles only) ----------
. preserve

. keep if grp <= 10
(7,432 observations deleted)

. reghdfe ln_apt ln_gaci_max xr $PL10, absorb(cg yg) vce(cluster isocode)
(dropped 20 singleton observations)
(MWFE estimator converged in 6 iterations)

HDFE Linear regression                            Number of obs   =     37,136
Absorbing 2 HDFE groups                           F(  12,    162) =       5.97
Statistics robust to heteroskedasticity           Prob > F        =     0.0000
                                                  R-squared       =     0.9944
                                                  Adj R-squared   =     0.9941
                                                  Within R-sq.    =     0.0599
Number of clusters (isocode) =        163         Root MSE        =     0.2344

                              (Std. err. adjusted for 163 clusters in isocode)
------------------------------------------------------------------------------
             |               Robust
      ln_apt | Coefficient  std. err.      t    P>|t|     [95% conf. interval]
-------------+----------------------------------------------------------------
 ln_gaci_max |   .6200633   .1333443     4.65   0.000     .3567461    .8833804
          xr |   .0134657   .0155699     0.86   0.388    -.0172804    .0442119
          p1 |  -.1389227   .1700401    -0.82   0.415    -.4747036    .1968582
          p2 |  -.2732622   .1434077    -1.91   0.058    -.5564517    .0099273
          p3 |   -.257722   .1170423    -2.20   0.029    -.4888472   -.0265968
          p4 |  -.2529029   .1158479    -2.18   0.030    -.4816695   -.0241362
          p5 |  -.2603714   .1143485    -2.28   0.024    -.4861773   -.0345656
          p6 |  -.2736206   .1120077    -2.44   0.016    -.4948041   -.0524372
          p7 |  -.2947728   .1125816    -2.62   0.010    -.5170894   -.0724561
          p8 |  -.3174784   .1096824    -2.89   0.004    -.5340699   -.1008869
          p9 |  -.3511579    .108337    -3.24   0.001    -.5650927   -.1372231
         p10 |  -.4862157   .0962079    -5.05   0.000     -.676199   -.2962324
       _cons |   16.38711   1.792068     9.14   0.000     12.84828    19.92593
------------------------------------------------------------------------------

Absorbed degrees of freedom:
-----------------------------------------------------+
 Absorbed FE | Categories  - Redundant  = Num. Coefs |
-------------+---------------------------------------|
          cg |      1630        1630           0    *|
          yg |       280           1         279     |
-----------------------------------------------------+
* = FE nested within cluster; treated as redundant for DoF computation

. local nn = e(N)

. local b = _b[ln_gaci_max]

. local se = _se[ln_gaci_max]

. local p = 2*ttail(e(df_r), abs(`b'/`se'))

. file write `fh' "trend,OLS,level_at_median,`b',`se',`p',.,`nn'" _n

. local b = _b[xr]

. local se = _se[xr]

. local p = 2*ttail(e(df_r), abs(`b'/`se'))

. file write `fh' "trend,OLS,slope_per_decile,`b',`se',`p',.,`nn'" _n

. ivreghdfe ln_apt $PL10 (ln_gaci_max xr = feyrer_int zr), absorb(cg yg) cluster(isocode)
(dropped 20 singleton observations)
(MWFE estimator converged in 6 iterations)

IV (2SLS) estimation
--------------------

Estimates efficient for homoskedasticity only
Statistics robust to heteroskedasticity and clustering on isocode

Number of clusters (isocode) =     163                Number of obs =    37136
                                                      F( 12,   162) =     4.24
                                                      Prob > F      =   0.0000
Total (centered) SS     =  2058.554491                Centered R2   =  -0.0000
Total (uncentered) SS   =  2058.554491                Uncentered R2 =  -0.0000
Residual SS             =  2058.630029                Root MSE      =    .2364

------------------------------------------------------------------------------
             |               Robust
      ln_apt | Coefficient  std. err.      t    P>|t|     [95% conf. interval]
-------------+----------------------------------------------------------------
 ln_gaci_max |    .534858   .6217674     0.86   0.391    -.6929558    1.762672
          xr |   .2559734   .1639594     1.56   0.120    -.0677999    .5797466
          p1 |   -.133591   .1682488    -0.79   0.428    -.4658346    .1986526
          p2 |   -.269173   .1465281    -1.84   0.068    -.5585243    .0201784
          p3 |   -.254557   .1124547    -2.26   0.025    -.4766231    -.032491
          p4 |  -.2508479   .1065869    -2.35   0.020    -.4613266   -.0403691
          p5 |  -.2594264    .108716    -2.39   0.018    -.4741097   -.0447432
          p6 |  -.2737856   .1130066    -2.42   0.017    -.4969416   -.0506297
          p7 |  -.2960478   .1234503    -2.40   0.018     -.539827   -.0522686
          p8 |  -.3198634      .1315    -2.43   0.016    -.5795386   -.0601882
          p9 |  -.3546529   .1419319    -2.50   0.013     -.634928   -.0743778
         p10 |  -.4908207   .1322987    -3.71   0.000     -.752073   -.2295684
------------------------------------------------------------------------------
Underidentification test (Kleibergen-Paap rk LM statistic):              9.609
                                                   Chi-sq(1) P-val =    0.0019
------------------------------------------------------------------------------
Weak identification test (Cragg-Donald Wald F statistic):              677.150
                         (Kleibergen-Paap rk Wald F statistic):          5.249
Stock-Yogo weak ID test critical values: 10% maximal IV size              7.03
                                         15% maximal IV size              4.58
                                         20% maximal IV size              3.95
                                         25% maximal IV size              3.63
Source: Stock-Yogo (2005).  Reproduced by permission.
NB: Critical values are for Cragg-Donald F statistic and i.i.d. errors.
------------------------------------------------------------------------------
Hansen J statistic (overidentification test of all instruments):         0.000
                                                 (equation exactly identified)
------------------------------------------------------------------------------
Instrumented:         ln_gaci_max xr
Included instruments: p1 p2 p3 p4 p5 p6 p7 p8 p9 p10
Excluded instruments: feyrer_int zr
Partialled-out:       _cons
                      nb: total SS, model F and R2s are after partialling-out;
                          any small-sample adjustments include partialled-out
                          variables in regressor count K
------------------------------------------------------------------------------

Absorbed degrees of freedom:
-----------------------------------------------------+
 Absorbed FE | Categories  - Redundant  = Num. Coefs |
-------------+---------------------------------------|
          cg |      1630        1630           0    *|
          yg |       280           1         279     |
-----------------------------------------------------+
* = FE nested within cluster; treated as redundant for DoF computation

. local nn = e(N)

. local kp = e(widstat)

. local b = _b[ln_gaci_max]

. local se = _se[ln_gaci_max]

. local p = 2*normal(-abs(`b'/`se'))

. file write `fh' "trend,IV,level_at_median,`b',`se',`p',`kp',`nn'" _n

. local b = _b[xr]

. local se = _se[xr]

. local p = 2*normal(-abs(`b'/`se'))

. file write `fh' "trend,IV,slope_per_decile,`b',`se',`p',`kp',`nn'" _n

. ivreghdfe ln_apt $PL10 (ln_gaci_max xr = feyrer_int zr), absorb(cg ygc) cluster(isocode)
(dropped 30 singleton observations)
(MWFE estimator converged in 9 iterations)

IV (2SLS) estimation
--------------------

Estimates efficient for homoskedasticity only
Statistics robust to heteroskedasticity and clustering on isocode

Number of clusters (isocode) =     163                Number of obs =    37126
                                                      F( 12,   162) =     1.65
                                                      Prob > F      =   0.0832
Total (centered) SS     =  1704.876553                Centered R2   =  -0.5778
Total (uncentered) SS   =  1704.876553                Uncentered R2 =  -0.5778
Residual SS             =  2689.893023                Root MSE      =    .2766

------------------------------------------------------------------------------
             |               Robust
      ln_apt | Coefficient  std. err.      t    P>|t|     [95% conf. interval]
-------------+----------------------------------------------------------------
 ln_gaci_max |  -1.659412   2.047995    -0.81   0.419     -5.70362    2.384795
          xr |   .0914749   .2597292     0.35   0.725    -.4214164    .6043662
          p1 |    .424774   .7956594     0.53   0.594    -1.146427    1.995975
          p2 |   .1173833   .7797301     0.15   0.881    -1.422362    1.657129
          p3 |   .0631747    .712844     0.09   0.929     -1.34449    1.470839
          p4 |   .0342847   .6658344     0.05   0.959    -1.280549    1.349118
          p5 |   .0091166   .6333527     0.01   0.989    -1.241575    1.259808
          p6 |  -.0199912   .6058271    -0.03   0.974    -1.216327    1.176345
          p7 |  -.0632976   .5808896    -0.11   0.913    -1.210389    1.083794
          p8 |  -.0987303   .5664832    -0.17   0.862    -1.217374    1.019913
          p9 |    -.12807   .5570341    -0.23   0.818    -1.228054    .9719139
         p10 |  -.2161019   .5663409    -0.38   0.703    -1.334464    .9022604
------------------------------------------------------------------------------
Underidentification test (Kleibergen-Paap rk LM statistic):              1.995
                                                   Chi-sq(1) P-val =    0.1578
------------------------------------------------------------------------------
Weak identification test (Cragg-Donald Wald F statistic):               87.519
                         (Kleibergen-Paap rk Wald F statistic):          1.156
Stock-Yogo weak ID test critical values: 10% maximal IV size              7.03
                                         15% maximal IV size              4.58
                                         20% maximal IV size              3.95
                                         25% maximal IV size              3.63
Source: Stock-Yogo (2005).  Reproduced by permission.
NB: Critical values are for Cragg-Donald F statistic and i.i.d. errors.
------------------------------------------------------------------------------
Hansen J statistic (overidentification test of all instruments):         0.000
                                                 (equation exactly identified)
------------------------------------------------------------------------------
Instrumented:         ln_gaci_max xr
Included instruments: p1 p2 p3 p4 p5 p6 p7 p8 p9 p10
Excluded instruments: feyrer_int zr
Partialled-out:       _cons
                      nb: total SS, model F and R2s are after partialling-out;
                          any small-sample adjustments include partialled-out
                          variables in regressor count K
------------------------------------------------------------------------------

Absorbed degrees of freedom:
-----------------------------------------------------+
 Absorbed FE | Categories  - Redundant  = Num. Coefs |
-------------+---------------------------------------|
          cg |      1630        1630           0    *|
         ygc |      1950           1        1949     |
-----------------------------------------------------+
* = FE nested within cluster; treated as redundant for DoF computation

. local nn = e(N)

. local kp = e(widstat)

. local b = _b[ln_gaci_max]

. local se = _se[ln_gaci_max]

. local p = 2*normal(-abs(`b'/`se'))

. file write `fh' "trend,IV_contyear,level_at_median,`b',`se',`p',`kp',`nn'" _n

. local b = _b[xr]

. local se = _se[xr]

. local p = 2*normal(-abs(`b'/`se'))

. file write `fh' "trend,IV_contyear,slope_per_decile,`b',`se',`p',`kp',`nn'" _n

. ivreghdfe ln_apt $PL10 (ln_gaci_max xr = tourism_int wr), absorb(cg yg) cluster(isocode)
(dropped 20 singleton observations)
(MWFE estimator converged in 6 iterations)

IV (2SLS) estimation
--------------------

Estimates efficient for homoskedasticity only
Statistics robust to heteroskedasticity and clustering on isocode

Number of clusters (isocode) =     163                Number of obs =    37136
                                                      F( 12,   162) =     2.57
                                                      Prob > F      =   0.0038
Total (centered) SS     =  2058.554491                Centered R2   =  -0.0757
Total (uncentered) SS   =  2058.554491                Uncentered R2 =  -0.0757
Residual SS             =  2214.350728                Root MSE      =    .2452

------------------------------------------------------------------------------
             |               Robust
      ln_apt | Coefficient  std. err.      t    P>|t|     [95% conf. interval]
-------------+----------------------------------------------------------------
 ln_gaci_max |   -.411762   1.281423    -0.32   0.748    -2.942209    2.118685
          xr |  -.0638107   .2382581    -0.27   0.789    -.5343027    .4066813
          p1 |  -.1358225   .1613849    -0.84   0.401    -.4545119    .1828668
          p2 |  -.2699287   .1435638    -1.88   0.062    -.5534265     .013569
          p3 |  -.2538834   .1157262    -2.19   0.030    -.4824098   -.0253571
          p4 |  -.2487106    .111206    -2.24   0.027    -.4683109   -.0291103
          p5 |  -.2558255   .1132596    -2.26   0.025     -.479481   -.0321699
          p6 |  -.2687209   .1153155    -2.33   0.021    -.4964362   -.0410057
          p7 |  -.2895194   .1175489    -2.46   0.015     -.521645   -.0573938
          p8 |  -.3118713   .1230796    -2.53   0.012    -.5549186    -.068824
          p9 |  -.3451971   .1303573    -2.65   0.009    -.6026158   -.0877784
         p10 |  -.4799012   .1486514    -3.23   0.002    -.7734454   -.1863569
------------------------------------------------------------------------------
Underidentification test (Kleibergen-Paap rk LM statistic):              3.076
                                                   Chi-sq(1) P-val =    0.0795
------------------------------------------------------------------------------
Weak identification test (Cragg-Donald Wald F statistic):              110.276
                         (Kleibergen-Paap rk Wald F statistic):          1.702
Stock-Yogo weak ID test critical values: 10% maximal IV size              7.03
                                         15% maximal IV size              4.58
                                         20% maximal IV size              3.95
                                         25% maximal IV size              3.63
Source: Stock-Yogo (2005).  Reproduced by permission.
NB: Critical values are for Cragg-Donald F statistic and i.i.d. errors.
------------------------------------------------------------------------------
Hansen J statistic (overidentification test of all instruments):         0.000
                                                 (equation exactly identified)
------------------------------------------------------------------------------
Instrumented:         ln_gaci_max xr
Included instruments: p1 p2 p3 p4 p5 p6 p7 p8 p9 p10
Excluded instruments: tourism_int wr
Partialled-out:       _cons
                      nb: total SS, model F and R2s are after partialling-out;
                          any small-sample adjustments include partialled-out
                          variables in regressor count K
------------------------------------------------------------------------------

Absorbed degrees of freedom:
-----------------------------------------------------+
 Absorbed FE | Categories  - Redundant  = Num. Coefs |
-------------+---------------------------------------|
          cg |      1630        1630           0    *|
          yg |       280           1         279     |
-----------------------------------------------------+
* = FE nested within cluster; treated as redundant for DoF computation

. local nn = e(N)

. local kp = e(widstat)

. local b = _b[ln_gaci_max]

. local se = _se[ln_gaci_max]

. local p = 2*normal(-abs(`b'/`se'))

. file write `fh' "trend,IV_tourism,level_at_median,`b',`se',`p',`kp',`nn'" _n

. local b = _b[xr]

. local se = _se[xr]

. local p = 2*normal(-abs(`b'/`se'))

. file write `fh' "trend,IV_tourism,slope_per_decile,`b',`se',`p',`kp',`nn'" _n

. restore

. 
. file close `fh'

. log close _all
      name:  <unnamed>
       log:  C:\Users\sunbi\managi-lab Dropbox\Sunbin Yoo\Research Box ^-^\2026\GACI\GACI_Inequality\12b_gic_stacked_run.log
  log type:  text
 closed on:  28 Sep 2026, 16:30:40
---------------------------------------------------------------------------------------------------------------------------------------------------------------------------------------------------------------------------------------------------------------

. 
end of do-file
