
  ___  ____  ____  ____  ____ ®
 /__    /   ____/   /   ____/      StataNow 19.5
___/   /   /___/   /   /___/       SE—Standard Edition

 Statistics and Data Science       Copyright 1985-2025 StataCorp LLC
                                   StataCorp
                                   4905 Lakeway Drive
                                   College Station, Texas 77845 USA
                                   800-782-8272        https://www.stata.com
                                   979-696-4600        service@stata.com

Stata license: Unlimited-user network, expiring 16 May 2027
Serial number: 401909343485
  Licensed to: Sunbin Yoo
               SKKU

Notes:
      1. Stata is running in batch mode.
      2. Unicode is supported; see help unicode_advice.
      3. Maximum number of variables is set to 5,000 but can be increased;
          see help set_maxvar.

. do _install_acreg.do 

. ssc install acreg, replace
checking acreg consistency and verifying not already installed...
installing into C:\Users\sunbi\ado\plus\...
installation complete.

. which acreg
C:\Users\sunbi\ado\plus\a\acreg.ado
*! Version December 2020  (1.1.0)
*! ACREG: Arbitrary Correlation Regression
*! Authors: F. Colella, R. Lalive, S.O. Sakalli, M. Thoenig

. 
end of do-file
