C:\Users\sunbi\AppData\Local\Programs\Python\Python313\Lib\site-packages\pandas\core\arraylike.py:399: RuntimeWarning: divide by zero encountered in log
  result = getattr(ufunc, method)(*inputs, **kwargs)
airport ISO3 assignment sources: {'patch': 9, 'ourairports': 6122, 'coords_name': 65, 'none': 160} | unassigned airports: 160
GACI airport-years 101,049; with emissions 100,935 (99.89%)
wrote airport_co2_panel.csv: 97,165 airport-years, 5,354 airports, 236 countries

(A) Top-15 airports 2023, attributed (bunker) emissions:
airport_iata iso3   Mt  sh_bunker  sh_lto  gap_pp  intl_share_skm
         DXB  ARE 19.7       2.32    1.21    1.11            1.00
         LHR  GBR 18.6       2.19    1.03    1.17            0.99
         LAX  USA 16.4       1.94    0.94    0.99            0.57
         JFK  USA 14.3       1.68    0.83    0.85            0.76
         DOH  QAT 12.3       1.46    0.73    0.73            1.00
         ICN  KOR 12.1       1.43    0.84    0.59            1.00
         SIN  SGP 12.1       1.42    0.77    0.66            1.00
         FRA  DEU 12.1       1.42    0.82    0.61            0.99
         CDG  FRA 11.9       1.41    0.84    0.57            0.98
         PVG  CHN 11.2       1.32    0.96    0.36            0.53
         ORD  USA 10.8       1.27    0.98    0.29            0.49
         IST  TUR 10.4       1.23    0.96    0.27            0.94
         HKG  HKG 10.4       1.23    0.75    0.48            1.00
         SFO  USA 10.2       1.21    0.61    0.60            0.59
         AMS  NLD  9.5       1.12    0.84    0.28            1.00

largest positive attribution gap (pp): [('LHR', 1.17), ('DXB', 1.11), ('LAX', 0.99), ('JFK', 0.85), ('DOH', 0.73), ('SIN', 0.66), ('FRA', 0.61), ('SFO', 0.6), ('ICN', 0.59), ('CDG', 0.57)]
largest negative attribution gap (pp): [('SHA', -0.2), ('CLT', -0.16), ('XIY', -0.14), ('SZX', -0.14), ('CJU', -0.14), ('HGH', -0.13), ('KMG', -0.13), ('FUK', -0.13), ('CKG', -0.12), ('WUH', -0.12)]

(C) CO2 per 1,000 seat-km (median, kg) by GACI ventile, 2023:
         ln_gaci       kg   intl    n
ln_gaci                              
0         -0.794  283.918  0.010  191
1         -0.705  182.579  0.016  192
2         -0.647  166.744  0.016  190
3         -0.606  189.827  0.039  191
4         -0.573  162.828  0.105  191
5         -0.548  173.675  0.065  191
6         -0.516  150.468  0.088  190
7         -0.490  154.166  0.081  191
8         -0.465  135.236  0.077  191
9         -0.443  142.023  0.121  191
10        -0.420  107.900  0.116  191
11        -0.393   96.644  0.197  191
12        -0.360   94.892  0.221  191
13        -0.323   90.441  0.220  190
14        -0.283   85.302  0.329  191
15        -0.228   84.059  0.357  191
16        -0.155   80.620  0.459  191
17        -0.018   77.219  0.539  191
18         0.183   78.598  0.493  191
19         0.609   77.539  0.599  191
