wrote CO2_efficiency_curve.png
 q    med     lo     hi  intl
 0 283.92 258.42 329.58  0.01
 1 182.58 170.89 205.20  0.02
 2 166.74 153.21 179.44  0.02
 3 189.83 175.73 206.85  0.04
 4 162.83 149.97 178.72  0.10
 5 173.67 159.08 192.58  0.06
 6 150.47 139.77 171.84  0.09
 7 154.17 145.82 171.29  0.08
 8 135.24 125.60 154.41  0.08
 9 142.02 128.28 151.67  0.12
10 107.90  98.93 119.03  0.12
11  96.64  90.05 100.27  0.20
12  94.89  91.55 100.78  0.22
13  90.44  87.47  94.97  0.22
14  85.30  82.08  88.32  0.33
15  84.06  81.67  87.47  0.36
16  80.62  78.93  82.69  0.46
17  77.22  75.59  79.27  0.54
18  78.60  76.09  80.61  0.49
19  77.54  76.10  79.41  0.60
