--------------------------------------------------------------------------------------------------------------------------------------------------------------------------------------------------------
      name:  <unnamed>
       log:  C:\Users\sunbi\managi-lab Dropbox\Sunbin Yoo\Research Box ^-^\2026\GACI\GACI_FuelShock\stata_paper\03_leakage_run.log
  log type:  text
 opened on:   3 Oct 2026, 09:22:14

. cap which reghdfe

. if _rc ssc install reghdfe

. cap which ftools

. if _rc ssc install ftools

. cap which esttab

. if _rc ssc install estout

. cap which sdid

. if _rc ssc install sdid

. estimates clear

. 
. * =====================================================================================
. * A. Baseline with adjacent-country airports removed from the controls (monthly stack, first tax year)
. * =====================================================================================
. use "stack_month.dta", clear

. gen ctrl_eur = inlist(iso3, "DEU", "AUT", "NLD", "BEL", "LUX", "FRA", "IRL", "GBR", "CHE") | inlist(iso3, "SWE", "NOR", "DNK", "FIN", "ISL", "PRT", "ESP", "GRC", "HUN") | inlist(iso3, "HRV", "MLT")

. gen byte nbr = 0

. replace nbr = 1 if stk == 0 & inlist(iso3, "DEU", "BEL")
(3,107 real changes made)

. replace nbr = 1 if stk == 1 & inlist(iso3, "GBR")
(1,318 real changes made)

. replace nbr = 1 if stk == 2 & inlist(iso3, "NLD", "BEL", "LUX", "FRA", "CHE", "AUT", "CZE", "POL", "DNK")
(2,652 real changes made)

. replace nbr = 1 if stk == 3 & inlist(iso3, "DEU", "CHE", "ITA", "SVN", "HUN", "SVK", "CZE")
(2,087 real changes made)

. replace nbr = 1 if stk == 4 & inlist(iso3, "SWE", "DNK", "FIN")
(3,023 real changes made)

. replace nbr = 1 if stk == 5 & inlist(iso3, "NOR", "DNK", "FIN")
(3,554 real changes made)

. replace nbr = 1 if stk == 6 & inlist(iso3, "IRL", "FRA", "NLD", "BEL")
(1,789 real changes made)

. replace nbr = 1 if stk == 7 & inlist(iso3, "DEU", "SWE", "NOR")
(3,890 real changes made)

. replace nbr = 1 if stk == 8 & inlist(iso3, "ITA")
(403 real changes made)

. replace nbr = 0 if treat == 1
(0 real changes made)

. gen tp = treat * post1

. gen bp = border * post1

. gen hub = (w0 >= 1000000)

. gen nbr_hub = nbr * hub * (border == 0)

. gen nbr_nonhub = nbr * (1 - hub) * (border == 0)

. gen nhp = nbr_hub * post1

. gen nnp = nbr_nonhub * post1

. * A0 reference: Table 4 col 1 and Table 2 col 1 as in 01_main.do
. reghdfe ln_co2 tp bp lngdp lnpop if eur == 1 & stk != 0 & donut == 0 & post2 == 0 & (treat == 1 | border == 1 | ctrl_eur == 1), absorb(fe_u fe_t) vce(cluster iso3n)
(dropped 1450 singleton observations)
(MWFE estimator converged in 6 iterations)

HDFE Linear regression                            Number of obs   =     94,670
Absorbing 2 HDFE groups                           F(   4,     28) =       2.24
Statistics robust to heteroskedasticity           Prob > F        =     0.0899
                                                  R-squared       =     0.9882
                                                  Adj R-squared   =     0.9837
                                                  Within R-sq.    =     0.0048
Number of clusters (iso3n)   =         29         Root MSE        =     0.3165

                                 (Std. err. adjusted for 29 clusters in iso3n)
------------------------------------------------------------------------------
             |               Robust
      ln_co2 | Coefficient  std. err.      t    P>|t|     [95% conf. interval]
-------------+----------------------------------------------------------------
          tp |  -.0939462   .0477582    -1.97   0.059    -.1917745    .0038821
          bp |   .0107331   .0357043     0.30   0.766    -.0624037      .08387
       lngdp |   .2074699    .179067     1.16   0.256    -.1593322    .5742719
       lnpop |   1.023603   1.338408     0.76   0.451    -1.718002    3.765209
       _cons |  -8.509274   23.22101    -0.37   0.717    -56.07535     39.0568
------------------------------------------------------------------------------

Absorbed degrees of freedom:
-----------------------------------------------------+
 Absorbed FE | Categories  - Redundant  = Num. Coefs |
-------------+---------------------------------------|
        fe_u |     25638       25638           0    *|
        fe_t |       364           1         363     |
-----------------------------------------------------+
* = FE nested within cluster; treated as redundant for DoF computation

. eststo A0_co2

. reghdfe ln_seats tp bp lngdp lnpop if eur == 1 & stk != 0 & donut == 0 & post2 == 0 & (treat == 1 | border == 1 | ctrl_eur == 1), absorb(fe_u fe_t) vce(cluster iso3n)
(dropped 1450 singleton observations)
(MWFE estimator converged in 6 iterations)

HDFE Linear regression                            Number of obs   =     94,670
Absorbing 2 HDFE groups                           F(   4,     28) =       2.19
Statistics robust to heteroskedasticity           Prob > F        =     0.0962
                                                  R-squared       =     0.9858
                                                  Adj R-squared   =     0.9804
                                                  Within R-sq.    =     0.0061
Number of clusters (iso3n)   =         29         Root MSE        =     0.2976

                                 (Std. err. adjusted for 29 clusters in iso3n)
------------------------------------------------------------------------------
             |               Robust
    ln_seats | Coefficient  std. err.      t    P>|t|     [95% conf. interval]
-------------+----------------------------------------------------------------
          tp |  -.0903195   .0491174    -1.84   0.077     -.190932    .0102929
          bp |   -.000963   .0277989    -0.03   0.973    -.0579065    .0559805
       lngdp |   .2644356   .1675658     1.58   0.126    -.0788074    .6076786
       lnpop |   .9765232   1.212044     0.81   0.427    -1.506237    3.459284
       _cons |  -13.44166   20.73932    -0.65   0.522    -55.92424    29.04091
------------------------------------------------------------------------------

Absorbed degrees of freedom:
-----------------------------------------------------+
 Absorbed FE | Categories  - Redundant  = Num. Coefs |
-------------+---------------------------------------|
        fe_u |     25638       25638           0    *|
        fe_t |       364           1         363     |
-----------------------------------------------------+
* = FE nested within cluster; treated as redundant for DoF computation

. eststo A0_seats

. * A1 drop non-border airports of adjacent countries (border ring kept as its own group)
. reghdfe ln_co2 tp bp lngdp lnpop if eur == 1 & stk != 0 & donut == 0 & post2 == 0 & (treat == 1 | border == 1 | (ctrl_eur == 1 & nbr == 0)), absorb(fe_u fe_t) vce(cluster iso3n)
(dropped 1370 singleton observations)
(MWFE estimator converged in 6 iterations)

HDFE Linear regression                            Number of obs   =     91,773
Absorbing 2 HDFE groups                           F(   4,     28) =       2.39
Statistics robust to heteroskedasticity           Prob > F        =     0.0752
                                                  R-squared       =     0.9882
                                                  Adj R-squared   =     0.9838
                                                  Within R-sq.    =     0.0050
Number of clusters (iso3n)   =         29         Root MSE        =     0.3162

                                 (Std. err. adjusted for 29 clusters in iso3n)
------------------------------------------------------------------------------
             |               Robust
      ln_co2 | Coefficient  std. err.      t    P>|t|     [95% conf. interval]
-------------+----------------------------------------------------------------
          tp |  -.0986378   .0486788    -2.03   0.052    -.1983517    .0010761
          bp |   .0081067   .0355566     0.23   0.821    -.0647278    .0809412
       lngdp |   .2089008   .1789037     1.17   0.253    -.1575668    .5753684
       lnpop |   .9725168   1.363788     0.71   0.482    -1.821077    3.766111
       _cons |   -7.71034   23.73502    -0.32   0.748    -56.32933    40.90865
------------------------------------------------------------------------------

Absorbed degrees of freedom:
-----------------------------------------------------+
 Absorbed FE | Categories  - Redundant  = Num. Coefs |
-------------+---------------------------------------|
        fe_u |     24641       24641           0    *|
        fe_t |       364           1         363     |
-----------------------------------------------------+
* = FE nested within cluster; treated as redundant for DoF computation

. eststo A1_co2

. reghdfe ln_seats tp bp lngdp lnpop if eur == 1 & stk != 0 & donut == 0 & post2 == 0 & (treat == 1 | border == 1 | (ctrl_eur == 1 & nbr == 0)), absorb(fe_u fe_t) vce(cluster iso3n)
(dropped 1370 singleton observations)
(MWFE estimator converged in 6 iterations)

HDFE Linear regression                            Number of obs   =     91,773
Absorbing 2 HDFE groups                           F(   4,     28) =       2.36
Statistics robust to heteroskedasticity           Prob > F        =     0.0774
                                                  R-squared       =     0.9859
                                                  Adj R-squared   =     0.9806
                                                  Within R-sq.    =     0.0066
Number of clusters (iso3n)   =         29         Root MSE        =     0.2959

                                 (Std. err. adjusted for 29 clusters in iso3n)
------------------------------------------------------------------------------
             |               Robust
    ln_seats | Coefficient  std. err.      t    P>|t|     [95% conf. interval]
-------------+----------------------------------------------------------------
          tp |  -.0938576   .0489086    -1.92   0.065    -.1940424    .0063272
          bp |  -.0024914   .0273192    -0.09   0.928    -.0584523    .0534695
       lngdp |   .2725758   .1636928     1.67   0.107    -.0627337    .6078852
       lnpop |   .9198713   1.232011     0.75   0.462     -1.60379    3.443532
       _cons |  -12.73315   21.10655    -0.60   0.551    -55.96795    30.50166
------------------------------------------------------------------------------

Absorbed degrees of freedom:
-----------------------------------------------------+
 Absorbed FE | Categories  - Redundant  = Num. Coefs |
-------------+---------------------------------------|
        fe_u |     24641       24641           0    *|
        fe_t |       364           1         363     |
-----------------------------------------------------+
* = FE nested within cluster; treated as redundant for DoF computation

. eststo A1_seats

. * A2 drop every adjacent-country airport, border ring included
. reghdfe ln_co2 tp lngdp lnpop if eur == 1 & stk != 0 & donut == 0 & post2 == 0 & (treat == 1 | (ctrl_eur == 1 & nbr == 0 & border == 0)), absorb(fe_u fe_t) vce(cluster iso3n)
(dropped 1132 singleton observations)
(MWFE estimator converged in 6 iterations)

HDFE Linear regression                            Number of obs   =     80,607
Absorbing 2 HDFE groups                           F(   3,     19) =       2.45
Statistics robust to heteroskedasticity           Prob > F        =     0.0951
                                                  R-squared       =     0.9883
                                                  Adj R-squared   =     0.9840
                                                  Within R-sq.    =     0.0050
Number of clusters (iso3n)   =         20         Root MSE        =     0.3146

                                 (Std. err. adjusted for 20 clusters in iso3n)
------------------------------------------------------------------------------
             |               Robust
      ln_co2 | Coefficient  std. err.      t    P>|t|     [95% conf. interval]
-------------+----------------------------------------------------------------
          tp |  -.1021252   .0512493    -1.99   0.061    -.2093913     .005141
       lngdp |   .1939105   .1938215     1.00   0.330    -.2117625    .5995835
       lnpop |    .807368   1.556276     0.52   0.610    -2.449955    4.064691
       _cons |  -4.590029   27.19021    -0.17   0.868    -61.49978    52.31972
------------------------------------------------------------------------------

Absorbed degrees of freedom:
-----------------------------------------------------+
 Absorbed FE | Categories  - Redundant  = Num. Coefs |
-------------+---------------------------------------|
        fe_u |     21617       21617           0    *|
        fe_t |       364           1         363     |
-----------------------------------------------------+
* = FE nested within cluster; treated as redundant for DoF computation

. eststo A2_co2

. reghdfe ln_seats tp lngdp lnpop if eur == 1 & stk != 0 & donut == 0 & post2 == 0 & (treat == 1 | (ctrl_eur == 1 & nbr == 0 & border == 0)), absorb(fe_u fe_t) vce(cluster iso3n)
(dropped 1132 singleton observations)
(MWFE estimator converged in 6 iterations)

HDFE Linear regression                            Number of obs   =     80,607
Absorbing 2 HDFE groups                           F(   3,     19) =       2.89
Statistics robust to heteroskedasticity           Prob > F        =     0.0621
                                                  R-squared       =     0.9863
                                                  Adj R-squared   =     0.9811
                                                  Within R-sq.    =     0.0072
Number of clusters (iso3n)   =         20         Root MSE        =     0.2917

                                 (Std. err. adjusted for 20 clusters in iso3n)
------------------------------------------------------------------------------
             |               Robust
    ln_seats | Coefficient  std. err.      t    P>|t|     [95% conf. interval]
-------------+----------------------------------------------------------------
          tp |  -.0960013   .0495533    -1.94   0.068    -.1997176    .0077151
       lngdp |   .2805603   .1776591     1.58   0.131    -.0912845    .6524051
       lnpop |   .8423178   1.421613     0.59   0.560    -2.133153    3.817789
       _cons |  -11.67274   24.39088    -0.48   0.638    -62.72345    39.37796
------------------------------------------------------------------------------

Absorbed degrees of freedom:
-----------------------------------------------------+
 Absorbed FE | Categories  - Redundant  = Num. Coefs |
-------------+---------------------------------------|
        fe_u |     21617       21617           0    *|
        fe_t |       364           1         363     |
-----------------------------------------------------+
* = FE nested within cluster; treated as redundant for DoF computation

. eststo A2_seats

. esttab A0_co2 A1_co2 A2_co2 A0_seats A1_seats A2_seats using "L_A_controls.rtf", replace b(4) se(4) star(* 0.10 ** 0.05 *** 0.01) keep(tp bp) stats(N N_clust, labels("Observations" "Countries")) tit
> le("Leakage A: baseline with adjacent-country airports removed from the controls (A0 all, A1 non-border adjacent dropped, A2 all adjacent dropped)")
(output written to L_A_controls.rtf)

. esttab A0_co2 A1_co2 A2_co2 A0_seats A1_seats A2_seats, b(4) se(4) star(* 0.10 ** 0.05 *** 0.01) keep(tp bp) stats(N N_clust)

------------------------------------------------------------------------------------------------------------
                      (1)             (2)             (3)             (4)             (5)             (6)   
                   ln_co2          ln_co2          ln_co2        ln_seats        ln_seats        ln_seats   
------------------------------------------------------------------------------------------------------------
tp                -0.0939*        -0.0986*        -0.1021*        -0.0903*        -0.0939*        -0.0960*  
                 (0.0478)        (0.0487)        (0.0512)        (0.0491)        (0.0489)        (0.0496)   

bp                 0.0107          0.0081                         -0.0010         -0.0025                   
                 (0.0357)        (0.0356)                        (0.0278)        (0.0273)                   
------------------------------------------------------------------------------------------------------------
N              94670.0000      91773.0000      80607.0000      94670.0000      91773.0000      80607.0000   
N_clust           29.0000         29.0000         20.0000         29.0000         29.0000         20.0000   
------------------------------------------------------------------------------------------------------------
Standard errors in parentheses
* p<0.10, ** p<0.05, *** p<0.01

. 
. * =====================================================================================
. * B. Spillover to adjacent countries: hubs (w0 >= 1m) and non-hubs beyond the 300 km ring, true treated airports dropped
. *    Positive nhp = traffic or emissions moved to foreign hubs (diversion or re-routing)
. * =====================================================================================
. use "stack_month.dta", clear

. gen ctrl_eur = inlist(iso3, "DEU", "AUT", "NLD", "BEL", "LUX", "FRA", "IRL", "GBR", "CHE") | inlist(iso3, "SWE", "NOR", "DNK", "FIN", "ISL", "PRT", "ESP", "GRC", "HUN") | inlist(iso3, "HRV", "MLT")

. gen byte nbr = 0

. replace nbr = 1 if stk == 0 & inlist(iso3, "DEU", "BEL")
(3,107 real changes made)

. replace nbr = 1 if stk == 1 & inlist(iso3, "GBR")
(1,318 real changes made)

. replace nbr = 1 if stk == 2 & inlist(iso3, "NLD", "BEL", "LUX", "FRA", "CHE", "AUT", "CZE", "POL", "DNK")
(2,652 real changes made)

. replace nbr = 1 if stk == 3 & inlist(iso3, "DEU", "CHE", "ITA", "SVN", "HUN", "SVK", "CZE")
(2,087 real changes made)

. replace nbr = 1 if stk == 4 & inlist(iso3, "SWE", "DNK", "FIN")
(3,023 real changes made)

. replace nbr = 1 if stk == 5 & inlist(iso3, "NOR", "DNK", "FIN")
(3,554 real changes made)

. replace nbr = 1 if stk == 6 & inlist(iso3, "IRL", "FRA", "NLD", "BEL")
(1,789 real changes made)

. replace nbr = 1 if stk == 7 & inlist(iso3, "DEU", "SWE", "NOR")
(3,890 real changes made)

. replace nbr = 1 if stk == 8 & inlist(iso3, "ITA")
(403 real changes made)

. replace nbr = 0 if treat == 1
(0 real changes made)

. gen bp = border * post1

. gen hub = (w0 >= 1000000)

. gen nbr_hub = nbr * hub * (border == 0)

. gen nbr_nonhub = nbr * (1 - hub) * (border == 0)

. gen nhp = nbr_hub * post1

. gen nnp = nbr_nonhub * post1

. gen NH_pre36_25 = nbr_hub * pre36_25

. gen NH_pre24_13 = nbr_hub * pre24_13

. gen NH_post1 = nbr_hub * post1

. gen NH_post2 = nbr_hub * post2

. gen NN_pre36_25 = nbr_nonhub * pre36_25

. gen NN_pre24_13 = nbr_nonhub * pre24_13

. gen NN_post1 = nbr_nonhub * post1

. gen NN_post2 = nbr_nonhub * post2

. reghdfe ln_co2 nhp nnp bp lngdp lnpop if eur == 1 & stk != 0 & donut == 0 & post2 == 0 & treat == 0 & (nbr == 1 | border == 1 | ctrl_eur == 1), absorb(fe_u fe_t) vce(cluster iso3n)
(dropped 1267 singleton observations)
(MWFE estimator converged in 6 iterations)

HDFE Linear regression                            Number of obs   =     85,152
Absorbing 2 HDFE groups                           F(   5,     28) =       2.67
Statistics robust to heteroskedasticity           Prob > F        =     0.0429
                                                  R-squared       =     0.9879
                                                  Adj R-squared   =     0.9832
                                                  Within R-sq.    =     0.0030
Number of clusters (iso3n)   =         29         Root MSE        =     0.3190

                                 (Std. err. adjusted for 29 clusters in iso3n)
------------------------------------------------------------------------------
             |               Robust
      ln_co2 | Coefficient  std. err.      t    P>|t|     [95% conf. interval]
-------------+----------------------------------------------------------------
         nhp |  -.0495586    .044639    -1.11   0.276    -.1409975    .0418802
         nnp |  -.0731042   .0682681    -1.07   0.293    -.2129449    .0667366
          bp |  -.0003358    .034425    -0.01   0.992    -.0708523    .0701806
       lngdp |   .1424986   .1868773     0.76   0.452    -.2403021    .5252993
       lnpop |   1.410492    1.77954     0.79   0.435    -2.234731    5.055715
       _cons |  -13.07635   29.24269    -0.45   0.658    -72.97728    46.82459
------------------------------------------------------------------------------

Absorbed degrees of freedom:
-----------------------------------------------------+
 Absorbed FE | Categories  - Redundant  = Num. Coefs |
-------------+---------------------------------------|
        fe_u |     23103       23103           0    *|
        fe_t |       364           1         363     |
-----------------------------------------------------+
* = FE nested within cluster; treated as redundant for DoF computation

. eststo B1_co2

. reghdfe ln_seats nhp nnp bp lngdp lnpop if eur == 1 & stk != 0 & donut == 0 & post2 == 0 & treat == 0 & (nbr == 1 | border == 1 | ctrl_eur == 1), absorb(fe_u fe_t) vce(cluster iso3n)
(dropped 1267 singleton observations)
(MWFE estimator converged in 6 iterations)

HDFE Linear regression                            Number of obs   =     85,152
Absorbing 2 HDFE groups                           F(   5,     28) =       2.66
Statistics robust to heteroskedasticity           Prob > F        =     0.0437
                                                  R-squared       =     0.9855
                                                  Adj R-squared   =     0.9800
                                                  Within R-sq.    =     0.0039
Number of clusters (iso3n)   =         29         Root MSE        =     0.2988

                                 (Std. err. adjusted for 29 clusters in iso3n)
------------------------------------------------------------------------------
             |               Robust
    ln_seats | Coefficient  std. err.      t    P>|t|     [95% conf. interval]
-------------+----------------------------------------------------------------
         nhp |  -.0141149   .0314912    -0.45   0.657    -.0786216    .0503918
         nnp |  -.0492912   .0709597    -0.69   0.493    -.1946456    .0960632
          bp |  -.0073005   .0259974    -0.28   0.781    -.0605537    .0459526
       lngdp |   .2639441   .1691433     1.56   0.130    -.0825303    .6104185
       lnpop |     .95564   1.636341     0.58   0.564    -2.396253    4.307533
       _cons |  -13.05233   26.94161    -0.48   0.632    -68.23971    42.13506
------------------------------------------------------------------------------

Absorbed degrees of freedom:
-----------------------------------------------------+
 Absorbed FE | Categories  - Redundant  = Num. Coefs |
-------------+---------------------------------------|
        fe_u |     23103       23103           0    *|
        fe_t |       364           1         363     |
-----------------------------------------------------+
* = FE nested within cluster; treated as redundant for DoF computation

. eststo B2_seats

. reghdfe ln_fl nhp nnp bp lngdp lnpop if eur == 1 & stk != 0 & donut == 0 & post2 == 0 & treat == 0 & (nbr == 1 | border == 1 | ctrl_eur == 1), absorb(fe_u fe_t) vce(cluster iso3n)
(dropped 1267 singleton observations)
(MWFE estimator converged in 6 iterations)

HDFE Linear regression                            Number of obs   =     85,152
Absorbing 2 HDFE groups                           F(   5,     28) =       1.54
Statistics robust to heteroskedasticity           Prob > F        =     0.2101
                                                  R-squared       =     0.9804
                                                  Adj R-squared   =     0.9729
                                                  Within R-sq.    =     0.0031
Number of clusters (iso3n)   =         29         Root MSE        =     0.2805

                                 (Std. err. adjusted for 29 clusters in iso3n)
------------------------------------------------------------------------------
             |               Robust
       ln_fl | Coefficient  std. err.      t    P>|t|     [95% conf. interval]
-------------+----------------------------------------------------------------
         nhp |  -.0446026   .0298469    -1.49   0.146    -.1057412     .016536
         nnp |   -.077829   .0556351    -1.40   0.173    -.1917923    .0361343
          bp |   .0042262   .0294601     0.14   0.887    -.0561201    .0645725
       lngdp |   .2037652   .1527448     1.33   0.193    -.1091183    .5166488
       lnpop |    .714156   1.575358     0.45   0.654    -2.512819    3.941131
       _cons |   -11.7419   26.00544    -0.45   0.655    -65.01163    41.52782
------------------------------------------------------------------------------

Absorbed degrees of freedom:
-----------------------------------------------------+
 Absorbed FE | Categories  - Redundant  = Num. Coefs |
-------------+---------------------------------------|
        fe_u |     23103       23103           0    *|
        fe_t |       364           1         363     |
-----------------------------------------------------+
* = FE nested within cluster; treated as redundant for DoF computation

. eststo B3_fl

. reghdfe ln_gauge nhp nnp bp lngdp lnpop if eur == 1 & stk != 0 & donut == 0 & post2 == 0 & treat == 0 & (nbr == 1 | border == 1 | ctrl_eur == 1), absorb(fe_u fe_t) vce(cluster iso3n)
(dropped 1267 singleton observations)
(MWFE estimator converged in 6 iterations)

HDFE Linear regression                            Number of obs   =     85,152
Absorbing 2 HDFE groups                           F(   5,     28) =       1.62
Statistics robust to heteroskedasticity           Prob > F        =     0.1877
                                                  R-squared       =     0.9592
                                                  Adj R-squared   =     0.9437
                                                  Within R-sq.    =     0.0012
Number of clusters (iso3n)   =         29         Root MSE        =     0.1562

                                 (Std. err. adjusted for 29 clusters in iso3n)
------------------------------------------------------------------------------
             |               Robust
    ln_gauge | Coefficient  std. err.      t    P>|t|     [95% conf. interval]
-------------+----------------------------------------------------------------
         nhp |   .0304877    .023356     1.31   0.202     -.017355    .0783303
         nnp |   .0285378    .025661     1.11   0.276    -.0240264     .081102
          bp |  -.0115267   .0127841    -0.90   0.375    -.0377137    .0146603
       lngdp |   .0601789   .0363889     1.65   0.109    -.0143604    .1347182
       lnpop |    .241484   .4033369     0.60   0.554    -.5847142    1.067682
       _cons |  -1.310424   6.591301    -0.20   0.844    -14.81209    12.19124
------------------------------------------------------------------------------

Absorbed degrees of freedom:
-----------------------------------------------------+
 Absorbed FE | Categories  - Redundant  = Num. Coefs |
-------------+---------------------------------------|
        fe_u |     23103       23103           0    *|
        fe_t |       364           1         363     |
-----------------------------------------------------+
* = FE nested within cluster; treated as redundant for DoF computation

. eststo B4_gauge

. * event-time version (pre-trend check on the spillover itself), both post years
. reghdfe ln_co2 NH_pre36_25 NH_pre24_13 NH_post1 NH_post2 NN_pre36_25 NN_pre24_13 NN_post1 NN_post2 bp lngdp lnpop if eur == 1 & stk != 0 & donut == 0 & treat == 0 & (nbr == 1 | border == 1 | ctrl_eu
> r == 1), absorb(fe_u fe_t) vce(cluster iso3n)
(dropped 998 singleton observations)
(MWFE estimator converged in 6 iterations)

HDFE Linear regression                            Number of obs   =    107,925
Absorbing 2 HDFE groups                           F(  11,     28) =       7.80
Statistics robust to heteroskedasticity           Prob > F        =     0.0000
                                                  R-squared       =     0.9851
                                                  Adj R-squared   =     0.9808
                                                  Within R-sq.    =     0.0030
Number of clusters (iso3n)   =         29         Root MSE        =     0.3448

                                 (Std. err. adjusted for 29 clusters in iso3n)
------------------------------------------------------------------------------
             |               Robust
      ln_co2 | Coefficient  std. err.      t    P>|t|     [95% conf. interval]
-------------+----------------------------------------------------------------
 NH_pre36_25 |   -.059114   .0361315    -1.64   0.113    -.1331262    .0148981
 NH_pre24_13 |  -.0153986   .0232792    -0.66   0.514    -.0630839    .0322868
    NH_post1 |  -.0545052   .0486783    -1.12   0.272    -.1542181    .0452077
    NH_post2 |  -.0415905   .0454118    -0.92   0.368    -.1346124    .0514314
 NN_pre36_25 |   .1952585   .0596417     3.27   0.003     .0730881     .317429
 NN_pre24_13 |   .1089368   .0369925     2.94   0.006     .0331611    .1847125
    NN_post1 |   .0015454   .0778811     0.02   0.984    -.1579867    .1610776
    NN_post2 |   .0572743   .1152567     0.50   0.623    -.1788183     .293367
          bp |  -.0041844   .0269124    -0.16   0.878     -.059312    .0509433
       lngdp |   .1620332   .2453972     0.66   0.514    -.3406401    .6647065
       lnpop |   .8288192   1.658618     0.50   0.621    -2.568705    4.226343
       _cons |  -4.056276   27.45683    -0.15   0.884    -60.29904    52.18649
------------------------------------------------------------------------------

Absorbed degrees of freedom:
-----------------------------------------------------+
 Absorbed FE | Categories  - Redundant  = Num. Coefs |
-------------+---------------------------------------|
        fe_u |     23747       23747           0    *|
        fe_t |       457           1         456     |
-----------------------------------------------------+
* = FE nested within cluster; treated as redundant for DoF computation

. eststo B5_es_co2

. reghdfe ln_seats NH_pre36_25 NH_pre24_13 NH_post1 NH_post2 NN_pre36_25 NN_pre24_13 NN_post1 NN_post2 bp lngdp lnpop if eur == 1 & stk != 0 & donut == 0 & treat == 0 & (nbr == 1 | border == 1 | ctrl_
> eur == 1), absorb(fe_u fe_t) vce(cluster iso3n)
(dropped 998 singleton observations)
(MWFE estimator converged in 6 iterations)

HDFE Linear regression                            Number of obs   =    107,925
Absorbing 2 HDFE groups                           F(  11,     28) =       3.08
Statistics robust to heteroskedasticity           Prob > F        =     0.0079
                                                  R-squared       =     0.9825
                                                  Adj R-squared   =     0.9774
                                                  Within R-sq.    =     0.0051
Number of clusters (iso3n)   =         29         Root MSE        =     0.3202

                                 (Std. err. adjusted for 29 clusters in iso3n)
------------------------------------------------------------------------------
             |               Robust
    ln_seats | Coefficient  std. err.      t    P>|t|     [95% conf. interval]
-------------+----------------------------------------------------------------
 NH_pre36_25 |  -.0674405    .039727    -1.70   0.101    -.1488176    .0139367
 NH_pre24_13 |  -.0209385   .0267844    -0.78   0.441    -.0758039    .0339268
    NH_post1 |  -.0223111   .0350122    -0.64   0.529    -.0940303    .0494081
    NH_post2 |  -.0075725   .0315801    -0.24   0.812    -.0722614    .0571165
 NN_pre36_25 |    .198272   .0623445     3.18   0.004     .0705652    .3259788
 NN_pre24_13 |    .088791   .0443019     2.00   0.055    -.0019574    .1795394
    NN_post1 |   .0186168   .0646612     0.29   0.776    -.1138356    .1510692
    NN_post2 |   .0906147   .0931611     0.97   0.339    -.1002172    .2814465
          bp |  -.0073132   .0221241    -0.33   0.743    -.0526323     .038006
       lngdp |   .2985369   .2143394     1.39   0.175    -.1405176    .7375913
       lnpop |     .44285   1.520179     0.29   0.773    -2.671096    3.556797
       _cons |  -5.570877   25.22584    -0.22   0.827    -57.24366     46.1019
------------------------------------------------------------------------------

Absorbed degrees of freedom:
-----------------------------------------------------+
 Absorbed FE | Categories  - Redundant  = Num. Coefs |
-------------+---------------------------------------|
        fe_u |     23747       23747           0    *|
        fe_t |       457           1         456     |
-----------------------------------------------------+
* = FE nested within cluster; treated as redundant for DoF computation

. eststo B6_es_seats

. esttab B1_co2 B2_seats B3_fl B4_gauge B5_es_co2 B6_es_seats using "L_B_spillover.rtf", replace b(4) se(4) star(* 0.10 ** 0.05 *** 0.01) keep(nhp nnp bp NH_pre36_25 NH_pre24_13 NH_post1 NH_post2 NN_p
> ost1 NN_post2) stats(N N_clust, labels("Observations" "Countries")) title("Leakage B: spillover to adjacent-country hubs (w0 >= 1m) and non-hubs")
(output written to L_B_spillover.rtf)

. esttab B1_co2 B2_seats B3_fl B4_gauge B5_es_co2 B6_es_seats, b(4) se(4) star(* 0.10 ** 0.05 *** 0.01) keep(nhp nnp bp NH_pre36_25 NH_pre24_13 NH_post1 NH_post2 NN_post1 NN_post2) stats(N N_clust)

------------------------------------------------------------------------------------------------------------
                      (1)             (2)             (3)             (4)             (5)             (6)   
                   ln_co2        ln_seats           ln_fl        ln_gauge          ln_co2        ln_seats   
------------------------------------------------------------------------------------------------------------
nhp               -0.0496         -0.0141         -0.0446          0.0305                                   
                 (0.0446)        (0.0315)        (0.0298)        (0.0234)                                   

nnp               -0.0731         -0.0493         -0.0778          0.0285                                   
                 (0.0683)        (0.0710)        (0.0556)        (0.0257)                                   

bp                -0.0003         -0.0073          0.0042         -0.0115         -0.0042         -0.0073   
                 (0.0344)        (0.0260)        (0.0295)        (0.0128)        (0.0269)        (0.0221)   

NH_pre36_25                                                                       -0.0591         -0.0674   
                                                                                 (0.0361)        (0.0397)   

NH_pre24_13                                                                       -0.0154         -0.0209   
                                                                                 (0.0233)        (0.0268)   

NH_post1                                                                          -0.0545         -0.0223   
                                                                                 (0.0487)        (0.0350)   

NH_post2                                                                          -0.0416         -0.0076   
                                                                                 (0.0454)        (0.0316)   

NN_post1                                                                           0.0015          0.0186   
                                                                                 (0.0779)        (0.0647)   

NN_post2                                                                           0.0573          0.0906   
                                                                                 (0.1153)        (0.0932)   
------------------------------------------------------------------------------------------------------------
N              85152.0000      85152.0000      85152.0000      85152.0000     107925.0000     107925.0000   
N_clust           29.0000         29.0000         29.0000         29.0000         29.0000         29.0000   
------------------------------------------------------------------------------------------------------------
Standard errors in parentheses
* p<0.10, ** p<0.05, *** p<0.01

. 
. * =====================================================================================
. * C. Bloc level: treated country + adjacent countries + border ring summed into one unit per event
. *    Units: bloc (unit 1) and every other European control country (unit = iso3n + 1000). Time: fe_t (month x event).
. *    Controls lngdp lnpop enter as seat-weighted unit means. Leakage inside the bloc is internalised: a negative bloc
. *    effect is a net reduction. The collapsed file bloc_month.dta is saved so the SDID blocks below run alone.
. * =====================================================================================
. use "stack_month.dta", clear

. gen ctrl_eur = inlist(iso3, "DEU", "AUT", "NLD", "BEL", "LUX", "FRA", "IRL", "GBR", "CHE") | inlist(iso3, "SWE", "NOR", "DNK", "FIN", "ISL", "PRT", "ESP", "GRC", "HUN") | inlist(iso3, "HRV", "MLT")

. gen byte nbr = 0

. replace nbr = 1 if stk == 0 & inlist(iso3, "DEU", "BEL")
(3,107 real changes made)

. replace nbr = 1 if stk == 1 & inlist(iso3, "GBR")
(1,318 real changes made)

. replace nbr = 1 if stk == 2 & inlist(iso3, "NLD", "BEL", "LUX", "FRA", "CHE", "AUT", "CZE", "POL", "DNK")
(2,652 real changes made)

. replace nbr = 1 if stk == 3 & inlist(iso3, "DEU", "CHE", "ITA", "SVN", "HUN", "SVK", "CZE")
(2,087 real changes made)

. replace nbr = 1 if stk == 4 & inlist(iso3, "SWE", "DNK", "FIN")
(3,023 real changes made)

. replace nbr = 1 if stk == 5 & inlist(iso3, "NOR", "DNK", "FIN")
(3,554 real changes made)

. replace nbr = 1 if stk == 6 & inlist(iso3, "IRL", "FRA", "NLD", "BEL")
(1,789 real changes made)

. replace nbr = 1 if stk == 7 & inlist(iso3, "DEU", "SWE", "NOR")
(3,890 real changes made)

. replace nbr = 1 if stk == 8 & inlist(iso3, "ITA")
(403 real changes made)

. replace nbr = 0 if treat == 1
(0 real changes made)

. keep if eur == 1 & stk != 0 & donut == 0 & post2 == 0 & (treat == 1 | nbr == 1 | border == 1 | ctrl_eur == 1)
(793,227 observations deleted)

. gen double co2_lvl = exp(ln_co2)

. gen double seats_lvl = exp(ln_seats)

. gen bloc = (treat == 1 | nbr == 1 | border == 1)

. gen unit = cond(bloc == 1, 1, iso3n + 1000)

. collapse (sum) co2_lvl seats_lvl (mean) post1 t (mean) lngdp lnpop [aw = seats_lvl], by(stk unit fe_t)

. gen ln_co2_u = ln(co2_lvl)

. gen ln_seats_u = ln(seats_lvl)

. gen treat_post = (unit == 1) * post1

. egen uid = group(stk unit)

. save "bloc_month.dta", replace
file bloc_month.dta saved

. * C1 pooled DiD, unit x event and month x event FE, SE clustered by unit
. reghdfe ln_co2_u treat_post lngdp lnpop, absorb(uid fe_t) vce(cluster unit)
(MWFE estimator converged in 2 iterations)

HDFE Linear regression                            Number of obs   =      4,368
Absorbing 2 HDFE groups                           F(   3,     18) =       4.69
Statistics robust to heteroskedasticity           Prob > F        =     0.0137
                                                  R-squared       =     0.9886
                                                  Adj R-squared   =     0.9873
                                                  Within R-sq.    =     0.0582
Number of clusters (unit)    =         19         Root MSE        =     0.2167

                                  (Std. err. adjusted for 19 clusters in unit)
------------------------------------------------------------------------------
             |               Robust
    ln_co2_u | Coefficient  std. err.      t    P>|t|     [95% conf. interval]
-------------+----------------------------------------------------------------
  treat_post |   .0204403   .0255197     0.80   0.434    -.0331746    .0740553
       lngdp |   1.277615   .4825067     2.65   0.016     .2639064    2.291324
       lnpop |  -1.366068   .3772442    -3.62   0.002    -2.158628   -.5735072
       _cons |   8.757825   10.18832     0.86   0.401    -12.64704    30.16269
------------------------------------------------------------------------------

Absorbed degrees of freedom:
-----------------------------------------------------+
 Absorbed FE | Categories  - Redundant  = Num. Coefs |
-------------+---------------------------------------|
         uid |        96          96           0    *|
        fe_t |       364           1         363     |
-----------------------------------------------------+
* = FE nested within cluster; treated as redundant for DoF computation

. eststo C1_bloc_co2

. reghdfe ln_seats_u treat_post lngdp lnpop, absorb(uid fe_t) vce(cluster unit)
(MWFE estimator converged in 2 iterations)

HDFE Linear regression                            Number of obs   =      4,368
Absorbing 2 HDFE groups                           F(   3,     18) =       3.38
Statistics robust to heteroskedasticity           Prob > F        =     0.0411
                                                  R-squared       =     0.9901
                                                  Adj R-squared   =     0.9890
                                                  Within R-sq.    =     0.0581
Number of clusters (unit)    =         19         Root MSE        =     0.2025

                                  (Std. err. adjusted for 19 clusters in unit)
------------------------------------------------------------------------------
             |               Robust
  ln_seats_u | Coefficient  std. err.      t    P>|t|     [95% conf. interval]
-------------+----------------------------------------------------------------
  treat_post |   .0048125   .0215164     0.22   0.826    -.0403917    .0500167
       lngdp |   1.179411    .473974     2.49   0.023     .1836281    2.175193
       lnpop |  -1.143554   .3990609    -2.87   0.010     -1.98195   -.3051577
       _cons |   2.742179   10.67386     0.26   0.800    -19.68277    25.16713
------------------------------------------------------------------------------

Absorbed degrees of freedom:
-----------------------------------------------------+
 Absorbed FE | Categories  - Redundant  = Num. Coefs |
-------------+---------------------------------------|
         uid |        96          96           0    *|
        fe_t |       364           1         363     |
-----------------------------------------------------+
* = FE nested within cluster; treated as redundant for DoF computation

. eststo C2_bloc_seats

. esttab C1_bloc_co2 C2_bloc_seats using "L_C_bloc_did.rtf", replace b(4) se(4) star(* 0.10 ** 0.05 *** 0.01) keep(treat_post) stats(N N_clust, labels("Observations" "Units")) title("Leakage C: bloc-l
> evel DiD, treated + adjacent countries + border ring as one unit")
(output written to L_C_bloc_did.rtf)

. esttab C1_bloc_co2 C2_bloc_seats, b(4) se(4) star(* 0.10 ** 0.05 *** 0.01) keep(treat_post) stats(N N_clust)

--------------------------------------------
                      (1)             (2)   
                 ln_co2_u      ln_seats_u   
--------------------------------------------
treat_post         0.0204          0.0048   
                 (0.0255)        (0.0215)   
--------------------------------------------
N               4368.0000       4368.0000   
N_clust           19.0000         19.0000   
--------------------------------------------
Standard errors in parentheses
* p<0.10, ** p<0.05, *** p<0.01

. * C3 SDID per event on the bloc series (placebo inference over donor units); time = consecutive month index within the event
. *    (fe_t ids are not chronological, which sdid rejects). Unbalanced events are reported as errors and skipped.
. di _n "==== bloc SDID IRL 2009: ln CO2 ===="

==== bloc SDID IRL 2009: ln CO2 ====

. use "bloc_month.dta", clear

. keep if stk == 1
(3,800 observations deleted)

. drop if missing(ln_co2_u)
(0 observations deleted)

. egen period = group(t)

. cap noisily sdid ln_co2_u unit period treat_post, vce(placebo) reps(200) seed(1)
Placebo replications (200). This may take some time.
----+--- 1 ---+--- 2 ---+--- 3 ---+--- 4 ---+--- 5
..................................................     50
..................................................     100
..................................................     150
..................................................     200


Synthetic Difference-in-Differences Estimator

-----------------------------------------------------------------------------
    ln_co2_u |     ATT     Std. Err.     t      P>|t|    [95% Conf. Interval]
-------------+---------------------------------------------------------------
  treat_post |   0.01093    0.16054     0.07    0.946    -0.30373     0.32558
-----------------------------------------------------------------------------
95% CIs and p-values are based on large-sample approximations.
Refer to Arkhangelsky et al., (2021) for theoretical derivations.

. di _n "==== bloc SDID IRL 2009: ln seats ===="

==== bloc SDID IRL 2009: ln seats ====

. use "bloc_month.dta", clear

. keep if stk == 1
(3,800 observations deleted)

. drop if missing(ln_seats_u)
(0 observations deleted)

. egen period = group(t)

. cap noisily sdid ln_seats_u unit period treat_post, vce(placebo) reps(200) seed(1)
Placebo replications (200). This may take some time.
----+--- 1 ---+--- 2 ---+--- 3 ---+--- 4 ---+--- 5
..................................................     50
..................................................     100
..................................................     150
..................................................     200


Synthetic Difference-in-Differences Estimator

-----------------------------------------------------------------------------
  ln_seats_u |     ATT     Std. Err.     t      P>|t|    [95% Conf. Interval]
-------------+---------------------------------------------------------------
  treat_post |  -0.06185    0.18203    -0.34    0.734    -0.41863     0.29493
-----------------------------------------------------------------------------
95% CIs and p-values are based on large-sample approximations.
Refer to Arkhangelsky et al., (2021) for theoretical derivations.

. di _n "==== bloc SDID DEU 2011: ln CO2 ===="

==== bloc SDID DEU 2011: ln CO2 ====

. use "bloc_month.dta", clear

. keep if stk == 2
(3,992 observations deleted)

. drop if missing(ln_co2_u)
(0 observations deleted)

. egen period = group(t)

. cap noisily sdid ln_co2_u unit period treat_post, vce(placebo) reps(200) seed(1)
Placebo replications (200). This may take some time.
----+--- 1 ---+--- 2 ---+--- 3 ---+--- 4 ---+--- 5
..................................................     50
..................................................     100
..................................................     150
..................................................     200


Synthetic Difference-in-Differences Estimator

-----------------------------------------------------------------------------
    ln_co2_u |     ATT     Std. Err.     t      P>|t|    [95% Conf. Interval]
-------------+---------------------------------------------------------------
  treat_post |   0.01979    0.13674     0.14    0.885    -0.24821     0.28779
-----------------------------------------------------------------------------
95% CIs and p-values are based on large-sample approximations.
Refer to Arkhangelsky et al., (2021) for theoretical derivations.

. di _n "==== bloc SDID DEU 2011: ln seats ===="

==== bloc SDID DEU 2011: ln seats ====

. use "bloc_month.dta", clear

. keep if stk == 2
(3,992 observations deleted)

. drop if missing(ln_seats_u)
(0 observations deleted)

. egen period = group(t)

. cap noisily sdid ln_seats_u unit period treat_post, vce(placebo) reps(200) seed(1)
Placebo replications (200). This may take some time.
----+--- 1 ---+--- 2 ---+--- 3 ---+--- 4 ---+--- 5
..................................................     50
..................................................     100
..................................................     150
..................................................     200


Synthetic Difference-in-Differences Estimator

-----------------------------------------------------------------------------
  ln_seats_u |     ATT     Std. Err.     t      P>|t|    [95% Conf. Interval]
-------------+---------------------------------------------------------------
  treat_post |   0.01259    0.19821     0.06    0.949    -0.37589     0.40108
-----------------------------------------------------------------------------
95% CIs and p-values are based on large-sample approximations.
Refer to Arkhangelsky et al., (2021) for theoretical derivations.

. di _n "==== bloc SDID AUT 2011: ln CO2 ===="

==== bloc SDID AUT 2011: ln CO2 ====

. use "bloc_month.dta", clear

. keep if stk == 3
(3,896 observations deleted)

. drop if missing(ln_co2_u)
(0 observations deleted)

. egen period = group(t)

. cap noisily sdid ln_co2_u unit period treat_post, vce(placebo) reps(200) seed(1)
Placebo replications (200). This may take some time.
----+--- 1 ---+--- 2 ---+--- 3 ---+--- 4 ---+--- 5
..................................................     50
..................................................     100
..................................................     150
..................................................     200


Synthetic Difference-in-Differences Estimator

-----------------------------------------------------------------------------
    ln_co2_u |     ATT     Std. Err.     t      P>|t|    [95% Conf. Interval]
-------------+---------------------------------------------------------------
  treat_post |   0.01711    0.18765     0.09    0.927    -0.35067     0.38489
-----------------------------------------------------------------------------
95% CIs and p-values are based on large-sample approximations.
Refer to Arkhangelsky et al., (2021) for theoretical derivations.

. di _n "==== bloc SDID AUT 2011: ln seats ===="

==== bloc SDID AUT 2011: ln seats ====

. use "bloc_month.dta", clear

. keep if stk == 3
(3,896 observations deleted)

. drop if missing(ln_seats_u)
(0 observations deleted)

. egen period = group(t)

. cap noisily sdid ln_seats_u unit period treat_post, vce(placebo) reps(200) seed(1)
Placebo replications (200). This may take some time.
----+--- 1 ---+--- 2 ---+--- 3 ---+--- 4 ---+--- 5
..................................................     50
..................................................     100
..................................................     150
..................................................     200


Synthetic Difference-in-Differences Estimator

-----------------------------------------------------------------------------
  ln_seats_u |     ATT     Std. Err.     t      P>|t|    [95% Conf. Interval]
-------------+---------------------------------------------------------------
  treat_post |  -0.06057    0.30926    -0.20    0.845    -0.66670     0.54556
-----------------------------------------------------------------------------
95% CIs and p-values are based on large-sample approximations.
Refer to Arkhangelsky et al., (2021) for theoretical derivations.

. di _n "==== bloc SDID NOR 2016: ln CO2 ===="

==== bloc SDID NOR 2016: ln CO2 ====

. use "bloc_month.dta", clear

. keep if stk == 4
(3,848 observations deleted)

. drop if missing(ln_co2_u)
(0 observations deleted)

. egen period = group(t)

. cap noisily sdid ln_co2_u unit period treat_post, vce(placebo) reps(200) seed(1)
Placebo replications (200). This may take some time.
----+--- 1 ---+--- 2 ---+--- 3 ---+--- 4 ---+--- 5
..................................................     50
..................................................     100
..................................................     150
..................................................     200


Synthetic Difference-in-Differences Estimator

-----------------------------------------------------------------------------
    ln_co2_u |     ATT     Std. Err.     t      P>|t|    [95% Conf. Interval]
-------------+---------------------------------------------------------------
  treat_post |  -0.01713    0.29829    -0.06    0.954    -0.60177     0.56750
-----------------------------------------------------------------------------
95% CIs and p-values are based on large-sample approximations.
Refer to Arkhangelsky et al., (2021) for theoretical derivations.

. di _n "==== bloc SDID NOR 2016: ln seats ===="

==== bloc SDID NOR 2016: ln seats ====

. use "bloc_month.dta", clear

. keep if stk == 4
(3,848 observations deleted)

. drop if missing(ln_seats_u)
(0 observations deleted)

. egen period = group(t)

. cap noisily sdid ln_seats_u unit period treat_post, vce(placebo) reps(200) seed(1)
Placebo replications (200). This may take some time.
----+--- 1 ---+--- 2 ---+--- 3 ---+--- 4 ---+--- 5
..................................................     50
..................................................     100
..................................................     150
..................................................     200


Synthetic Difference-in-Differences Estimator

-----------------------------------------------------------------------------
  ln_seats_u |     ATT     Std. Err.     t      P>|t|    [95% Conf. Interval]
-------------+---------------------------------------------------------------
  treat_post |  -0.04412    0.25641    -0.17    0.863    -0.54668     0.45845
-----------------------------------------------------------------------------
95% CIs and p-values are based on large-sample approximations.
Refer to Arkhangelsky et al., (2021) for theoretical derivations.

. di _n "==== bloc SDID SWE 2018: ln CO2 ===="

==== bloc SDID SWE 2018: ln CO2 ====

. use "bloc_month.dta", clear

. keep if stk == 5
(3,848 observations deleted)

. drop if missing(ln_co2_u)
(0 observations deleted)

. egen period = group(t)

. cap noisily sdid ln_co2_u unit period treat_post, vce(placebo) reps(200) seed(1)
Placebo replications (200). This may take some time.
----+--- 1 ---+--- 2 ---+--- 3 ---+--- 4 ---+--- 5
..................................................     50
..................................................     100
..................................................     150
..................................................     200


Synthetic Difference-in-Differences Estimator

-----------------------------------------------------------------------------
    ln_co2_u |     ATT     Std. Err.     t      P>|t|    [95% Conf. Interval]
-------------+---------------------------------------------------------------
  treat_post |   0.00084    0.10327     0.01    0.994    -0.20157     0.20325
-----------------------------------------------------------------------------
95% CIs and p-values are based on large-sample approximations.
Refer to Arkhangelsky et al., (2021) for theoretical derivations.

. di _n "==== bloc SDID SWE 2018: ln seats ===="

==== bloc SDID SWE 2018: ln seats ====

. use "bloc_month.dta", clear

. keep if stk == 5
(3,848 observations deleted)

. drop if missing(ln_seats_u)
(0 observations deleted)

. egen period = group(t)

. cap noisily sdid ln_seats_u unit period treat_post, vce(placebo) reps(200) seed(1)
Placebo replications (200). This may take some time.
----+--- 1 ---+--- 2 ---+--- 3 ---+--- 4 ---+--- 5
..................................................     50
..................................................     100
..................................................     150
..................................................     200


Synthetic Difference-in-Differences Estimator

-----------------------------------------------------------------------------
  ln_seats_u |     ATT     Std. Err.     t      P>|t|    [95% Conf. Interval]
-------------+---------------------------------------------------------------
  treat_post |  -0.00274    0.11145    -0.02    0.980    -0.22119     0.21570
-----------------------------------------------------------------------------
95% CIs and p-values are based on large-sample approximations.
Refer to Arkhangelsky et al., (2021) for theoretical derivations.

. di _n "==== bloc SDID GBR 2007: ln CO2 ===="

==== bloc SDID GBR 2007: ln CO2 ====

. use "bloc_month.dta", clear

. keep if stk == 6
(3,800 observations deleted)

. drop if missing(ln_co2_u)
(0 observations deleted)

. egen period = group(t)

. cap noisily sdid ln_co2_u unit period treat_post, vce(placebo) reps(200) seed(1)
Placebo replications (200). This may take some time.
----+--- 1 ---+--- 2 ---+--- 3 ---+--- 4 ---+--- 5
..................................................     50
..................................................     100
..................................................     150
..................................................     200


Synthetic Difference-in-Differences Estimator

-----------------------------------------------------------------------------
    ln_co2_u |     ATT     Std. Err.     t      P>|t|    [95% Conf. Interval]
-------------+---------------------------------------------------------------
  treat_post |  -0.01923    0.06188    -0.31    0.756    -0.14051     0.10206
-----------------------------------------------------------------------------
95% CIs and p-values are based on large-sample approximations.
Refer to Arkhangelsky et al., (2021) for theoretical derivations.

. di _n "==== bloc SDID GBR 2007: ln seats ===="

==== bloc SDID GBR 2007: ln seats ====

. use "bloc_month.dta", clear

. keep if stk == 6
(3,800 observations deleted)

. drop if missing(ln_seats_u)
(0 observations deleted)

. egen period = group(t)

. cap noisily sdid ln_seats_u unit period treat_post, vce(placebo) reps(200) seed(1)
Placebo replications (200). This may take some time.
----+--- 1 ---+--- 2 ---+--- 3 ---+--- 4 ---+--- 5
..................................................     50
..................................................     100
..................................................     150
..................................................     200


Synthetic Difference-in-Differences Estimator

-----------------------------------------------------------------------------
  ln_seats_u |     ATT     Std. Err.     t      P>|t|    [95% Conf. Interval]
-------------+---------------------------------------------------------------
  treat_post |  -0.03543    0.16122    -0.22    0.826    -0.35140     0.28055
-----------------------------------------------------------------------------
95% CIs and p-values are based on large-sample approximations.
Refer to Arkhangelsky et al., (2021) for theoretical derivations.

. di _n "==== bloc SDID DNK 1998: ln CO2 ===="

==== bloc SDID DNK 1998: ln CO2 ====

. use "bloc_month.dta", clear

. keep if stk == 7
(4,032 observations deleted)

. drop if missing(ln_co2_u)
(0 observations deleted)

. egen period = group(t)

. cap noisily sdid ln_co2_u unit period treat_post, vce(placebo) reps(200) seed(1)
Placebo replications (200). This may take some time.
----+--- 1 ---+--- 2 ---+--- 3 ---+--- 4 ---+--- 5
..................................................     50
..................................................     100
..................................................     150
..................................................     200


Synthetic Difference-in-Differences Estimator

-----------------------------------------------------------------------------
    ln_co2_u |     ATT     Std. Err.     t      P>|t|    [95% Conf. Interval]
-------------+---------------------------------------------------------------
  treat_post |  -0.07262    0.11539    -0.63    0.529    -0.29877     0.15353
-----------------------------------------------------------------------------
95% CIs and p-values are based on large-sample approximations.
Refer to Arkhangelsky et al., (2021) for theoretical derivations.

. di _n "==== bloc SDID DNK 1998: ln seats ===="

==== bloc SDID DNK 1998: ln seats ====

. use "bloc_month.dta", clear

. keep if stk == 7
(4,032 observations deleted)

. drop if missing(ln_seats_u)
(0 observations deleted)

. egen period = group(t)

. cap noisily sdid ln_seats_u unit period treat_post, vce(placebo) reps(200) seed(1)
Placebo replications (200). This may take some time.
----+--- 1 ---+--- 2 ---+--- 3 ---+--- 4 ---+--- 5
..................................................     50
..................................................     100
..................................................     150
..................................................     200


Synthetic Difference-in-Differences Estimator

-----------------------------------------------------------------------------
  ln_seats_u |     ATT     Std. Err.     t      P>|t|    [95% Conf. Interval]
-------------+---------------------------------------------------------------
  treat_post |  -0.04260    0.15071    -0.28    0.777    -0.33799     0.25279
-----------------------------------------------------------------------------
95% CIs and p-values are based on large-sample approximations.
Refer to Arkhangelsky et al., (2021) for theoretical derivations.

. di _n "==== bloc SDID MLT 2005: ln CO2 ===="

==== bloc SDID MLT 2005: ln CO2 ====

. use "bloc_month.dta", clear

. keep if stk == 8
(3,752 observations deleted)

. drop if missing(ln_co2_u)
(0 observations deleted)

. egen period = group(t)

. cap noisily sdid ln_co2_u unit period treat_post, vce(placebo) reps(200) seed(1)
Placebo replications (200). This may take some time.
----+--- 1 ---+--- 2 ---+--- 3 ---+--- 4 ---+--- 5
..................................................     50
..................................................     100
..................................................     150
..................................................     200


Synthetic Difference-in-Differences Estimator

-----------------------------------------------------------------------------
    ln_co2_u |     ATT     Std. Err.     t      P>|t|    [95% Conf. Interval]
-------------+---------------------------------------------------------------
  treat_post |  -0.14511    0.23372    -0.62    0.535    -0.60318     0.31297
-----------------------------------------------------------------------------
95% CIs and p-values are based on large-sample approximations.
Refer to Arkhangelsky et al., (2021) for theoretical derivations.

. di _n "==== bloc SDID MLT 2005: ln seats ===="

==== bloc SDID MLT 2005: ln seats ====

. use "bloc_month.dta", clear

. keep if stk == 8
(3,752 observations deleted)

. drop if missing(ln_seats_u)
(0 observations deleted)

. egen period = group(t)

. cap noisily sdid ln_seats_u unit period treat_post, vce(placebo) reps(200) seed(1)
Placebo replications (200). This may take some time.
----+--- 1 ---+--- 2 ---+--- 3 ---+--- 4 ---+--- 5
..................................................     50
..................................................     100
..................................................     150
..................................................     200


Synthetic Difference-in-Differences Estimator

-----------------------------------------------------------------------------
  ln_seats_u |     ATT     Std. Err.     t      P>|t|    [95% Conf. Interval]
-------------+---------------------------------------------------------------
  treat_post |  -0.12258    0.24299    -0.50    0.614    -0.59883     0.35367
-----------------------------------------------------------------------------
95% CIs and p-values are based on large-sample approximations.
Refer to Arkhangelsky et al., (2021) for theoretical derivations.

. 
. * =====================================================================================
. * D. Re-routing signature at adjacent-country hubs (annual stack, years E-3..E): stage length, CO2 per flight, destinations, CO2
. *    If long-haul moves to foreign hubs, their mean stage and CO2 per flight rise after the tax; at treated airports stage falls
. * =====================================================================================
. use "stack_year.dta", clear

. gen ctrl_eur = inlist(iso3, "DEU", "AUT", "NLD", "BEL", "LUX", "FRA", "IRL", "GBR", "CHE") | inlist(iso3, "SWE", "NOR", "DNK", "FIN", "ISL", "PRT", "ESP", "GRC", "HUN") | inlist(iso3, "HRV", "MLT")

. gen byte nbr = 0

. replace nbr = 1 if stk == 0 & inlist(iso3, "DEU", "BEL")
(212 real changes made)

. replace nbr = 1 if stk == 1 & inlist(iso3, "GBR")
(107 real changes made)

. replace nbr = 1 if stk == 2 & inlist(iso3, "NLD", "BEL", "LUX", "FRA", "CHE", "AUT", "CZE", "POL", "DNK")
(212 real changes made)

. replace nbr = 1 if stk == 3 & inlist(iso3, "DEU", "CHE", "ITA", "SVN", "HUN", "SVK", "CZE")
(179 real changes made)

. replace nbr = 1 if stk == 4 & inlist(iso3, "SWE", "DNK", "FIN")
(245 real changes made)

. replace nbr = 1 if stk == 5 & inlist(iso3, "NOR", "DNK", "FIN")
(282 real changes made)

. replace nbr = 1 if stk == 6 & inlist(iso3, "IRL", "FRA", "NLD", "BEL")
(155 real changes made)

. replace nbr = 1 if stk == 7 & inlist(iso3, "DEU", "SWE", "NOR")
(355 real changes made)

. replace nbr = 1 if stk == 8 & inlist(iso3, "ITA")
(30 real changes made)

. replace nbr = 0 if treat == 1
(0 real changes made)

. gen hub = (w0 >= 1000000)

. gen nhp = nbr * hub * (border == 0) * post1

. gen nnp = nbr * (1 - hub) * (border == 0) * post1

. gen bp = border * post1

. gen tp = treat * post1

. reghdfe ln_stage nhp nnp bp lngdp lnpop if eur == 1 & stk != 0 & k <= 0 & treat == 0 & (nbr == 1 | border == 1 | ctrl_eur == 1), absorb(fe_u fe_t) vce(cluster iso3n)
(dropped 87 singleton observations)
(MWFE estimator converged in 6 iterations)

HDFE Linear regression                            Number of obs   =      7,706
Absorbing 2 HDFE groups                           F(   5,     29) =       1.87
Statistics robust to heteroskedasticity           Prob > F        =     0.1301
                                                  R-squared       =     0.9741
                                                  Adj R-squared   =     0.9645
                                                  Within R-sq.    =     0.0010
Number of clusters (iso3n)   =         30         Root MSE        =     0.1711

                                 (Std. err. adjusted for 30 clusters in iso3n)
------------------------------------------------------------------------------
             |               Robust
    ln_stage | Coefficient  std. err.      t    P>|t|     [95% conf. interval]
-------------+----------------------------------------------------------------
         nhp |   -.004244   .0170256    -0.25   0.805    -.0390652    .0305772
         nnp |   .0537916   .0267665     2.01   0.054     -.000952    .1085353
          bp |   .0048716   .0178275     0.27   0.787    -.0315898    .0413331
       lngdp |  -.0160062    .067264    -0.24   0.814    -.1535765    .1215642
       lnpop |   -.255803   .6404352    -0.40   0.693     -1.56564    1.054034
       _cons |   10.82356    10.0209     1.08   0.289    -9.671468     31.3186
------------------------------------------------------------------------------

Absorbed degrees of freedom:
-----------------------------------------------------+
 Absorbed FE | Categories  - Redundant  = Num. Coefs |
-------------+---------------------------------------|
        fe_u |      2042        2042           0    *|
        fe_t |        31           1          30     |
-----------------------------------------------------+
* = FE nested within cluster; treated as redundant for DoF computation

. eststo D1_stage

. reghdfe ln_co2_per_fl nhp nnp bp lngdp lnpop if eur == 1 & stk != 0 & k <= 0 & treat == 0 & (nbr == 1 | border == 1 | ctrl_eur == 1), absorb(fe_u fe_t) vce(cluster iso3n)
(dropped 87 singleton observations)
(MWFE estimator converged in 6 iterations)

HDFE Linear regression                            Number of obs   =      7,706
Absorbing 2 HDFE groups                           F(   5,     29) =       0.45
Statistics robust to heteroskedasticity           Prob > F        =     0.8090
                                                  R-squared       =     0.9782
                                                  Adj R-squared   =     0.9702
                                                  Within R-sq.    =     0.0010
Number of clusters (iso3n)   =         30         Root MSE        =     0.1892

                                 (Std. err. adjusted for 30 clusters in iso3n)
------------------------------------------------------------------------------
             |               Robust
ln_co2_per~l | Coefficient  std. err.      t    P>|t|     [95% conf. interval]
-------------+----------------------------------------------------------------
         nhp |  -.0307891   .0282157    -1.09   0.284    -.0884968    .0269185
         nnp |  -.0300369     .03551    -0.85   0.405    -.1026631    .0425892
          bp |  -.0274823   .0218815    -1.26   0.219     -.072235    .0172704
       lngdp |   -.082555   .1109017    -0.74   0.463    -.3093745    .1442646
       lnpop |  -.0203548   .5838009    -0.03   0.972    -1.214362    1.173652
       _cons |   11.02325   8.683727     1.27   0.214     -6.73697    28.78346
------------------------------------------------------------------------------

Absorbed degrees of freedom:
-----------------------------------------------------+
 Absorbed FE | Categories  - Redundant  = Num. Coefs |
-------------+---------------------------------------|
        fe_u |      2042        2042           0    *|
        fe_t |        31           1          30     |
-----------------------------------------------------+
* = FE nested within cluster; treated as redundant for DoF computation

. eststo D2_co2pf

. reghdfe ln_deg nhp nnp bp lngdp lnpop if eur == 1 & stk != 0 & k <= 0 & treat == 0 & (nbr == 1 | border == 1 | ctrl_eur == 1), absorb(fe_u fe_t) vce(cluster iso3n)
(dropped 68 singleton observations)
(MWFE estimator converged in 5 iterations)

HDFE Linear regression                            Number of obs   =      7,293
Absorbing 2 HDFE groups                           F(   5,     29) =       2.90
Statistics robust to heteroskedasticity           Prob > F        =     0.0305
                                                  R-squared       =     0.9749
                                                  Adj R-squared   =     0.9658
                                                  Within R-sq.    =     0.0047
Number of clusters (iso3n)   =         30         Root MSE        =     0.2703

                                 (Std. err. adjusted for 30 clusters in iso3n)
------------------------------------------------------------------------------
             |               Robust
      ln_deg | Coefficient  std. err.      t    P>|t|     [95% conf. interval]
-------------+----------------------------------------------------------------
         nhp |   .0207786   .0220286     0.94   0.353     -.024275    .0658322
         nnp |    .167416   .0693636     2.41   0.022     .0255515    .3092806
          bp |   .0242071   .0375903     0.64   0.525    -.0526738    .1010879
       lngdp |   .1437577   .1567289     0.92   0.367     -.176789    .4643044
       lnpop |   1.140358   1.517698     0.75   0.458    -1.963683      4.2444
       _cons |  -20.31352   23.09042    -0.88   0.386    -67.53873    26.91168
------------------------------------------------------------------------------

Absorbed degrees of freedom:
-----------------------------------------------------+
 Absorbed FE | Categories  - Redundant  = Num. Coefs |
-------------+---------------------------------------|
        fe_u |      1919        1919           0    *|
        fe_t |        31           1          30     |
-----------------------------------------------------+
* = FE nested within cluster; treated as redundant for DoF computation

. eststo D3_deg

. reghdfe ln_gaci nhp nnp bp lngdp lnpop if eur == 1 & stk != 0 & k <= 0 & treat == 0 & (nbr == 1 | border == 1 | ctrl_eur == 1), absorb(fe_u fe_t) vce(cluster iso3n)
(dropped 68 singleton observations)
(MWFE estimator converged in 5 iterations)

HDFE Linear regression                            Number of obs   =      7,293
Absorbing 2 HDFE groups                           F(   5,     29) =       1.98
Statistics robust to heteroskedasticity           Prob > F        =     0.1122
                                                  R-squared       =     0.9913
                                                  Adj R-squared   =     0.9881
                                                  Within R-sq.    =     0.0069
Number of clusters (iso3n)   =         30         Root MSE        =     0.0357

                                 (Std. err. adjusted for 30 clusters in iso3n)
------------------------------------------------------------------------------
             |               Robust
     ln_gaci | Coefficient  std. err.      t    P>|t|     [95% conf. interval]
-------------+----------------------------------------------------------------
         nhp |  -.0093981   .0112752    -0.83   0.411    -.0324585    .0136623
         nnp |   -.000588   .0054718    -0.11   0.915    -.0117791    .0106031
          bp |  -.0036901    .004809    -0.77   0.449    -.0135256    .0061453
       lngdp |   .0095152   .0221331     0.43   0.670     -.035752    .0547824
       lnpop |    .382542   .2173048     1.76   0.089    -.0618962    .8269801
       _cons |  -6.809773   3.207087    -2.12   0.042      -13.369   -.2505433
------------------------------------------------------------------------------

Absorbed degrees of freedom:
-----------------------------------------------------+
 Absorbed FE | Categories  - Redundant  = Num. Coefs |
-------------+---------------------------------------|
        fe_u |      1919        1919           0    *|
        fe_t |        31           1          30     |
-----------------------------------------------------+
* = FE nested within cluster; treated as redundant for DoF computation

. eststo D4_gaci

. reghdfe ln_co2 nhp nnp bp lngdp lnpop if eur == 1 & stk != 0 & k <= 0 & treat == 0 & (nbr == 1 | border == 1 | ctrl_eur == 1), absorb(fe_u fe_t) vce(cluster iso3n)
(dropped 87 singleton observations)
(MWFE estimator converged in 6 iterations)

HDFE Linear regression                            Number of obs   =      7,706
Absorbing 2 HDFE groups                           F(   5,     29) =       0.94
Statistics robust to heteroskedasticity           Prob > F        =     0.4682
                                                  R-squared       =     0.9838
                                                  Adj R-squared   =     0.9778
                                                  Within R-sq.    =     0.0025
Number of clusters (iso3n)   =         30         Root MSE        =     0.3889

                                 (Std. err. adjusted for 30 clusters in iso3n)
------------------------------------------------------------------------------
             |               Robust
      ln_co2 | Coefficient  std. err.      t    P>|t|     [95% conf. interval]
-------------+----------------------------------------------------------------
         nhp |  -.0719782   .0542495    -1.33   0.195    -.1829309    .0389745
         nnp |  -.1268232   .0801793    -1.58   0.125    -.2908082    .0371619
          bp |  -.0395093   .0687634    -0.57   0.570    -.1801462    .1011275
       lngdp |  -.0676474   .2026357    -0.33   0.741    -.4820839    .3467891
       lnpop |   2.232218   2.431459     0.92   0.366    -2.740673     7.20511
       _cons |  -18.62448   38.89013    -0.48   0.636    -98.16372    60.91476
------------------------------------------------------------------------------

Absorbed degrees of freedom:
-----------------------------------------------------+
 Absorbed FE | Categories  - Redundant  = Num. Coefs |
-------------+---------------------------------------|
        fe_u |      2042        2042           0    *|
        fe_t |        31           1          30     |
-----------------------------------------------------+
* = FE nested within cluster; treated as redundant for DoF computation

. eststo D5_co2

. * treated side for comparison: stage and CO2 per flight at treated airports
. reghdfe ln_stage tp bp lngdp lnpop if eur == 1 & stk != 0 & k <= 0 & (treat == 1 | border == 1 | ctrl_eur == 1), absorb(fe_u fe_t) vce(cluster iso3n)
(dropped 105 singleton observations)
(MWFE estimator converged in 5 iterations)

HDFE Linear regression                            Number of obs   =      8,532
Absorbing 2 HDFE groups                           F(   4,     29) =       0.58
Statistics robust to heteroskedasticity           Prob > F        =     0.6761
                                                  R-squared       =     0.9760
                                                  Adj R-squared   =     0.9671
                                                  Within R-sq.    =     0.0009
Number of clusters (iso3n)   =         30         Root MSE        =     0.1676

                                 (Std. err. adjusted for 30 clusters in iso3n)
------------------------------------------------------------------------------
             |               Robust
    ln_stage | Coefficient  std. err.      t    P>|t|     [95% conf. interval]
-------------+----------------------------------------------------------------
          tp |  -.0162731     .01575    -1.03   0.310    -.0484855    .0159393
          bp |   .0023238   .0180572     0.13   0.898    -.0346074     .039255
       lngdp |   .0198143   .0575986     0.34   0.733     -.097988    .1376166
       lnpop |  -.5729041   .4743968    -1.21   0.237    -1.543155    .3973463
       _cons |   15.07008    8.01962     1.88   0.070    -1.331885    31.47204
------------------------------------------------------------------------------

Absorbed degrees of freedom:
-----------------------------------------------------+
 Absorbed FE | Categories  - Redundant  = Num. Coefs |
-------------+---------------------------------------|
        fe_u |      2258        2258           0    *|
        fe_t |        31           1          30     |
-----------------------------------------------------+
* = FE nested within cluster; treated as redundant for DoF computation

. eststo D6_treat_stage

. reghdfe ln_co2_per_fl tp bp lngdp lnpop if eur == 1 & stk != 0 & k <= 0 & (treat == 1 | border == 1 | ctrl_eur == 1), absorb(fe_u fe_t) vce(cluster iso3n)
(dropped 105 singleton observations)
(MWFE estimator converged in 5 iterations)

HDFE Linear regression                            Number of obs   =      8,532
Absorbing 2 HDFE groups                           F(   4,     29) =       0.84
Statistics robust to heteroskedasticity           Prob > F        =     0.5114
                                                  R-squared       =     0.9801
                                                  Adj R-squared   =     0.9728
                                                  Within R-sq.    =     0.0012
Number of clusters (iso3n)   =         30         Root MSE        =     0.1844

                                 (Std. err. adjusted for 30 clusters in iso3n)
------------------------------------------------------------------------------
             |               Robust
ln_co2_per~l | Coefficient  std. err.      t    P>|t|     [95% conf. interval]
-------------+----------------------------------------------------------------
          tp |   .0068069   .0226661     0.30   0.766    -.0395506    .0531643
          bp |  -.0237892   .0223382    -1.06   0.296     -.069476    .0218976
       lngdp |   .0074776   .1037975     0.07   0.943    -.2048122    .2197673
       lnpop |  -.6659046   .4413064    -1.51   0.142    -1.568477    .2366683
       _cons |   19.20065   7.372587     2.60   0.014     4.122021    34.27929
------------------------------------------------------------------------------

Absorbed degrees of freedom:
-----------------------------------------------------+
 Absorbed FE | Categories  - Redundant  = Num. Coefs |
-------------+---------------------------------------|
        fe_u |      2258        2258           0    *|
        fe_t |        31           1          30     |
-----------------------------------------------------+
* = FE nested within cluster; treated as redundant for DoF computation

. eststo D7_treat_co2pf

. esttab D1_stage D2_co2pf D3_deg D4_gaci D5_co2 D6_treat_stage D7_treat_co2pf using "L_D_rerouting.rtf", replace b(4) se(4) star(* 0.10 ** 0.05 *** 0.01) keep(nhp nnp bp tp) stats(N N_clust, labels("
> Observations" "Countries")) title("Leakage D: stage length, CO2 per flight, destinations and GACI at adjacent-country hubs; treated side for comparison")
(output written to L_D_rerouting.rtf)

. esttab D1_stage D2_co2pf D3_deg D4_gaci D5_co2 D6_treat_stage D7_treat_co2pf, b(4) se(4) star(* 0.10 ** 0.05 *** 0.01) keep(nhp nnp bp tp) stats(N N_clust)

----------------------------------------------------------------------------------------------------------------------------
                      (1)             (2)             (3)             (4)             (5)             (6)             (7)   
                 ln_stage    ln_co2_per~l          ln_deg         ln_gaci          ln_co2        ln_stage    ln_co2_per~l   
----------------------------------------------------------------------------------------------------------------------------
nhp               -0.0042         -0.0308          0.0208         -0.0094         -0.0720                                   
                 (0.0170)        (0.0282)        (0.0220)        (0.0113)        (0.0542)                                   

nnp                0.0538*        -0.0300          0.1674**       -0.0006         -0.1268                                   
                 (0.0268)        (0.0355)        (0.0694)        (0.0055)        (0.0802)                                   

bp                 0.0049         -0.0275          0.0242         -0.0037         -0.0395          0.0023         -0.0238   
                 (0.0178)        (0.0219)        (0.0376)        (0.0048)        (0.0688)        (0.0181)        (0.0223)   

tp                                                                                                -0.0163          0.0068   
                                                                                                 (0.0158)        (0.0227)   
----------------------------------------------------------------------------------------------------------------------------
N               7706.0000       7706.0000       7293.0000       7293.0000       7706.0000       8532.0000       8532.0000   
N_clust           30.0000         30.0000         30.0000         30.0000         30.0000         30.0000         30.0000   
----------------------------------------------------------------------------------------------------------------------------
Standard errors in parentheses
* p<0.10, ** p<0.05, *** p<0.01

. log close
      name:  <unnamed>
       log:  C:\Users\sunbi\managi-lab Dropbox\Sunbin Yoo\Research Box ^-^\2026\GACI\GACI_FuelShock\stata_paper\03_leakage_run.log
  log type:  text
 closed on:   3 Oct 2026, 09:24:03
--------------------------------------------------------------------------------------------------------------------------------------------------------------------------------------------------------
