note: Running TeX ...
Fontconfig error: Cannot load default config file: No such file: (null)
warning: lineno.sty:296: Invalid UTF-8 byte or sequence at line 296 replaced by U+FFFD.
warning: main.tex:111: Overfull \hbox (2.22pt too wide) has occurred while \output is active
note: Running BibTeX on main.aux ...
note: Rerunning TeX because bibtex was run ...
warning: lineno.sty:296: Invalid UTF-8 byte or sequence at line 296 replaced by U+FFFD.
warning: main.tex:111: Overfull \hbox (2.22pt too wide) has occurred while \output is active
note: Rerunning TeX because "main.aux" changed ...
warning: lineno.sty:296: Invalid UTF-8 byte or sequence at line 296 replaced by U+FFFD.
warning: main.tex:111: Overfull \hbox (2.22pt too wide) has occurred while \output is active
note: Rerunning TeX because "main.aux" changed ...
warning: lineno.sty:296: Invalid UTF-8 byte or sequence at line 296 replaced by U+FFFD.
warning: main.tex:111: Overfull \hbox (2.22pt too wide) has occurred while \output is active
note: Rerunning TeX because "refs_inequality_v4.bib" changed ...
warning: lineno.sty:296: Invalid UTF-8 byte or sequence at line 296 replaced by U+FFFD.
warning: main.tex:111: Overfull \hbox (2.22pt too wide) has occurred while \output is active
note: Rerunning TeX because "refs_inequality_v4.bib" changed ...
warning: lineno.sty:296: Invalid UTF-8 byte or sequence at line 296 replaced by U+FFFD.
warning: main.tex:111: Overfull \hbox (2.22pt too wide) has occurred while \output is active
note: Rerunning TeX because "refs_inequality_v4.bib" changed ...
warning: lineno.sty:296: Invalid UTF-8 byte or sequence at line 296 replaced by U+FFFD.
warning: main.tex:111: Overfull \hbox (2.22pt too wide) has occurred while \output is active
warning: TeX rerun seems needed, but stopping at 6 passes
warning: warnings were issued by the TeX engine; use --print and/or --keep-logs for details.
note: Running xdvipdfmx ...
warning: Object @figure.1 already defined.
warning: Object @table.1 already defined.
warning: Object @figure.2 already defined.
warning: Object @figure.3 already defined.
warning: Object @figure.4 already defined.
warning: Object @table.2 already defined.
warning: Object @table.3 already defined.
warning: Object @figure.5 already defined.
warning: Object @table.4 already defined.
warning: Object @table.5 already defined.
warning: Object @table.6 already defined.
warning: Object @table.7 already defined.
warning: Object @figure.6 already defined.
warning: Object @table.8 already defined.
warning: Object @table.9 already defined.
warning: Object @figure.7 already defined.
warning: Object @figure.8 already defined.
warning: Object @figure.9 already defined.
warning: Object @table.10 already defined.
warning: Object @table.11 already defined.
warning: Object @table.12 already defined.
note: Writing `.\main.log` (37.76 KiB)
note: Writing `.\main.pdf` (5.13 MiB)
note: Writing `.\main.blg` (209 B)
note: Skipped writing 5 intermediate files (use --keep-intermediates to keep them)
