
  ___  ____  ____  ____  ____ ®
 /__    /   ____/   /   ____/      StataNow 19.5
___/   /   /___/   /   /___/       SE—Standard Edition

 Statistics and Data Science       Copyright 1985-2025 StataCorp LLC
                                   StataCorp
                                   4905 Lakeway Drive
                                   College Station, Texas 77845 USA
                                   800-782-8272        https://www.stata.com
                                   979-696-4600        service@stata.com

Stata license: Unlimited-user network, expiring 16 May 2027
Serial number: 401909343485
  Licensed to: Sunbin Yoo
               SKKU

Notes:
      1. Stata is running in batch mode.
      2. Unicode is supported; see help unicode_advice.
      3. Maximum number of variables is set to 5,000 but can be increased;
          see help set_maxvar.

. do "C:\Users\sunbi\managi-lab Dropbox\Sunbin Yoo\Research Box ^-^\2026\GACI\e
> xt2024\do_ext2024\gaci_main_table.do" 

. *============================================================================
> ==
. * gaci_main_table.do
. * MAIN RESULTS: OLS, first stage, 2SLS for outcomes {openness, volume, GDP}
. *   under two connectivity measures: ln_gaci_cwm (hub quality) and lng (sum).
. *   Robust SE throughout. Country + year FE. Instrument = tourism_int.
. * Output: on-screen esttab + _main_results.rtf  (also _main_results.csv)
. *============================================================================
> ==
. clear all

. set more off

. set linesize 255

. version 14

. cd "C:/Users/sunbi/managi-lab Dropbox/Sunbin Yoo/Research Box ^-^/2026/GACI/ext2024"
C:\Users\sunbi\managi-lab Dropbox\Sunbin Yoo\Research Box ^-^\2026\GACI\ext2024

. capture log close _all

. log using "gaci_main_table.log", replace text
file C:\Users\sunbi\managi-lab Dropbox\Sunbin Yoo\Research Box ^-^\2026\GACI\ext2024\gaci_main_table.log cannot be modified or erased; likely cause is read-only directory or file
r(608);

end of do-file
r(608);
