
  ___  ____  ____  ____  ____ (R)
 /__    /   ____/   /   ____/
___/   /   /___/   /   /___/   16.1   Copyright 1985-2019 StataCorp LLC
  Statistics/Data analysis            StataCorp
                                      4905 Lakeway Drive
     MP - Parallel Edition            College Station, Texas 77845 USA
                                      800-STATA-PC        https://www.stata.com
                                      979-696-4600        stata@stata.com
                                      979-696-4601 (fax)

Stata license: Single-user 12-core  perpetual
Serial number: 501606210961
  Licensed to: Sunbin Yoo
               Kyushu University

Notes:
      1. Stata is running in batch mode.
      2. Unicode is supported; see help unicode_advice.
      3. More than 2 billion observations are allowed; see help obs_advice.
      4. Maximum number of variables is set to 5,000; see help set_maxvar.

. do gaci_ols_iv.do 

. *============================================================================
> ==
. * gaci_ols_iv.do  --  OLS version + IV(2SLS) version, with estat diagnostics
. *   Dataset : gaci_panel.csv   (built by build_gaci_panel.py)
. *   FE      : region + year  (i.regcode i.y)   [country FE kills the geograph
> ic IV]
. *   SE      : robust, NOT clustered  (analyst choice 2026-06-17)
. *   Engine  : ivregress 2sls  -> estat firststage / estat endogenous / estat 
> overid
. *   Outcome : trade_intensity = ln(trade/GDP) = openness  (also ln_tradevol)
. *   Treat   : ln_gaci_cwm (hub quality) and lng (GACI_sum, scale)
. *   IV      : lnz (leave-out market access) ; ln_unesco_nat (natural heritage
> , robustness)
. *============================================================================
> ==
. clear all

. set more off

. version 14

. cd "C:/Users/sunbi/managi-lab Dropbox/Sunbin Yoo/Research Box ^-^/2026/GACI"
C:\Users\sunbi\managi-lab Dropbox\Sunbin Yoo\Research Box ^-^\2026\GACI

. import delimited "gaci_panel.csv", clear varnames(1) encoding("utf-8")
(34 vars, 4,714 obs)

. 
. ds c reg, not
y             lncap         lnz_own       deg_mean      regimp_sum
trade_share   gaci_cwmean   lnpc          eig_sum       regimp_mean
ln_tradevol   gaci_mean     lnpop         eig_mean      cap_sum
lngdp         ln_unesco     lnland        close_sum     cap_mean
lng           unesco_cum    abslat        close_mean
ln_gaci_cwm   unesco_cum~t  n_air         betw_sum
ln_gaci_mean  lnz           deg_sum       betw_mean

. destring `r(varlist)', replace force
y already numeric; no replace
trade_share already numeric; no replace
ln_tradevol already numeric; no replace
lngdp already numeric; no replace
lng already numeric; no replace
ln_gaci_cwm already numeric; no replace
ln_gaci_mean already numeric; no replace
lncap already numeric; no replace
gaci_cwmean already numeric; no replace
gaci_mean already numeric; no replace
ln_unesco already numeric; no replace
unesco_cum already numeric; no replace
unesco_cum_nat already numeric; no replace
lnz already numeric; no replace
lnz_own already numeric; no replace
lnpc already numeric; no replace
lnpop already numeric; no replace
lnland already numeric; no replace
abslat already numeric; no replace
n_air already numeric; no replace
deg_sum already numeric; no replace
deg_mean already numeric; no replace
eig_sum already numeric; no replace
eig_mean already numeric; no replace
close_sum already numeric; no replace
close_mean already numeric; no replace
betw_sum already numeric; no replace
betw_mean already numeric; no replace
regimp_sum already numeric; no replace
regimp_mean already numeric; no replace
cap_sum already numeric; no replace
cap_mean already numeric; no replace

. encode c,   gen(isocode)

. encode reg, gen(regcode)

. xtset isocode y
       panel variable:  isocode (unbalanced)
        time variable:  y, 1996 to 2023, but with gaps
                delta:  1 unit

. 
. gen  trade_intensity = ln_tradevol - lngdp        // openness = ln(trade/GDP)

. replace ln_unesco    = ln(1 + unesco_cum)
(4,714 real changes made)

. gen  ln_unesco_nat   = ln(1 + unesco_cum_nat)     // clean tourism IV (nature
> +mixed)

. 
. label var ln_gaci_cwm "ln cap-wtd-mean GACI (hub quality)"

. label var lng         "ln GACI_sum (scale)"

. label var lnz         "ln market access (leave-out IV)"

. label var trade_intensity "ln(trade/GDP) openness"

. 
. *============================================================================
> ==
. * 1) OLS VERSION  (region+year FE, robust)
. *============================================================================
> ==
. di _n "############################## OLS ##############################"

############################## OLS ##############################

. di _n "==== OLS-1 openness on hub quality (ln_gaci_cwm) ===="

==== OLS-1 openness on hub quality (ln_gaci_cwm) ====

. reghdfe trade_intensity ln_gaci_cwm lnpop deg_mean, absorb(regcode y) vce(rob
> ust)
(MWFE estimator converged in 4 iterations)

HDFE Linear regression                            Number of obs   =      4,714
Absorbing 2 HDFE groups                           F(   3,   4667) =    1009.19
                                                  Prob > F        =     0.0000
                                                  R-squared       =     0.5702
                                                  Adj R-squared   =     0.5659
                                                  Within R-sq.    =     0.4411
                                                  Root MSE        =     0.3519

------------------------------------------------------------------------------
             |               Robust
trade_inte~y |      Coef.   Std. Err.      t    P>|t|     [95% Conf. Interval]
-------------+----------------------------------------------------------------
 ln_gaci_cwm |    .271586   .0304778     8.91   0.000     .2118351    .3313369
       lnpop |  -.1748079   .0041152   -42.48   0.000    -.1828755   -.1667402
    deg_mean |   .0059331   .0003683    16.11   0.000      .005211    .0066552
       _cons |   2.331811    .067537    34.53   0.000     2.199407    2.464216
------------------------------------------------------------------------------

Absorbed degrees of freedom:
-----------------------------------------------------+
 Absorbed FE | Categories  - Redundant  = Num. Coefs |
-------------+---------------------------------------|
     regcode |        17           0          17     |
           y |        28           1          27     |
-----------------------------------------------------+

. estimates store OLS_cwm

. di _n "==== OLS-2 openness on GACI_sum (lng) ===="

==== OLS-2 openness on GACI_sum (lng) ====

. reghdfe trade_intensity lng lnpop deg_mean, absorb(regcode y) vce(robust)
(MWFE estimator converged in 4 iterations)

HDFE Linear regression                            Number of obs   =      4,714
Absorbing 2 HDFE groups                           F(   3,   4667) =    1002.65
                                                  Prob > F        =     0.0000
                                                  R-squared       =     0.5639
                                                  Adj R-squared   =     0.5596
                                                  Within R-sq.    =     0.4330
                                                  Root MSE        =     0.3545

------------------------------------------------------------------------------
             |               Robust
trade_inte~y |      Coef.   Std. Err.      t    P>|t|     [95% Conf. Interval]
-------------+----------------------------------------------------------------
         lng |   .0201961   .0073567     2.75   0.006     .0057735    .0346187
       lnpop |  -.1633101   .0048105   -33.95   0.000     -.172741   -.1538793
    deg_mean |   .0080844     .00034    23.78   0.000     .0074178    .0087511
       _cons |   2.082385   .0662886    31.41   0.000     1.952428    2.212342
------------------------------------------------------------------------------

Absorbed degrees of freedom:
-----------------------------------------------------+
 Absorbed FE | Categories  - Redundant  = Num. Coefs |
-------------+---------------------------------------|
     regcode |        17           0          17     |
           y |        28           1          27     |
-----------------------------------------------------+

. estimates store OLS_sum

. di _n "==== OLS-3 trade volume on hub quality ===="

==== OLS-3 trade volume on hub quality ====

. reghdfe ln_tradevol ln_gaci_cwm lngdp lnpop deg_mean, absorb(regcode y) vce(r
> obust)
(MWFE estimator converged in 4 iterations)

HDFE Linear regression                            Number of obs   =      4,714
Absorbing 2 HDFE groups                           F(   4,   4666) =   24906.17
                                                  Prob > F        =     0.0000
                                                  R-squared       =     0.9766
                                                  Adj R-squared   =     0.9764
                                                  Within R-sq.    =     0.9500
                                                  Root MSE        =     0.3519

------------------------------------------------------------------------------
             |               Robust
 ln_tradevol |      Coef.   Std. Err.      t    P>|t|     [95% Conf. Interval]
-------------+----------------------------------------------------------------
 ln_gaci_cwm |   .3051997    .042522     7.18   0.000     .2218366    .3885629
       lngdp |   .9901932   .0090043   109.97   0.000     .9725405    1.007846
       lnpop |  -.1690332   .0072288   -23.38   0.000    -.1832051   -.1548613
    deg_mean |   .0058304   .0003809    15.31   0.000     .0050836    .0065772
       _cons |   2.479543   .1414759    17.53   0.000     2.202183    2.756902
------------------------------------------------------------------------------

Absorbed degrees of freedom:
-----------------------------------------------------+
 Absorbed FE | Categories  - Redundant  = Num. Coefs |
-------------+---------------------------------------|
     regcode |        17           0          17     |
           y |        28           1          27     |
-----------------------------------------------------+

. estimates store OLS_vol

. 
. *============================================================================
> ==
. * 2) IV (2SLS) VERSION  + estat diagnostics
. *    estat firststage  -> weak-id F (robust) + Stock-Yogo critical values
. *    estat endogenous  -> Durbin-Wu-Hausman test of treatment endogeneity
. *    estat overid      -> Sargan/Wooldridge (only when overidentified)
. *============================================================================
> ==
. di _n "############################## IV / 2SLS #############################
> #"

############################## IV / 2SLS ##############################

. 
. di _n "===== IV-1 HEADLINE: openness, (ln_gaci_cwm = lnz) ====="

===== IV-1 HEADLINE: openness, (ln_gaci_cwm = lnz) =====

. ivregress 2sls trade_intensity lnpop deg_mean i.regcode i.y (ln_gaci_cwm = ln
> z), vce(robust) first

First-stage regressions
-----------------------

                                                Number of obs     =      4,714
                                                F(  46,   4667)   =     352.61
                                                Prob > F          =     0.0000
                                                R-squared         =     0.7511
                                                Adj R-squared     =     0.7487
                                                Root MSE          =     0.1617

------------------------------------------------------------------------------
             |               Robust
 ln_gaci_cwm |      Coef.   Std. Err.      t    P>|t|     [95% Conf. Interval]
-------------+----------------------------------------------------------------
       lnpop |   .0616168   .0019315    31.90   0.000     .0578302    .0654034
    deg_mean |   .0074269   .0001722    43.14   0.000     .0070894    .0077644
             |
     regcode |
        AF2  |  -.0880731   .0135171    -6.52   0.000    -.1145731   -.0615731
        AF3  |  -.0537883   .0102208    -5.26   0.000    -.0738258   -.0337508
        AF4  |   .0024843    .014706     0.17   0.866    -.0263463    .0313149
        AS1  |  -.0590522   .0136712    -4.32   0.000    -.0858543     -.03225
        AS2  |  -.1313981   .0121195   -10.84   0.000    -.1551581   -.1076381
        AS3  |   .1597513   .0176554     9.05   0.000     .1251385    .1943642
        AS4  |   .0404041   .0169409     2.39   0.017     .0071919    .0736164
        EU1  |   .2634941   .0111797    23.57   0.000     .2415765    .2854117
        EU2  |   .0085816   .0096007     0.89   0.371    -.0102403    .0274035
        LA1  |   .1782735   .0143234    12.45   0.000     .1501929    .2063542
        LA2  |   .0553653   .0143464     3.86   0.000     .0272395    .0834911
        LA3  |   .0289604   .0125412     2.31   0.021     .0043738     .053547
        LA4  |   .0023269   .0132109     0.18   0.860    -.0235727    .0282265
        ME1  |   .0893868   .0147713     6.05   0.000      .060428    .1183456
        NA1  |   .2019017   .0229158     8.81   0.000      .156976    .2468275
        SW1  |   .1337988   .0150116     8.91   0.000     .1043689    .1632287
             |
           y |
       1997  |  -.0045161   .0175407    -0.26   0.797    -.0389041    .0298719
       1998  |  -.0098735   .0177038    -0.56   0.577    -.0445813    .0248343
       1999  |  -.0076112   .0177601    -0.43   0.668    -.0424293    .0272069
       2000  |  -.0121354   .0176116    -0.69   0.491    -.0466623    .0223916
       2001  |  -.0107418   .0176996    -0.61   0.544    -.0454413    .0239577
       2002  |  -.0071551    .017399    -0.41   0.681    -.0412652    .0269551
       2003  |  -.0106382    .017781    -0.60   0.550    -.0454973    .0242208
       2004  |  -.0045819   .0174151    -0.26   0.792    -.0387237    .0295598
       2005  |   .0047821   .0175477     0.27   0.785    -.0296197    .0391839
       2006  |   .0171669   .0173243     0.99   0.322    -.0167969    .0511307
       2007  |    .022752   .0171247     1.33   0.184    -.0108204    .0563245
       2008  |   .0265861   .0172361     1.54   0.123    -.0072049    .0603771
       2009  |   .0243204   .0172452     1.41   0.159    -.0094884    .0581292
       2010  |   .0285185   .0171915     1.66   0.097     -.005185    .0622219
       2011  |   .0286463   .0169576     1.69   0.091    -.0045985    .0618911
       2012  |   .0276592   .0172531     1.60   0.109     -.006165    .0614835
       2013  |   .0254528   .0173605     1.47   0.143    -.0085821    .0594877
       2014  |   .0277415     .01755     1.58   0.114    -.0066649    .0621478
       2015  |   .0346947   .0175989     1.97   0.049     .0001925    .0691969
       2016  |   .0421399   .0176473     2.39   0.017     .0075429    .0767369
       2017  |   .0561404   .0180349     3.11   0.002     .0207834    .0914974
       2018  |   .0547797   .0183153     2.99   0.003      .018873    .0906864
       2019  |   .0569909   .0184102     3.10   0.002     .0208982    .0930836
       2020  |  -.0246158   .0164903    -1.49   0.136    -.0569446    .0077131
       2021  |   -.036297   .0169153    -2.15   0.032     -.069459   -.0031351
       2022  |   .0199112    .017651     1.13   0.259    -.0146931    .0545155
       2023  |   .0411745   .0188626     2.18   0.029     .0041949    .0781541
             |
         lnz |    .037466   .0027423    13.66   0.000     .0320898    .0428422
       _cons |  -1.666691   .0340735   -48.91   0.000    -1.733491   -1.599891
------------------------------------------------------------------------------


Instrumental variables (2SLS) regression          Number of obs   =      4,714
                                                  Wald chi2(46)   =    5403.88
                                                  Prob > chi2     =     0.0000
                                                  R-squared       =     0.5305
                                                  Root MSE        =     .36596

------------------------------------------------------------------------------
             |               Robust
trade_inte~y |      Coef.   Std. Err.      z    P>|z|     [95% Conf. Interval]
-------------+----------------------------------------------------------------
 ln_gaci_cwm |    .919219   .1581268     5.81   0.000     .6092962    1.229142
       lnpop |  -.2259827   .0122517   -18.44   0.000    -.2499956   -.2019698
    deg_mean |   .0013948   .0011193     1.25   0.213     -.000799    .0035887
             |
     regcode |
        AF2  |   .3199252   .0513129     6.23   0.000     .2193538    .4204966
        AF3  |  -.0409072   .0498859    -0.82   0.412    -.1386817    .0568673
        AF4  |   -.108903   .0510557    -2.13   0.033    -.2089702   -.0088357
        AS1  |  -.0345953   .0476476    -0.73   0.468    -.1279828    .0587923
        AS2  |   .3185246   .0592202     5.38   0.000     .2024552     .434594
        AS3  |   .4100336   .0595595     6.88   0.000     .2932991     .526768
        AS4  |   .1165981   .0575363     2.03   0.043      .003829    .2293673
        EU1  |  -.1585448   .0634685    -2.50   0.012    -.2829408   -.0341488
        EU2  |   .2367836   .0443221     5.34   0.000     .1499138    .3236533
        LA1  |  -.3562595   .0563308    -6.32   0.000    -.4666658   -.2458532
        LA2  |   .0732086   .0493789     1.48   0.138    -.0235723    .1699896
        LA3  |  -.1054438   .0505608    -2.09   0.037    -.2045411   -.0063466
        LA4  |  -.2449872   .0509234    -4.81   0.000    -.3447952   -.1451793
        ME1  |  -.1021839   .0483692    -2.11   0.035    -.1969859    -.007382
        NA1  |  -.4886319   .0735202    -6.65   0.000    -.6327288    -.344535
        SW1  |  -.3769186   .0527029    -7.15   0.000    -.4802144   -.2736229
             |
           y |
       1997  |   .0160497   .0434268     0.37   0.712    -.0690653    .1011646
       1998  |   .0130628   .0430857     0.30   0.762    -.0713836    .0975092
       1999  |   .0094651   .0431342     0.22   0.826    -.0750764    .0940066
       2000  |   .0731898   .0432673     1.69   0.091    -.0116125    .1579921
       2001  |   .0703732   .0417965     1.68   0.092    -.0115463    .1522928
       2002  |   .0912355   .0425025     2.15   0.032     .0079321    .1745389
       2003  |   .1134077   .0430226     2.64   0.008      .029085    .1977304
       2004  |   .1390167   .0423193     3.28   0.001     .0560724    .2219611
       2005  |   .1614201   .0419438     3.85   0.000     .0792118    .2436283
       2006  |   .1631786   .0416596     3.92   0.000     .0815273      .24483
       2007  |    .173334   .0422419     4.10   0.000     .0905413    .2561267
       2008  |   .1957009   .0427211     4.58   0.000     .1119692    .2794327
       2009  |   .0771188     .04166     1.85   0.064    -.0045333    .1587709
       2010  |   .1160825   .0414761     2.80   0.005     .0347909     .197374
       2011  |    .165029   .0412405     4.00   0.000     .0841991    .2458588
       2012  |   .1600189   .0402817     3.97   0.000     .0810681    .2389697
       2013  |   .1484907   .0404034     3.68   0.000     .0693014      .22768
       2014  |   .1294122   .0402257     3.22   0.001     .0505712    .2082532
       2015  |   .0651332   .0407988     1.60   0.110     -.014831    .1450975
       2016  |   .0290284   .0417146     0.70   0.487    -.0527307    .1107875
       2017  |   .0470776   .0419347     1.12   0.262    -.0351129    .1292681
       2018  |   .0741473   .0416876     1.78   0.075    -.0075589    .1558535
       2019  |   .0568107    .041821     1.36   0.174    -.0251569    .1387783
       2020  |   .0289857   .0419119     0.69   0.489    -.0531601    .1111315
       2021  |   .1533548   .0440941     3.48   0.001     .0669319    .2397776
       2022  |    .186193    .044934     4.14   0.000     .0981238    .2742621
       2023  |   .1141839   .0467929     2.44   0.015     .0224715    .2058963
             |
       _cons |   3.133314    .228487    13.71   0.000     2.685488    3.581141
------------------------------------------------------------------------------
Instrumented:  ln_gaci_cwm
Instruments:   lnpop deg_mean 2.regcode 3.regcode 4.regcode 5.regcode
               6.regcode 7.regcode 8.regcode 9.regcode 10.regcode 11.regcode
               12.regcode 13.regcode 14.regcode 15.regcode 16.regcode
               17.regcode 1997.y 1998.y 1999.y 2000.y 2001.y 2002.y 2003.y
               2004.y 2005.y 2006.y 2007.y 2008.y 2009.y 2010.y 2011.y
               2012.y 2013.y 2014.y 2015.y 2016.y 2017.y 2018.y 2019.y
               2020.y 2021.y 2022.y 2023.y lnz

. estimates store IV_cwm

. estat firststage, all

  First-stage regression summary statistics
  --------------------------------------------------------------------------
               |            Adjusted      Partial       Robust
      Variable |   R-sq.       R-sq.        R-sq.     F(1,4667)   Prob > F
  -------------+------------------------------------------------------------
   ln_gaci_cwm |  0.7511      0.7487       0.0402       186.737    0.0000
  --------------------------------------------------------------------------


  Shea's partial R-squared
  --------------------------------------------------
               |     Shea's             Shea's
      Variable |  Partial R-sq.   Adj. Partial R-sq.
  -------------+------------------------------------
   ln_gaci_cwm |     0.0402             0.0305
  --------------------------------------------------


. estat endogenous

  Tests of endogeneity
  Ho: variables are exogenous

  Robust score chi2(1)            =  17.5351  (p = 0.0000)
  Robust regression F(1,4666)     =   16.636  (p = 0.0000)

. 
. di _n "===== IV-2 treatment = GACI_sum: openness, (lng = lnz) ====="

===== IV-2 treatment = GACI_sum: openness, (lng = lnz) =====

. ivregress 2sls trade_intensity lnpop deg_mean i.regcode i.y (lng = lnz), vce(
> robust) first

First-stage regressions
-----------------------

                                                Number of obs     =      4,714
                                                F(  46,   4667)   =     439.57
                                                Prob > F          =     0.0000
                                                R-squared         =     0.7923
                                                Adj R-squared     =     0.7902
                                                Root MSE          =     0.6200

------------------------------------------------------------------------------
             |               Robust
         lng |      Coef.   Std. Err.      t    P>|t|     [95% Conf. Interval]
-------------+----------------------------------------------------------------
       lnpop |   .2946606   .0103546    28.46   0.000     .2743607    .3149606
    deg_mean |  -.0075022   .0004844   -15.49   0.000    -.0084519   -.0065526
             |
     regcode |
        AF2  |  -.4171836   .0506613    -8.23   0.000    -.5165036   -.3178636
        AF3  |  -.5914159   .0454852   -13.00   0.000    -.6805883   -.5022435
        AF4  |  -.4836393   .0717095    -6.74   0.000    -.6242239   -.3430548
        AS1  |  -1.382623   .0688801   -20.07   0.000     -1.51766   -1.247585
        AS2  |  -1.122874   .0646545   -17.37   0.000    -1.249628   -.9961208
        AS3  |  -.6631688   .0540584   -12.27   0.000    -.7691488   -.5571887
        AS4  |  -.6088743   .0762614    -7.98   0.000    -.7583827   -.4593658
        EU1  |   .4760298   .0406843    11.70   0.000     .3962693    .5557903
        EU2  |  -.4092955   .0374239   -10.94   0.000    -.4826641    -.335927
        LA1  |    .310174   .0557051     5.57   0.000     .2009656    .4193824
        LA2  |  -.2873365    .052021    -5.52   0.000    -.3893222   -.1853507
        LA3  |  -.2077658   .0443174    -4.69   0.000    -.2946489   -.1208828
        LA4  |  -.2389561   .0835561    -2.86   0.004    -.4027655   -.0751466
        ME1  |   -.229603   .0442195    -5.19   0.000    -.3162942   -.1429119
        NA1  |   1.281844   .0900403    14.24   0.000     1.105322    1.458365
        SW1  |    .906818   .0541255    16.75   0.000     .8007065     1.01293
             |
           y |
       1997  |  -.0365234   .0758807    -0.48   0.630    -.1852854    .1122385
       1998  |   -.054161   .0759946    -0.71   0.476    -.2031464    .0948244
       1999  |  -.0792622   .0761439    -1.04   0.298    -.2285402    .0700158
       2000  |  -.0754362   .0738724    -1.02   0.307    -.2202611    .0693887
       2001  |   -.095333   .0741887    -1.29   0.199    -.2407779     .050112
       2002  |  -.0940959   .0721572    -1.30   0.192    -.2355581    .0473664
       2003  |  -.1032502   .0738134    -1.40   0.162    -.2479594     .041459
       2004  |  -.0900121   .0720709    -1.25   0.212    -.2313051     .051281
       2005  |  -.0862758    .071694    -1.20   0.229    -.2268298    .0542782
       2006  |  -.0400638   .0697305    -0.57   0.566    -.1767685    .0966408
       2007  |  -.0198943   .0701437    -0.28   0.777    -.1574091    .1176206
       2008  |  -.0280835    .071133    -0.39   0.693    -.1675378    .1113708
       2009  |  -.0206955   .0701465    -0.30   0.768    -.1582158    .1168248
       2010  |   -.008912   .0698256    -0.13   0.898    -.1458032    .1279792
       2011  |  -.0200892   .0697966    -0.29   0.773    -.1569234    .1167451
       2012  |  -.0180381   .0691182    -0.26   0.794    -.1535424    .1174663
       2013  |  -.0059471   .0693743    -0.09   0.932    -.1419535    .1300593
       2014  |   .0178059   .0707604     0.25   0.801    -.1209179    .1565298
       2015  |    .013392   .0710672     0.19   0.851    -.1259333    .1527173
       2016  |   .0445863   .0699844     0.64   0.524    -.0926162    .1817889
       2017  |    .083122   .0695022     1.20   0.232    -.0531353    .2193792
       2018  |   .1015641   .0691422     1.47   0.142    -.0339873    .2371155
       2019  |   .0983836   .0699426     1.41   0.160     -.038737    .2355042
       2020  |   .0295628   .0699154     0.42   0.672    -.1075044    .1666301
       2021  |  -.0163308   .0708424    -0.23   0.818    -.1552154    .1225539
       2022  |   .0311096   .0710861     0.44   0.662    -.1082528     .170472
       2023  |   .0617577   .0727929     0.85   0.396    -.0809509    .2044662
             |
         lnz |   .4276518   .0165919    25.77   0.000     .3951239    .4601798
       _cons |  -8.364451   .1397418   -59.86   0.000    -8.638411   -8.090491
------------------------------------------------------------------------------


Instrumental variables (2SLS) regression          Number of obs   =      4,714
                                                  Wald chi2(46)   =    5728.05
                                                  Prob > chi2     =     0.0000
                                                  R-squared       =     0.5573
                                                  Root MSE        =     .35538

------------------------------------------------------------------------------
             |               Robust
trade_inte~y |      Coef.   Std. Err.      z    P>|z|     [95% Conf. Interval]
-------------+----------------------------------------------------------------
         lng |   .0805316   .0135092     5.96   0.000     .0540541    .1070091
       lnpop |  -.1930729    .006894   -28.01   0.000    -.2065849   -.1795608
    deg_mean |    .008826   .0003799    23.23   0.000     .0080813    .0095706
             |
     regcode |
        AF2  |   .2725632   .0466461     5.84   0.000     .1811386    .3639878
        AF3  |  -.0427228   .0478234    -0.89   0.372    -.1364549    .0510094
        AF4  |  -.0676711   .0503521    -1.34   0.179    -.1663595    .0310172
        AS1  |   .0224677   .0472159     0.48   0.634    -.0700737    .1150091
        AS2  |   .2881679    .055299     5.21   0.000     .1797838    .3965519
        AS3  |   .6102861    .050201    12.16   0.000     .5118939    .7086782
        AS4  |    .202772   .0516305     3.93   0.000      .101578     .303966
        EU1  |   .0453285   .0439452     1.03   0.302    -.0408025    .1314596
        EU2  |   .2776331   .0437271     6.35   0.000     .1919295    .3633368
        LA1  |  -.2173659   .0511491    -4.25   0.000    -.3176163   -.1171155
        LA2  |   .1472412   .0462498     3.18   0.001     .0565933    .2378891
        LA3  |  -.0620912   .0486351    -1.28   0.202    -.1574142    .0332318
        LA4  |  -.2236048   .0516123    -4.33   0.000     -.324763   -.1224466
        ME1  |  -.0015276   .0443561    -0.03   0.973     -.088464    .0854088
        NA1  |  -.4062689    .067175    -6.05   0.000    -.5379295   -.2746083
        SW1  |  -.3269558   .0477538    -6.85   0.000    -.4205515     -.23336
             |
           y |
       1997  |   .0148397   .0421451     0.35   0.725    -.0677631    .0974424
       1998  |   .0083486   .0418324     0.20   0.842    -.0736415    .0903386
       1999  |   .0088519   .0417754     0.21   0.832    -.0730264    .0907301
       2000  |   .0681097   .0421638     1.62   0.106    -.0145297    .1507492
       2001  |   .0681765   .0408771     1.67   0.095    -.0119412    .1482941
       2002  |   .0922361   .0413998     2.23   0.026     .0110941    .1733782
       2003  |   .1119437   .0416776     2.69   0.007     .0302572    .1936303
       2004  |   .1420537    .041161     3.45   0.001     .0613797    .2227277
       2005  |   .1727638   .0408097     4.23   0.000     .0927783    .2527494
       2006  |   .1821852   .0404649     4.50   0.000     .1028755    .2614948
       2007  |   .1958503   .0410218     4.77   0.000     .1154491    .2762515
       2008  |    .222401   .0414627     5.36   0.000     .1411355    .3036665
       2009  |   .1011412   .0402485     2.51   0.012     .0222556    .1800268
       2010  |   .1430149   .0401353     3.56   0.000     .0643511    .2216787
       2011  |    .192979   .0398239     4.85   0.000     .1149255    .2710325
       2012  |   .1868964   .0386353     4.84   0.000     .1111727    .2626201
       2013  |   .1723663   .0388921     4.43   0.000     .0961392    .2485935
       2014  |   .1534787   .0386704     3.97   0.000      .077686    .2292714
       2015  |   .0959468   .0391775     2.45   0.014     .0191602    .1727334
       2016  |   .0641736   .0397977     1.61   0.107    -.0138286    .1421757
       2017  |    .091989   .0393445     2.34   0.019     .0148751    .1691029
       2018  |   .1163227   .0390626     2.98   0.003     .0397614    .1928839
       2019  |   .1012748   .0392865     2.58   0.010     .0242746     .178275
       2020  |   .0039777   .0411106     0.10   0.923    -.0765977     .084553
       2021  |    .121305    .042859     2.83   0.005      .037303     .205307
       2022  |   .2019904   .0432341     4.67   0.000      .117253    .2867277
       2023  |   .1470589   .0444627     3.31   0.001     .0599135    .2342043
             |
       _cons |   2.274863   .0993779    22.89   0.000     2.080086     2.46964
------------------------------------------------------------------------------
Instrumented:  lng
Instruments:   lnpop deg_mean 2.regcode 3.regcode 4.regcode 5.regcode
               6.regcode 7.regcode 8.regcode 9.regcode 10.regcode 11.regcode
               12.regcode 13.regcode 14.regcode 15.regcode 16.regcode
               17.regcode 1997.y 1998.y 1999.y 2000.y 2001.y 2002.y 2003.y
               2004.y 2005.y 2006.y 2007.y 2008.y 2009.y 2010.y 2011.y
               2012.y 2013.y 2014.y 2015.y 2016.y 2017.y 2018.y 2019.y
               2020.y 2021.y 2022.y 2023.y lnz

. estimates store IV_sum

. estat firststage, all

  First-stage regression summary statistics
  --------------------------------------------------------------------------
               |            Adjusted      Partial       Robust
      Variable |   R-sq.       R-sq.        R-sq.     F(1,4667)   Prob > F
  -------------+------------------------------------------------------------
           lng |  0.7923      0.7902       0.2707       664.621    0.0000
  --------------------------------------------------------------------------


  Shea's partial R-squared
  --------------------------------------------------
               |     Shea's             Shea's
      Variable |  Partial R-sq.   Adj. Partial R-sq.
  -------------+------------------------------------
           lng |     0.2707             0.2634
  --------------------------------------------------


. estat endogenous

  Tests of endogeneity
  Ho: variables are exogenous

  Robust score chi2(1)            =  25.7366  (p = 0.0000)
  Robust regression F(1,4666)     =  22.2497  (p = 0.0000)

. 
. di _n "===== IV-3 outcome = trade volume, (ln_gaci_cwm = lnz) +lngdp ====="

===== IV-3 outcome = trade volume, (ln_gaci_cwm = lnz) +lngdp =====

. ivregress 2sls ln_tradevol lngdp lnpop deg_mean i.regcode i.y (ln_gaci_cwm = 
> lnz), vce(robust) first

First-stage regressions
-----------------------

                                                Number of obs     =      4,714
                                                F(  47,   4666)   =     571.04
                                                Prob > F          =     0.0000
                                                R-squared         =     0.8485
                                                Adj R-squared     =     0.8469
                                                Root MSE          =     0.1262

------------------------------------------------------------------------------
             |               Robust
 ln_gaci_cwm |      Coef.   Std. Err.      t    P>|t|     [95% Conf. Interval]
-------------+----------------------------------------------------------------
       lngdp |   .1184404    .002209    53.62   0.000     .1141098    .1227711
       lnpop |  -.0269611   .0022176   -12.16   0.000    -.0313087   -.0226135
    deg_mean |   .0055038   .0001334    41.26   0.000     .0052423    .0057653
             |
     regcode |
        AF2  |  -.0303737   .0137288    -2.21   0.027    -.0572887   -.0034588
        AF3  |   .0647382   .0126456     5.12   0.000     .0399468    .0895296
        AF4  |   .1342945   .0142805     9.40   0.000      .106298    .1622909
        AS1  |   .0933354   .0148803     6.27   0.000     .0641629    .1225079
        AS2  |  -.0176608   .0148611    -1.19   0.235    -.0467957    .0114741
        AS3  |   .1978797   .0158658    12.47   0.000     .1667753    .2289841
        AS4  |  -.0316297   .0170932    -1.85   0.064    -.0651404     .001881
        EU1  |   .0628527   .0143124     4.39   0.000     .0347936    .0909118
        EU2  |  -.0296568   .0129183    -2.30   0.022    -.0549828   -.0043308
        LA1  |   .0966651   .0139302     6.94   0.000     .0693553     .123975
        LA2  |   .0677917   .0150196     4.51   0.000     .0383462    .0972372
        LA3  |   .0274117   .0138171     1.98   0.047     .0003237    .0544997
        LA4  |  -.0891823   .0145623    -6.12   0.000    -.1177313   -.0606334
        ME1  |   .0245272   .0150459     1.63   0.103    -.0049699    .0540243
        NA1  |  -.0026796   .0209712    -0.13   0.898     -.043793    .0384338
        SW1  |   .1338821   .0140252     9.55   0.000     .1063862     .161378
             |
           y |
       1997  |  -.0032076   .0138103    -0.23   0.816    -.0302822    .0238671
       1998  |  -.0049668   .0137605    -0.36   0.718    -.0319439    .0220102
       1999  |  -.0050546   .0139301    -0.36   0.717    -.0323641    .0222549
       2000  |   -.010298   .0139325    -0.74   0.460    -.0376124    .0170164
       2001  |  -.0099268   .0137131    -0.72   0.469    -.0368109    .0169573
       2002  |  -.0160652   .0135436    -1.19   0.236     -.042617    .0104867
       2003  |  -.0312402   .0139068    -2.25   0.025    -.0585041   -.0039762
       2004  |  -.0394594   .0135418    -2.91   0.004    -.0660077    -.012911
       2005  |  -.0474484   .0139385    -3.40   0.001    -.0747745   -.0201223
       2006  |   -.049529   .0137252    -3.61   0.000    -.0764368   -.0226212
       2007  |  -.0598423    .013547    -4.42   0.000    -.0864009   -.0332837
       2008  |  -.0705935   .0136872    -5.16   0.000    -.0974268   -.0437602
       2009  |  -.0643257    .013715    -4.69   0.000    -.0912135   -.0374379
       2010  |  -.0695657   .0136599    -5.09   0.000    -.0963456   -.0427857
       2011  |  -.0787677   .0137389    -5.73   0.000    -.1057024   -.0518329
       2012  |   -.080588   .0138088    -5.84   0.000    -.1076598   -.0535162
       2013  |  -.0856863   .0137384    -6.24   0.000      -.11262   -.0587526
       2014  |  -.0830701   .0137107    -6.06   0.000    -.1099496   -.0561906
       2015  |  -.0653497   .0136789    -4.78   0.000    -.0921669   -.0385325
       2016  |  -.0562982   .0137452    -4.10   0.000    -.0832452   -.0293512
       2017  |  -.0516653   .0141166    -3.66   0.000    -.0793406     -.02399
       2018  |  -.0570435   .0143566    -3.97   0.000    -.0851892   -.0288978
       2019  |  -.0560442   .0146451    -3.83   0.000    -.0847556   -.0273329
       2020  |  -.1304542   .0133474    -9.77   0.000    -.1566215   -.1042869
       2021  |  -.1595916    .013997   -11.40   0.000    -.1870324   -.1321509
       2022  |   -.106379   .0142354    -7.47   0.000    -.1342871    -.078471
       2023  |  -.0891304   .0152889    -5.83   0.000    -.1191038    -.059157
             |
         lnz |   .0089517   .0017598     5.09   0.000     .0055016    .0124018
       _cons |  -2.639564   .0312386   -84.50   0.000    -2.700807   -2.578322
------------------------------------------------------------------------------


Instrumental variables (2SLS) regression          Number of obs   =      4,714
                                                  Wald chi2(47)   =  116775.29
                                                  Prob > chi2     =     0.0000
                                                  R-squared       =     0.9493
                                                  Root MSE        =     .51558

------------------------------------------------------------------------------
             |               Robust
 ln_tradevol |      Coef.   Std. Err.      z    P>|z|     [95% Conf. Interval]
-------------+----------------------------------------------------------------
 ln_gaci_cwm |   3.314659   .8693215     3.81   0.000      1.61082    5.018498
       lngdp |   .6272135   .1054315     5.95   0.000     .4205716    .8338554
       lnpop |  -.0947867   .0241452    -3.93   0.000    -.1421104   -.0474631
    deg_mean |  -.0103429   .0046796    -2.21   0.027    -.0195147   -.0011711
             |
     regcode |
        AF2  |   .3492927   .0743727     4.70   0.000     .2035248    .4950605
        AF3  |  -.2851179   .0812701    -3.51   0.000    -.4444044   -.1258314
        AF4  |  -.5297212   .1422106    -3.72   0.000    -.8084488   -.2509936
        AS1  |  -.3727731   .1210222    -3.08   0.002    -.6099722   -.1355739
        AS2  |   .2752974    .077916     3.53   0.000     .1225849    .4280099
        AS3  |  -.0926487   .1947095    -0.48   0.634    -.4742723     .288975
        AS4  |   .2465361   .0696535     3.54   0.000     .1100177    .3830545
        EU1  |  -.1582184   .0871162    -1.82   0.069     -.328963    .0125262
        EU2  |   .3365807   .0704548     4.78   0.000     .1984918    .4746696
        LA1  |   -.526444   .1063244    -4.95   0.000    -.7348359   -.3180521
        LA2  |  -.0985272   .0936296    -1.05   0.293    -.2820379    .0849835
        LA3  |  -.1699422   .0737492    -2.30   0.021     -.314488   -.0253964
        LA4  |   .0374605    .100905     0.37   0.710    -.1603097    .2352306
        ME1  |  -.1121618   .0711235    -1.58   0.115    -.2515612    .0272376
        NA1  |   -.328364   .0774043    -4.24   0.000    -.4800737   -.1766543
        SW1  |  -.6976879   .1368161    -5.10   0.000    -.9658425   -.4295333
             |
           y |
       1997  |   .0227491   .0548463     0.41   0.678    -.0847477    .1302459
       1998  |   .0212706   .0541607     0.39   0.695    -.0848825    .1274237
       1999  |   .0196505   .0545516     0.36   0.719    -.0872686    .1265697
       2000  |   .0964763   .0559749     1.72   0.085    -.0132325    .2061851
       2001  |   .0935394   .0543777     1.72   0.085     -.013039    .2001178
       2002  |   .1364192   .0563205     2.42   0.015     .0260332    .2468053
       2003  |   .2037347   .0619486     3.29   0.001     .0823176    .3251518
       2004  |   .2597677   .0639225     4.06   0.000      .134482    .3850535
       2005  |   .3143583   .0685109     4.59   0.000     .1800794    .4486371
       2006  |   .3319791   .0692577     4.79   0.000     .1962365    .4677216
       2007  |   .3787953   .0754387     5.02   0.000     .2309382    .5266524
       2008  |   .4378845   .0827995     5.29   0.000     .2756006    .6001684
       2009  |   .2978707   .0792817     3.76   0.000     .1424815      .45326
       2010  |    .356484   .0829839     4.30   0.000     .1938385    .5191295
       2011  |   .4344895   .0888918     4.89   0.000     .2602647    .6087143
       2012  |   .4344667    .089548     4.85   0.000     .2589558    .6099775
       2013  |   .4373258     .09294     4.71   0.000     .2551668    .6194848
       2014  |   .4117342   .0907573     4.54   0.000     .2338532    .5896151
       2015  |     .29691   .0787199     3.77   0.000     .1426218    .4511981
       2016  |   .2379147   .0736612     3.23   0.001     .0935414     .382288
       2017  |   .2519107   .0715901     3.52   0.000     .1115967    .3922247
       2018  |   .2948848   .0753414     3.91   0.000     .1472184    .4425511
       2019  |   .2760659   .0747557     3.69   0.000     .1295473    .4225845
       2020  |   .4210735   .1269167     3.32   0.001     .1723213    .6698258
       2021  |    .628367   .1519273     4.14   0.000     .3305949     .926139
       2022  |   .5359903   .1105991     4.85   0.000       .31922    .7527605
       2023  |   .4256822   .1013493     4.20   0.000     .2270413    .6243232
             |
       _cons |   10.18785   2.262776     4.50   0.000     5.752893    14.62281
------------------------------------------------------------------------------
Instrumented:  ln_gaci_cwm
Instruments:   lngdp lnpop deg_mean 2.regcode 3.regcode 4.regcode 5.regcode
               6.regcode 7.regcode 8.regcode 9.regcode 10.regcode 11.regcode
               12.regcode 13.regcode 14.regcode 15.regcode 16.regcode
               17.regcode 1997.y 1998.y 1999.y 2000.y 2001.y 2002.y 2003.y
               2004.y 2005.y 2006.y 2007.y 2008.y 2009.y 2010.y 2011.y
               2012.y 2013.y 2014.y 2015.y 2016.y 2017.y 2018.y 2019.y
               2020.y 2021.y 2022.y 2023.y lnz

. estimates store IV_vol

. estat firststage, all

  First-stage regression summary statistics
  --------------------------------------------------------------------------
               |            Adjusted      Partial       Robust
      Variable |   R-sq.       R-sq.        R-sq.     F(1,4666)   Prob > F
  -------------+------------------------------------------------------------
   ln_gaci_cwm |  0.8485      0.8469       0.0037       25.8859    0.0000
  --------------------------------------------------------------------------


  Shea's partial R-squared
  --------------------------------------------------
               |     Shea's             Shea's
      Variable |  Partial R-sq.   Adj. Partial R-sq.
  -------------+------------------------------------
   ln_gaci_cwm |     0.0037             -0.0066
  --------------------------------------------------


. estat endogenous

  Tests of endogeneity
  Ho: variables are exogenous

  Robust score chi2(1)            =  19.3017  (p = 0.0000)
  Robust regression F(1,4665)     =  18.2226  (p = 0.0000)

. 
. di _n "===== IV-4 robustness IV = natural UNESCO, (ln_gaci_cwm = ln_unesco_na
> t) ====="

===== IV-4 robustness IV = natural UNESCO, (ln_gaci_cwm = ln_unesco_nat) =====

. ivregress 2sls trade_intensity lnpop deg_mean i.regcode i.y (ln_gaci_cwm = ln
> _unesco_nat), vce(robust) first

First-stage regressions
-----------------------

                                                Number of obs     =      4,714
                                                F(  46,   4667)   =     336.07
                                                Prob > F          =     0.0000
                                                R-squared         =     0.7482
                                                Adj R-squared     =     0.7457
                                                Root MSE          =     0.1626

------------------------------------------------------------------------------
             |               Robust
 ln_gaci_cwm |      Coef.   Std. Err.      t    P>|t|     [95% Conf. Interval]
-------------+----------------------------------------------------------------
       lnpop |   .0654662   .0018601    35.19   0.000     .0618195    .0691129
    deg_mean |   .0071415   .0001635    43.67   0.000     .0068209    .0074621
             |
     regcode |
        AF2  |  -.1207938   .0133069    -9.08   0.000    -.1468815   -.0947061
        AF3  |  -.1266638   .0095333   -13.29   0.000    -.1453536   -.1079741
        AF4  |    -.03134   .0140743    -2.23   0.026    -.0589323   -.0037477
        AS1  |   .0025861   .0127131     0.20   0.839    -.0223376    .0275097
        AS2  |  -.1062882   .0129008    -8.24   0.000    -.1315799   -.0809965
        AS3  |   .1936223   .0176502    10.97   0.000     .1590195    .2282251
        AS4  |    .103688   .0158029     6.56   0.000     .0727069    .1346691
        EU1  |    .269222   .0114339    23.55   0.000     .2468062    .2916378
        EU2  |  -.0192495   .0103378    -1.86   0.063    -.0395165    .0010176
        LA1  |   .1776883   .0151105    11.76   0.000     .1480645    .2073121
        LA2  |   .0389535   .0139519     2.79   0.005     .0116012    .0663057
        LA3  |   .0237432   .0119758     1.98   0.047      .000265    .0472215
        LA4  |   .0083487   .0134932     0.62   0.536    -.0181043    .0348017
        ME1  |   .1025904   .0153595     6.68   0.000     .0724785    .1327023
        NA1  |   .2336223    .021797    10.72   0.000     .1908898    .2763548
        SW1  |   .0998105   .0147161     6.78   0.000     .0709599     .128661
             |
           y |
       1997  |  -.0048939   .0173308    -0.28   0.778    -.0388705    .0290827
       1998  |  -.0102256   .0175591    -0.58   0.560    -.0446497    .0241986
       1999  |  -.0099268   .0176496    -0.56   0.574    -.0445283    .0246748
       2000  |  -.0157229   .0174816    -0.90   0.368    -.0499951    .0185494
       2001  |  -.0148012   .0175922    -0.84   0.400    -.0492902    .0196877
       2002  |  -.0117676   .0173469    -0.68   0.498    -.0457757    .0222404
       2003  |  -.0156835   .0177464    -0.88   0.377    -.0504748    .0191078
       2004  |  -.0093282   .0174061    -0.54   0.592    -.0434524     .024796
       2005  |  -.0009805   .0176196    -0.06   0.956    -.0355231    .0335622
       2006  |   .0109115   .0174107     0.63   0.531    -.0232218    .0450447
       2007  |   .0128033   .0171977     0.74   0.457    -.0209124    .0465189
       2008  |   .0154285   .0173416     0.89   0.374    -.0185692    .0494262
       2009  |   .0130648   .0173146     0.75   0.451    -.0208799    .0470096
       2010  |   .0173062   .0171866     1.01   0.314    -.0163876        .051
       2011  |   .0179586   .0169135     1.06   0.288    -.0151999    .0511172
       2012  |   .0167396   .0172481     0.97   0.332    -.0170748    .0505541
       2013  |   .0142711   .0173788     0.82   0.412    -.0197995    .0483418
       2014  |   .0164862   .0175408     0.94   0.347     -.017902    .0508745
       2015  |    .023868   .0175969     1.36   0.175    -.0106303    .0583663
       2016  |   .0298358   .0177219     1.68   0.092    -.0049075     .064579
       2017  |    .043566   .0181704     2.40   0.017     .0079434    .0791886
       2018  |   .0425285   .0184781     2.30   0.021     .0063028    .0787542
       2019  |   .0449365   .0186067     2.42   0.016     .0084585    .0814145
       2020  |  -.0367141   .0166507    -2.20   0.028    -.0693573    -.004071
       2021  |  -.0494355   .0170519    -2.90   0.004    -.0828652   -.0160058
       2022  |    .007541   .0176831     0.43   0.670    -.0271263    .0422082
       2023  |   .0276352   .0188118     1.47   0.142    -.0092448    .0645152
             |
ln_unesco_~t |   .0609713   .0054126    11.26   0.000     .0503601    .0715826
       _cons |  -1.244432   .0336642   -36.97   0.000     -1.31043   -1.178434
------------------------------------------------------------------------------


Instrumental variables (2SLS) regression          Number of obs   =      4,714
                                                  Wald chi2(46)   =    5189.06
                                                  Prob > chi2     =     0.0000
                                                  R-squared       =     0.4750
                                                  Root MSE        =       .387

------------------------------------------------------------------------------
             |               Robust
trade_inte~y |      Coef.   Std. Err.      z    P>|z|     [95% Conf. Interval]
-------------+----------------------------------------------------------------
 ln_gaci_cwm |  -.7318319   .1969802    -3.72   0.000    -1.117906   -.3457577
       lnpop |  -.0955196   .0164021    -5.82   0.000    -.1276672   -.0633721
    deg_mean |   .0129645   .0014479     8.95   0.000     .0101267    .0158024
             |
     regcode |
        AF2  |   .1628715   .0516118     3.16   0.002     .0617141    .2640288
        AF3  |  -.2030567   .0502509    -4.04   0.000    -.3015466   -.1045667
        AF4  |  -.1054953   .0541162    -1.95   0.051     -.211561    .0005704
        AS1  |  -.0097033   .0507104    -0.19   0.848    -.1090938    .0896872
        AS2  |   .1489764   .0561855     2.65   0.008     .0388549     .259098
        AS3  |   .7655713   .0698468    10.96   0.000     .6286741    .9024685
        AS4  |   .3421202   .0594924     5.75   0.000     .2255172    .4587233
        EU1  |   .3549409   .0771673     4.60   0.000     .2036957    .5061861
        EU2  |   .2633434   .0458119     5.75   0.000     .1735537    .3531331
        LA1  |  -.0179434   .0696323    -0.26   0.797    -.1544203    .1185335
        LA2  |    .211823    .052588     4.03   0.000     .1087523    .3148937
        LA3  |  -.0016794    .051982    -0.03   0.974    -.1035623    .1002035
        LA4  |  -.1937239   .0538888    -3.59   0.000     -.299344   -.0881039
        ME1  |   .0694232   .0517427     1.34   0.180    -.0319907    .1708371
        NA1  |    .051737   .0923441     0.56   0.575    -.1292542    .2327281
        SW1  |  -.1072644   .0607533    -1.77   0.077    -.2263387    .0118099
             |
           y |
       1997  |    .009152   .0445705     0.21   0.837    -.0782045    .0965086
       1998  |  -.0021806   .0447819    -0.05   0.961    -.0899515    .0855902
       1999  |  -.0021502   .0446331    -0.05   0.962    -.0896296    .0853291
       2000  |      .0545   .0448706     1.21   0.225    -.0334447    .1424448
       2001  |   .0542639   .0442321     1.23   0.220    -.0324295    .1409573
       2002  |    .079978   .0444469     1.80   0.072    -.0071364    .1670924
       2003  |   .0963111   .0443151     2.17   0.030     .0094551    .1831672
       2004  |   .1334488   .0441264     3.02   0.002     .0469627    .2199349
       2005  |    .171327   .0437495     3.92   0.000     .0855795    .2570745
       2006  |   .1930547   .0437058     4.42   0.000     .1073928    .2787165
       2007  |   .2124587   .0442915     4.80   0.000     .1256489    .2992684
       2008  |   .2410152   .0450562     5.35   0.000     .1527068    .3293237
       2009  |   .1192784   .0435888     2.74   0.006     .0338459    .2047108
       2010  |   .1660435   .0435198     3.82   0.000     .0807462    .2513407
       2011  |   .2164339   .0428361     5.05   0.000     .1324766    .3003912
       2012  |   .2101036   .0419823     5.00   0.000     .1278199    .2923874
       2013  |   .1951018   .0423667     4.61   0.000     .1120645     .278139
       2014  |   .1809175    .042529     4.25   0.000     .0975622    .2642727
       2015  |   .1286585   .0432731     2.97   0.003     .0438447    .2134723
       2016  |   .1055512   .0438712     2.41   0.016     .0195652    .1915371
       2017  |   .1463896   .0441669     3.31   0.001     .0598241    .2329551
       2018  |   .1722479   .0439548     3.92   0.000      .086098    .2583978
       2019  |   .1594842   .0445928     3.58   0.000     .0720839    .2468844
       2020  |  -.0041558   .0440434    -0.09   0.925    -.0904792    .0821676
       2021  |    .099324     .04589     2.16   0.030     .0093812    .1892668
       2022  |   .2263977   .0465077     4.87   0.000     .1352442    .3175512
       2023  |   .1910569   .0484133     3.95   0.000     .0961685    .2859453
             |
       _cons |    .721516   .3060111     2.36   0.018     .1217453    1.321287
------------------------------------------------------------------------------
Instrumented:  ln_gaci_cwm
Instruments:   lnpop deg_mean 2.regcode 3.regcode 4.regcode 5.regcode
               6.regcode 7.regcode 8.regcode 9.regcode 10.regcode 11.regcode
               12.regcode 13.regcode 14.regcode 15.regcode 16.regcode
               17.regcode 1997.y 1998.y 1999.y 2000.y 2001.y 2002.y 2003.y
               2004.y 2005.y 2006.y 2007.y 2008.y 2009.y 2010.y 2011.y
               2012.y 2013.y 2014.y 2015.y 2016.y 2017.y 2018.y 2019.y
               2020.y 2021.y 2022.y 2023.y ln_unesco_nat

. estimates store IV_un

. estat firststage, all

  First-stage regression summary statistics
  --------------------------------------------------------------------------
               |            Adjusted      Partial       Robust
      Variable |   R-sq.       R-sq.        R-sq.     F(1,4667)   Prob > F
  -------------+------------------------------------------------------------
   ln_gaci_cwm |  0.7482      0.7457       0.0288       126.949    0.0000
  --------------------------------------------------------------------------


  Shea's partial R-squared
  --------------------------------------------------
               |     Shea's             Shea's
      Variable |  Partial R-sq.   Adj. Partial R-sq.
  -------------+------------------------------------
   ln_gaci_cwm |     0.0288             0.0190
  --------------------------------------------------


. estat endogenous

  Tests of endogeneity
  Ho: variables are exogenous

  Robust score chi2(1)            =  35.0602  (p = 0.0000)
  Robust regression F(1,4666)     =  35.0014  (p = 0.0000)

. 
. di _n "===== IV-5 OVERID: openness, (ln_gaci_cwm = lnz ln_unesco_nat) ====="

===== IV-5 OVERID: openness, (ln_gaci_cwm = lnz ln_unesco_nat) =====

. ivregress 2sls trade_intensity lnpop deg_mean i.regcode i.y (ln_gaci_cwm = ln
> z ln_unesco_nat), vce(robust) first

First-stage regressions
-----------------------

                                                Number of obs     =      4,714
                                                F(  47,   4666)   =     362.71
                                                Prob > F          =     0.0000
                                                R-squared         =     0.7556
                                                Adj R-squared     =     0.7531
                                                Root MSE          =     0.1602

------------------------------------------------------------------------------
             |               Robust
 ln_gaci_cwm |      Coef.   Std. Err.      t    P>|t|     [95% Conf. Interval]
-------------+----------------------------------------------------------------
       lnpop |   .0533629   .0020824    25.63   0.000     .0492805    .0574453
    deg_mean |   .0074741   .0001696    44.06   0.000     .0071415    .0078067
             |
     regcode |
        AF2  |  -.1092742   .0134496    -8.12   0.000    -.1356418   -.0829066
        AF3  |  -.0823812   .0107197    -7.69   0.000     -.103397   -.0613655
        AF4  |  -.0238861    .014855    -1.61   0.108    -.0530089    .0052366
        AS1  |  -.0585777   .0133261    -4.40   0.000    -.0847032   -.0324523
        AS2  |  -.1302377   .0125107   -10.41   0.000    -.1547646   -.1057108
        AS3  |    .150378   .0176534     8.52   0.000      .115769     .184987
        AS4  |   .0278672   .0174837     1.59   0.111     -.006409    .0621434
        EU1  |   .2371917   .0118116    20.08   0.000     .2140353    .2603481
        EU2  |  -.0182081   .0103709    -1.76   0.079    -.0385401    .0021238
        LA1  |   .1605373   .0144114    11.14   0.000     .1322842    .1887904
        LA2  |   .0238954   .0136419     1.75   0.080    -.0028491    .0506399
        LA3  |   .0028729    .012405     0.23   0.817    -.0214468    .0271925
        LA4  |  -.0115579   .0144476    -0.80   0.424     -.039882    .0167661
        ME1  |   .0903496   .0148297     6.09   0.000     .0612765    .1194228
        NA1  |   .1455664    .022528     6.46   0.000     .1014009    .1897318
        SW1  |   .0878783   .0150101     5.85   0.000     .0584515    .1173051
             |
           y |
       1997  |  -.0050332   .0172895    -0.29   0.771    -.0389288    .0288625
       1998  |  -.0105665   .0174651    -0.61   0.545    -.0448063    .0236733
       1999  |  -.0098088   .0175385    -0.56   0.576    -.0441926     .024575
       2000  |  -.0154901   .0173508    -0.89   0.372    -.0495059    .0185258
       2001  |   -.014578   .0174817    -0.83   0.404    -.0488505    .0196944
       2002  |  -.0110067   .0172818    -0.64   0.524    -.0448871    .0228737
       2003  |  -.0147961   .0176795    -0.84   0.403    -.0494563    .0198642
       2004  |   -.009105    .017314    -0.53   0.599    -.0430487    .0248386
       2005  |  -.0005471   .0174333    -0.03   0.975    -.0347246    .0336303
       2006  |   .0116375   .0172213     0.68   0.499    -.0221243    .0453994
       2007  |   .0143028   .0169891     0.84   0.400    -.0190039    .0476095
       2008  |   .0172398   .0171019     1.01   0.313     -.016288    .0507677
       2009  |   .0146667   .0170622     0.86   0.390    -.0187833    .0481167
       2010  |   .0185571   .0169864     1.09   0.275    -.0147443    .0518585
       2011  |   .0186139   .0167508     1.11   0.267    -.0142257    .0514534
       2012  |   .0173225   .0170266     1.02   0.309    -.0160576    .0507026
       2013  |   .0148432   .0171462     0.87   0.387    -.0187715    .0484579
       2014  |   .0166357   .0173015     0.96   0.336    -.0172835    .0505549
       2015  |   .0237144   .0173805     1.36   0.172    -.0103596    .0577885
       2016  |   .0297189   .0175021     1.70   0.090    -.0045936    .0640313
       2017  |   .0436347   .0178951     2.44   0.015     .0085519    .0787175
       2018  |   .0421219     .01819     2.32   0.021     .0064608    .0777829
       2019  |   .0441259   .0183093     2.41   0.016      .008231    .0800209
       2020  |  -.0370918   .0164164    -2.26   0.024    -.0692756    -.004908
       2021  |  -.0489627    .016876    -2.90   0.004    -.0820477   -.0158777
       2022  |   .0072878   .0174953     0.42   0.677    -.0270114    .0415869
       2023  |   .0270169   .0186469     1.45   0.147    -.0095398    .0635735
             |
         lnz |   .0322537   .0026672    12.09   0.000     .0270247    .0374827
ln_unesco_~t |   .0480265   .0055004     8.73   0.000     .0372431    .0588098
       _cons |  -1.467639   .0388394   -37.79   0.000    -1.543782   -1.391495
------------------------------------------------------------------------------


Instrumental variables (2SLS) regression          Number of obs   =      4,714
                                                  Wald chi2(46)   =    5813.19
                                                  Prob > chi2     =     0.0000
                                                  R-squared       =     0.5702
                                                  Root MSE        =     .35017

------------------------------------------------------------------------------
             |               Robust
trade_inte~y |      Coef.   Std. Err.      z    P>|z|     [95% Conf. Interval]
-------------+----------------------------------------------------------------
 ln_gaci_cwm |   .2656159   .1228357     2.16   0.031     .0248623    .5063696
       lnpop |  -.1743362    .010032   -17.38   0.000    -.1939985   -.1546738
    deg_mean |   .0059749   .0009004     6.64   0.000     .0042102    .0077397
             |
     regcode |
        AF2  |   .2577522    .049079     5.25   0.000     .1615592    .3539452
        AF3  |  -.1050975   .0479385    -2.19   0.028    -.1990552   -.0111397
        AF4  |   -.107554   .0511057    -2.10   0.035    -.2077194   -.0073886
        AS1  |  -.0247413   .0476666    -0.52   0.604    -.1181661    .0686836
        AS2  |   .2514054   .0558262     4.50   0.000      .141988    .3608228
        AS3  |   .5507806   .0556354     9.90   0.000     .4417373     .659824
        AS4  |   .2058758   .0542458     3.80   0.000     .0995561    .3121955
        EU1  |   .0447293   .0566769     0.79   0.430    -.0663555     .155814
        EU2  |   .2472978   .0442189     5.59   0.000     .1606305    .3339652
        LA1  |    -.22233   .0550625    -4.04   0.000    -.3302505   -.1144095
        LA2  |    .128082   .0482369     2.66   0.008     .0335394    .2226246
        LA3  |  -.0643665   .0496203    -1.30   0.195    -.1616205    .0328874
        LA4  |  -.2246936   .0511253    -4.39   0.000    -.3248973   -.1244899
        ME1  |  -.0342497   .0463068    -0.74   0.460    -.1250094      .05651
        NA1  |  -.2747156   .0674529    -4.07   0.000    -.4069208   -.1425103
        SW1  |  -.2701704   .0516355    -5.23   0.000    -.3713741   -.1689666
             |
           y |
       1997  |   .0133191   .0415346     0.32   0.748    -.0680872    .0947254
       1998  |   .0070284   .0413358     0.17   0.865    -.0739883     .088045
       1999  |   .0048669    .041287     0.12   0.906    -.0760542    .0857881
       2000  |   .0657911   .0414848     1.59   0.113    -.0155176    .1470997
       2001  |    .063996   .0402729     1.59   0.112    -.0149374    .1429294
       2002  |    .086779   .0409317     2.12   0.034     .0065543    .1670037
       2003  |   .1066397   .0410824     2.60   0.009     .0261196    .1871597
       2004  |   .1368126   .0406732     3.36   0.001     .0570945    .2165306
       2005  |   .1653419   .0401923     4.11   0.000     .0865665    .2441174
       2006  |   .1750057   .0399856     4.38   0.000     .0966353    .2533761
       2007  |   .1888223   .0406037     4.65   0.000     .1092406    .2684041
       2008  |   .2136395   .0411622     5.19   0.000     .1329632    .2943159
       2009  |   .0938085    .039879     2.35   0.019     .0156471    .1719699
       2010  |   .1358606   .0397067     3.42   0.001     .0580369    .2136843
       2011  |   .1853787   .0393314     4.71   0.000     .1082906    .2624668
       2012  |    .179846   .0382596     4.70   0.000     .1048585    .2548335
       2013  |   .1669427   .0384961     4.34   0.000     .0914917    .2423937
       2014  |   .1498016   .0383571     3.91   0.000     .0746231    .2249802
       2015  |    .090281   .0389372     2.32   0.020     .0139654    .1665966
       2016  |   .0593215   .0396404     1.50   0.135    -.0183721    .1370152
       2017  |   .0863923   .0394869     2.19   0.029     .0089995    .1637852
       2018  |   .1129825   .0391492     2.89   0.004     .0362515    .1897135
       2019  |   .0974561   .0393881     2.47   0.013     .0202568    .1746555
       2020  |   .0158659   .0405242     0.39   0.695    -.0635601     .095292
       2021  |   .1319656   .0424692     3.11   0.002     .0487275    .2152036
       2022  |   .2021089   .0431174     4.69   0.000     .1176004    .2866173
       2023  |   .1446157   .0445031     3.25   0.001     .0573912    .2318402
             |
       _cons |   2.178554   .1882592    11.57   0.000     1.809572    2.547535
------------------------------------------------------------------------------
Instrumented:  ln_gaci_cwm
Instruments:   lnpop deg_mean 2.regcode 3.regcode 4.regcode 5.regcode
               6.regcode 7.regcode 8.regcode 9.regcode 10.regcode 11.regcode
               12.regcode 13.regcode 14.regcode 15.regcode 16.regcode
               17.regcode 1997.y 1998.y 1999.y 2000.y 2001.y 2002.y 2003.y
               2004.y 2005.y 2006.y 2007.y 2008.y 2009.y 2010.y 2011.y
               2012.y 2013.y 2014.y 2015.y 2016.y 2017.y 2018.y 2019.y
               2020.y 2021.y 2022.y 2023.y lnz ln_unesco_nat

. estimates store IV_oid

. estat firststage, all

  First-stage regression summary statistics
  --------------------------------------------------------------------------
               |            Adjusted      Partial       Robust
      Variable |   R-sq.       R-sq.        R-sq.     F(2,4666)   Prob > F
  -------------+------------------------------------------------------------
   ln_gaci_cwm |  0.7556      0.7531       0.0573        140.19    0.0000
  --------------------------------------------------------------------------


  Shea's partial R-squared
  --------------------------------------------------
               |     Shea's             Shea's
      Variable |  Partial R-sq.   Adj. Partial R-sq.
  -------------+------------------------------------
   ln_gaci_cwm |     0.0573             0.0476
  --------------------------------------------------


. estat overid

  Test of overidentifying restrictions:

  Score chi2(1)          =  60.5634  (p = 0.0000)

. 
. *============================================================================
> ==
. * 3) SUMMARY TABLE: OLS vs IV side by side (built-in estimates table)
. *============================================================================
> ==
. di _n "############################## SUMMARY: OLS vs IV ####################
> ##########"

############################## SUMMARY: OLS vs IV #############################
> #

. estimates table OLS_cwm OLS_sum OLS_vol IV_cwm IV_sum IV_vol IV_un IV_oid, //
> /
>     keep(ln_gaci_cwm lng lnpop deg_mean lngdp) b(%9.4f) se(%9.4f) stats(N r2)
>  ///
>     title("OLS vs IV: GACI -> trade openness (robust SE, region+year FE)")

OLS vs IV: GACI -> trade openness (robust SE, region+year FE)

--------------------------------------------------------------------------
    Variable |  OLS_cwm     OLS_sum     OLS_vol     IV_cwm      IV_sum    
-------------+------------------------------------------------------------
 ln_gaci_cwm |    0.2716                  0.3052      0.9192              
             |    0.0305                  0.0425      0.1581              
         lng |                0.0202                              0.0805  
             |                0.0074                              0.0135  
       lnpop |   -0.1748     -0.1633     -0.1690     -0.2260     -0.1931  
             |    0.0041      0.0048      0.0072      0.0123      0.0069  
    deg_mean |    0.0059      0.0081      0.0058      0.0014      0.0088  
             |    0.0004      0.0003      0.0004      0.0011      0.0004  
       lngdp |                            0.9902                          
             |                            0.0090                          
-------------+------------------------------------------------------------
           N |      4714        4714        4714        4714        4714  
          r2 |    0.5702      0.5639      0.9766      0.5305      0.5573  
--------------------------------------------------------------------------
                                                              legend: b/se


--------------------------------------------------
    Variable |  IV_vol       IV_un      IV_oid    
-------------+------------------------------------
 ln_gaci_cwm |    3.3147     -0.7318      0.2656  
             |    0.8693      0.1970      0.1228  
         lng |                                    
             |                                    
       lnpop |   -0.0948     -0.0955     -0.1743  
             |    0.0241      0.0164      0.0100  
    deg_mean |   -0.0103      0.0130      0.0060  
             |    0.0047      0.0014      0.0009  
       lngdp |    0.6272                          
             |    0.1054                          
-------------+------------------------------------
           N |      4714        4714        4714  
          r2 |    0.9493      0.4750      0.5702  
--------------------------------------------------
                                      legend: b/se

. 
. * optional prettier table if estout is installed:
. capture which esttab

. if !_rc {
.     esttab OLS_cwm IV_cwm IV_sum IV_vol IV_oid using gaci_ols_iv_results.rtf,
>  replace ///
>         keep(ln_gaci_cwm lng lnpop deg_mean) se r2 nogaps ///
>         mtitle("OLS cwm" "IV cwm" "IV sum" "IV vol" "IV overid") ///
>         title("GACI -> trade openness: OLS vs IV")
(note: file gaci_ols_iv_results.rtf not found)
(output written to gaci_ols_iv_results.rtf)
. }

. 
end of do-file
