---------------------------------------------------------------------------------------------------------------------------------------------------------------------------------------------------------------------------------------------------------------
      name:  <unnamed>
       log:  C:\Users\sunbi\managi-lab Dropbox\Sunbin Yoo\Research Box ^-^\2026\GACI\gaci_mediation.log
  log type:  text
 opened on:   2 Jul 2026, 11:38:35

. 
. import delimited "gaci_panel_mechanism.csv", clear varnames(1) encoding("utf-8")
(87 vars, 4,643 obs)

. ds c reg, not
y             ln_gaci_cwm   ln_unesco     lnpc          deg_sum       close_mean    cap_sum       merch_inte~y  mix_e         tr_total      ln_tr_ref     tr_ref_lib    ln_tr_interm  tr_hivw       ln_nflow      x_interm      ln_x_hivw3
trade_share   ln_gaci_mean  unesco_cum    lnpop         deg_mean      betw_sum      cap_mean      tourism_int   cult_e        ln_tr_total   tr_homog      ln_tr_ref_~b  tr_consum     ln_tr_hivw    tr_hivw3      x_consum      ln_x_lovw3
ln_tradevol   lncap         unesco_cum~t  lnland        eig_sum       betw_mean     tour_shift    tourism_cum   z_nat         tr_diff       ln_tr_homog   tr_homog_lib  ln_tr_consum  tr_lovw       tr_lovw3      x_total       ln_x_interm
lngdp         gaci_cwmean   lnz           abslat        eig_mean      regimp_sum    nat_endow     ln_remote     z_mix         ln_tr_diff    tr_diff_lib   ln_tr_homo~b  tr_capital    ln_tr_lovw    x_hivw3       ln_tr_hivw3   ln_x_consum
lng           gaci_mean     lnz_own       n_air         close_sum     regimp_mean   merch_share   nat_e         z_cult        tr_ref        ln_tr_diff~b  tr_interm     ln_tr_capi~l  ln_nprod      x_lovw3       ln_tr_lovw3   ln_x_total

. destring `r(varlist)', replace force
y already numeric; no replace
trade_share already numeric; no replace
ln_tradevol already numeric; no replace
lngdp already numeric; no replace
lng already numeric; no replace
ln_gaci_cwm already numeric; no replace
ln_gaci_mean already numeric; no replace
lncap already numeric; no replace
gaci_cwmean already numeric; no replace
gaci_mean already numeric; no replace
ln_unesco already numeric; no replace
unesco_cum already numeric; no replace
unesco_cum_nat already numeric; no replace
lnz already numeric; no replace
lnz_own already numeric; no replace
lnpc already numeric; no replace
lnpop already numeric; no replace
lnland already numeric; no replace
abslat already numeric; no replace
n_air already numeric; no replace
deg_sum already numeric; no replace
deg_mean already numeric; no replace
eig_sum already numeric; no replace
eig_mean already numeric; no replace
close_sum already numeric; no replace
close_mean already numeric; no replace
betw_sum already numeric; no replace
betw_mean already numeric; no replace
regimp_sum already numeric; no replace
regimp_mean already numeric; no replace
cap_sum already numeric; no replace
cap_mean already numeric; no replace
tour_shift already numeric; no replace
nat_endow already numeric; no replace
merch_share already numeric; no replace
merch_intensity already numeric; no replace
tourism_int already numeric; no replace
tourism_cum already numeric; no replace
ln_remote already numeric; no replace
nat_e already numeric; no replace
mix_e already numeric; no replace
cult_e already numeric; no replace
z_nat already numeric; no replace
z_mix already numeric; no replace
z_cult already numeric; no replace
tr_total already numeric; no replace
ln_tr_total already numeric; no replace
tr_diff already numeric; no replace
ln_tr_diff already numeric; no replace
tr_ref already numeric; no replace
ln_tr_ref already numeric; no replace
tr_homog already numeric; no replace
ln_tr_homog already numeric; no replace
tr_diff_lib already numeric; no replace
ln_tr_diff_lib already numeric; no replace
tr_ref_lib already numeric; no replace
ln_tr_ref_lib already numeric; no replace
tr_homog_lib already numeric; no replace
ln_tr_homog_lib already numeric; no replace
tr_interm already numeric; no replace
ln_tr_interm already numeric; no replace
tr_consum already numeric; no replace
ln_tr_consum already numeric; no replace
tr_capital already numeric; no replace
ln_tr_capital already numeric; no replace
tr_hivw already numeric; no replace
ln_tr_hivw already numeric; no replace
tr_lovw already numeric; no replace
ln_tr_lovw already numeric; no replace
ln_nprod already numeric; no replace
ln_nflow already numeric; no replace
tr_hivw3 already numeric; no replace
tr_lovw3 already numeric; no replace
x_hivw3 already numeric; no replace
x_lovw3 already numeric; no replace
x_interm already numeric; no replace
x_consum already numeric; no replace
x_total already numeric; no replace
ln_tr_hivw3 already numeric; no replace
ln_tr_lovw3 already numeric; no replace
ln_x_hivw3 already numeric; no replace
ln_x_lovw3 already numeric; no replace
ln_x_interm already numeric; no replace
ln_x_consum already numeric; no replace
ln_x_total already numeric; no replace

. encode c, gen(isocode)

. xtset isocode y

Panel variable: isocode (unbalanced)
 Time variable: y, 1996 to 2023, but with gaps
         Delta: 1 unit

. 
. * ---- outcomes and mediators ----
. gen g_int = merch_intensity                       // openness  ln(g/Y)

. gen g_vol = merch_intensity + lngdp               // volume    ln g

. gen r_bec = ln_tr_interm - ln_tr_consum           // M1: GVC composition
(28 missing values generated)

. gen r_vw  = ln_tr_hivw   - ln_tr_lovw             // M2: value/weight comp.
(28 missing values generated)

. 
. * ---- common estimation samples (fair share comparisons) ----
. gen byte obsok  = !missing(g_int, g_vol, r_bec, r_vw, ///
>                   ln_gaci_cwm, tourism_int, lnpop)

. gen byte sfull  = obsok                             // MAIN: full 1996-2023

. gen byte sdrop  = obsok & !inlist(y, 2020, 2021)    // robustness: drop acute

. count if sfull
  4,615

. count if sdrop
  4,267

. 
. * ---- packages ----
. capture which ivreghdfe

. if _rc {
.     ssc install ftools, replace
.     ssc install reghdfe, replace
.     ssc install ivreghdfe, replace
. }

. capture which esttab

. if _rc {
.     ssc install estout, replace
. }

. 
. eststo clear

. local tr ln_gaci_cwm

. 
. * =====================================================================
. * step (2): effect of T on each mediator, both samples
. * =====================================================================
. foreach s in sfull sdrop {
  2.     foreach m in r_bec r_vw {
  3.         ivreghdfe `m' lnpop (`tr' = tourism_int) if `s', absorb(isocode y) robust
  4.         eststo med_`m'_`s'
  5.         estadd scalar KPF = e(widstat)
  6.     }
  7. }
(dropped 1 singleton observations)
(MWFE estimator converged in 5 iterations)

IV (2SLS) estimation
--------------------

Estimates efficient for homoskedasticity only
Statistics robust to heteroskedasticity

                                                      Number of obs =     4614
                                                      F(  2,  4403) =    12.67
                                                      Prob > F      =   0.0000
Total (centered) SS     =  374.6135713                Centered R2   =  -0.0509
Total (uncentered) SS   =  374.6135713                Uncentered R2 =  -0.0509
Residual SS             =  393.6785002                Root MSE      =     .299

------------------------------------------------------------------------------
             |               Robust
       r_bec | Coefficient  std. err.      t    P>|t|     [95% conf. interval]
-------------+----------------------------------------------------------------
 ln_gaci_cwm |   1.115685   .6927133     1.61   0.107    -.2423815    2.473752
       lnpop |   .2063203   .0634708     3.25   0.001     .0818857    .3307549
------------------------------------------------------------------------------
Underidentification test (Kleibergen-Paap rk LM statistic):             17.929
                                                   Chi-sq(1) P-val =    0.0000
------------------------------------------------------------------------------
Weak identification test (Cragg-Donald Wald F statistic):               26.376
                         (Kleibergen-Paap rk Wald F statistic):         18.109
Stock-Yogo weak ID test critical values: 10% maximal IV size             16.38
                                         15% maximal IV size              8.96
                                         20% maximal IV size              6.66
                                         25% maximal IV size              5.53
Source: Stock-Yogo (2005).  Reproduced by permission.
NB: Critical values are for Cragg-Donald F statistic and i.i.d. errors.
------------------------------------------------------------------------------
Hansen J statistic (overidentification test of all instruments):         0.000
                                                 (equation exactly identified)
------------------------------------------------------------------------------
Instrumented:         ln_gaci_cwm
Included instruments: lnpop
Excluded instruments: tourism_int
Partialled-out:       _cons
                      nb: total SS, model F and R2s are after partialling-out;
                          any small-sample adjustments include partialled-out
                          variables in regressor count K
------------------------------------------------------------------------------

Absorbed degrees of freedom:
-----------------------------------------------------+
 Absorbed FE | Categories  - Redundant  = Num. Coefs |
-------------+---------------------------------------|
     isocode |       182           0         182     |
           y |        28           1          27     |
-----------------------------------------------------+

added scalar:
                e(KPF) =  18.108858
(dropped 1 singleton observations)
(MWFE estimator converged in 5 iterations)

IV (2SLS) estimation
--------------------

Estimates efficient for homoskedasticity only
Statistics robust to heteroskedasticity

                                                      Number of obs =     4614
                                                      F(  2,  4403) =     3.05
                                                      Prob > F      =   0.0474
Total (centered) SS     =   360.334632                Centered R2   =  -0.1720
Total (uncentered) SS   =   360.334632                Uncentered R2 =  -0.1720
Residual SS             =  422.3066105                Root MSE      =    .3097

------------------------------------------------------------------------------
             |               Robust
        r_vw | Coefficient  std. err.      t    P>|t|     [95% conf. interval]
-------------+----------------------------------------------------------------
 ln_gaci_cwm |   1.713636   .7533945     2.27   0.023     .2366038    3.190668
       lnpop |  -.0445891    .073265    -0.61   0.543    -.1882253    .0990471
------------------------------------------------------------------------------
Underidentification test (Kleibergen-Paap rk LM statistic):             17.929
                                                   Chi-sq(1) P-val =    0.0000
------------------------------------------------------------------------------
Weak identification test (Cragg-Donald Wald F statistic):               26.376
                         (Kleibergen-Paap rk Wald F statistic):         18.109
Stock-Yogo weak ID test critical values: 10% maximal IV size             16.38
                                         15% maximal IV size              8.96
                                         20% maximal IV size              6.66
                                         25% maximal IV size              5.53
Source: Stock-Yogo (2005).  Reproduced by permission.
NB: Critical values are for Cragg-Donald F statistic and i.i.d. errors.
------------------------------------------------------------------------------
Hansen J statistic (overidentification test of all instruments):         0.000
                                                 (equation exactly identified)
------------------------------------------------------------------------------
Instrumented:         ln_gaci_cwm
Included instruments: lnpop
Excluded instruments: tourism_int
Partialled-out:       _cons
                      nb: total SS, model F and R2s are after partialling-out;
                          any small-sample adjustments include partialled-out
                          variables in regressor count K
------------------------------------------------------------------------------

Absorbed degrees of freedom:
-----------------------------------------------------+
 Absorbed FE | Categories  - Redundant  = Num. Coefs |
-------------+---------------------------------------|
     isocode |       182           0         182     |
           y |        28           1          27     |
-----------------------------------------------------+

added scalar:
                e(KPF) =  18.108858
(dropped 1 singleton observations)
(MWFE estimator converged in 5 iterations)

IV (2SLS) estimation
--------------------

Estimates efficient for homoskedasticity only
Statistics robust to heteroskedasticity

                                                      Number of obs =     4266
                                                      F(  2,  4057) =     5.63
                                                      Prob > F      =   0.0036
Total (centered) SS     =  340.1657686                Centered R2   =  -2.4978
Total (uncentered) SS   =  340.1657686                Uncentered R2 =  -2.4978
Residual SS             =  1189.848705                Root MSE      =    .5416

------------------------------------------------------------------------------
             |               Robust
       r_bec | Coefficient  std. err.      t    P>|t|     [95% conf. interval]
-------------+----------------------------------------------------------------
 ln_gaci_cwm |   6.308847   2.289248     2.76   0.006     1.820664    10.79703
       lnpop |  -.0695096   .1899109    -0.37   0.714    -.4418392      .30282
------------------------------------------------------------------------------
Underidentification test (Kleibergen-Paap rk LM statistic):              9.246
                                                   Chi-sq(1) P-val =    0.0024
------------------------------------------------------------------------------
Weak identification test (Cragg-Donald Wald F statistic):                9.687
                         (Kleibergen-Paap rk Wald F statistic):          9.026
Stock-Yogo weak ID test critical values: 10% maximal IV size             16.38
                                         15% maximal IV size              8.96
                                         20% maximal IV size              6.66
                                         25% maximal IV size              5.53
Source: Stock-Yogo (2005).  Reproduced by permission.
NB: Critical values are for Cragg-Donald F statistic and i.i.d. errors.
------------------------------------------------------------------------------
Hansen J statistic (overidentification test of all instruments):         0.000
                                                 (equation exactly identified)
------------------------------------------------------------------------------
Instrumented:         ln_gaci_cwm
Included instruments: lnpop
Excluded instruments: tourism_int
Partialled-out:       _cons
                      nb: total SS, model F and R2s are after partialling-out;
                          any small-sample adjustments include partialled-out
                          variables in regressor count K
------------------------------------------------------------------------------

Absorbed degrees of freedom:
-----------------------------------------------------+
 Absorbed FE | Categories  - Redundant  = Num. Coefs |
-------------+---------------------------------------|
     isocode |       182           0         182     |
           y |        26           1          25     |
-----------------------------------------------------+

added scalar:
                e(KPF) =  9.0257338
(dropped 1 singleton observations)
(MWFE estimator converged in 5 iterations)

IV (2SLS) estimation
--------------------

Estimates efficient for homoskedasticity only
Statistics robust to heteroskedasticity

                                                      Number of obs =     4266
                                                      F(  2,  4057) =     3.62
                                                      Prob > F      =   0.0270
Total (centered) SS     =  325.5905232                Centered R2   =  -2.4399
Total (uncentered) SS   =  325.5905232                Uncentered R2 =  -2.4399
Residual SS             =  1120.000621                Root MSE      =    .5254

------------------------------------------------------------------------------
             |               Robust
        r_vw | Coefficient  std. err.      t    P>|t|     [95% conf. interval]
-------------+----------------------------------------------------------------
 ln_gaci_cwm |   6.044195   2.253113     2.68   0.007     1.626857    10.46153
       lnpop |  -.3130452   .1856878    -1.69   0.092    -.6770952    .0510049
------------------------------------------------------------------------------
Underidentification test (Kleibergen-Paap rk LM statistic):              9.246
                                                   Chi-sq(1) P-val =    0.0024
------------------------------------------------------------------------------
Weak identification test (Cragg-Donald Wald F statistic):                9.687
                         (Kleibergen-Paap rk Wald F statistic):          9.026
Stock-Yogo weak ID test critical values: 10% maximal IV size             16.38
                                         15% maximal IV size              8.96
                                         20% maximal IV size              6.66
                                         25% maximal IV size              5.53
Source: Stock-Yogo (2005).  Reproduced by permission.
NB: Critical values are for Cragg-Donald F statistic and i.i.d. errors.
------------------------------------------------------------------------------
Hansen J statistic (overidentification test of all instruments):         0.000
                                                 (equation exactly identified)
------------------------------------------------------------------------------
Instrumented:         ln_gaci_cwm
Included instruments: lnpop
Excluded instruments: tourism_int
Partialled-out:       _cons
                      nb: total SS, model F and R2s are after partialling-out;
                          any small-sample adjustments include partialled-out
                          variables in regressor count K
------------------------------------------------------------------------------

Absorbed degrees of freedom:
-----------------------------------------------------+
 Absorbed FE | Categories  - Redundant  = Num. Coefs |
-------------+---------------------------------------|
     isocode |       182           0         182     |
           y |        26           1          25     |
-----------------------------------------------------+

added scalar:
                e(KPF) =  9.0257338

. 
. * =====================================================================
. * steps (1)+(3) per outcome x sample; collect mediated shares
. * =====================================================================
. foreach s in sfull sdrop {
  2.     foreach yv in g_int g_vol {
  3. 
.         * (1) total effect
.         ivreghdfe `yv' lnpop (`tr' = tourism_int) if `s', absorb(isocode y) robust
  4.         eststo tot_`yv'_`s'
  5.         estadd scalar KPF = e(widstat)
  6.         scalar bt_`yv'_`s' = _b[`tr']
  7. 
.         * (3) direct effects: mediator(s) as controls, T still instrumented
.         ivreghdfe `yv' lnpop r_bec (`tr' = tourism_int) if `s', absorb(isocode y) robust
  8.         eststo d1_`yv'_`s'
  9.         estadd scalar KPF = e(widstat)
 10.         scalar b1_`yv'_`s' = _b[`tr']
 11.         estadd scalar MSHARE = 100*(1 - b1_`yv'_`s'/bt_`yv'_`s')
 12. 
.         ivreghdfe `yv' lnpop r_vw (`tr' = tourism_int) if `s', absorb(isocode y) robust
 13.         eststo d2_`yv'_`s'
 14.         estadd scalar KPF = e(widstat)
 15.         scalar b2_`yv'_`s' = _b[`tr']
 16.         estadd scalar MSHARE = 100*(1 - b2_`yv'_`s'/bt_`yv'_`s')
 17. 
.         ivreghdfe `yv' lnpop r_bec r_vw (`tr' = tourism_int) if `s', absorb(isocode y) robust
 18.         eststo d3_`yv'_`s'
 19.         estadd scalar KPF = e(widstat)
 20.         scalar b3_`yv'_`s' = _b[`tr']
 21.         estadd scalar MSHARE = 100*(1 - b3_`yv'_`s'/bt_`yv'_`s')
 22.     }
 23. }
(dropped 1 singleton observations)
(MWFE estimator converged in 5 iterations)

IV (2SLS) estimation
--------------------

Estimates efficient for homoskedasticity only
Statistics robust to heteroskedasticity

                                                      Number of obs =     4614
                                                      F(  2,  4403) =    14.57
                                                      Prob > F      =   0.0000
Total (centered) SS     =  232.1192751                Centered R2   =  -0.1299
Total (uncentered) SS   =  232.1192751                Uncentered R2 =  -0.1299
Residual SS             =  262.2828168                Root MSE      =    .2441

------------------------------------------------------------------------------
             |               Robust
       g_int | Coefficient  std. err.      t    P>|t|     [95% conf. interval]
-------------+----------------------------------------------------------------
 ln_gaci_cwm |   1.268463   .6561064     1.93   0.053    -.0178355    2.554762
       lnpop |  -.2698307    .054613    -4.94   0.000    -.3768996   -.1627619
------------------------------------------------------------------------------
Underidentification test (Kleibergen-Paap rk LM statistic):             17.929
                                                   Chi-sq(1) P-val =    0.0000
------------------------------------------------------------------------------
Weak identification test (Cragg-Donald Wald F statistic):               26.376
                         (Kleibergen-Paap rk Wald F statistic):         18.109
Stock-Yogo weak ID test critical values: 10% maximal IV size             16.38
                                         15% maximal IV size              8.96
                                         20% maximal IV size              6.66
                                         25% maximal IV size              5.53
Source: Stock-Yogo (2005).  Reproduced by permission.
NB: Critical values are for Cragg-Donald F statistic and i.i.d. errors.
------------------------------------------------------------------------------
Hansen J statistic (overidentification test of all instruments):         0.000
                                                 (equation exactly identified)
------------------------------------------------------------------------------
Instrumented:         ln_gaci_cwm
Included instruments: lnpop
Excluded instruments: tourism_int
Partialled-out:       _cons
                      nb: total SS, model F and R2s are after partialling-out;
                          any small-sample adjustments include partialled-out
                          variables in regressor count K
------------------------------------------------------------------------------

Absorbed degrees of freedom:
-----------------------------------------------------+
 Absorbed FE | Categories  - Redundant  = Num. Coefs |
-------------+---------------------------------------|
     isocode |       182           0         182     |
           y |        28           1          27     |
-----------------------------------------------------+

added scalar:
                e(KPF) =  18.108858
(dropped 1 singleton observations)
(MWFE estimator converged in 5 iterations)

IV (2SLS) estimation
--------------------

Estimates efficient for homoskedasticity only
Statistics robust to heteroskedasticity

                                                      Number of obs =     4614
                                                      F(  3,  4402) =    46.88
                                                      Prob > F      =   0.0000
Total (centered) SS     =  232.1192751                Centered R2   =  -0.0450
Total (uncentered) SS   =  232.1192751                Uncentered R2 =  -0.0450
Residual SS             =  242.5750266                Root MSE      =    .2347

------------------------------------------------------------------------------
             |               Robust
       g_int | Coefficient  std. err.      t    P>|t|     [95% conf. interval]
-------------+----------------------------------------------------------------
 ln_gaci_cwm |   1.086172   .6382372     1.70   0.089    -.1650944    2.337437
       lnpop |  -.3035414   .0502963    -6.04   0.000    -.4021473   -.2049354
       r_bec |   .1633898   .0191417     8.54   0.000     .1258624    .2009173
------------------------------------------------------------------------------
Underidentification test (Kleibergen-Paap rk LM statistic):             17.534
                                                   Chi-sq(1) P-val =    0.0000
------------------------------------------------------------------------------
Weak identification test (Cragg-Donald Wald F statistic):               25.725
                         (Kleibergen-Paap rk Wald F statistic):         17.710
Stock-Yogo weak ID test critical values: 10% maximal IV size             16.38
                                         15% maximal IV size              8.96
                                         20% maximal IV size              6.66
                                         25% maximal IV size              5.53
Source: Stock-Yogo (2005).  Reproduced by permission.
NB: Critical values are for Cragg-Donald F statistic and i.i.d. errors.
------------------------------------------------------------------------------
Hansen J statistic (overidentification test of all instruments):         0.000
                                                 (equation exactly identified)
------------------------------------------------------------------------------
Instrumented:         ln_gaci_cwm
Included instruments: lnpop r_bec
Excluded instruments: tourism_int
Partialled-out:       _cons
                      nb: total SS, model F and R2s are after partialling-out;
                          any small-sample adjustments include partialled-out
                          variables in regressor count K
------------------------------------------------------------------------------

Absorbed degrees of freedom:
-----------------------------------------------------+
 Absorbed FE | Categories  - Redundant  = Num. Coefs |
-------------+---------------------------------------|
     isocode |       182           0         182     |
           y |        28           1          27     |
-----------------------------------------------------+

added scalar:
                e(KPF) =  17.709632

added scalar:
             e(MSHARE) =  14.371061
(dropped 1 singleton observations)
(MWFE estimator converged in 5 iterations)

IV (2SLS) estimation
--------------------

Estimates efficient for homoskedasticity only
Statistics robust to heteroskedasticity

                                                      Number of obs =     4614
                                                      F(  3,  4402) =    10.19
                                                      Prob > F      =   0.0000
Total (centered) SS     =  232.1192751                Centered R2   =  -0.1244
Total (uncentered) SS   =  232.1192751                Uncentered R2 =  -0.1244
Residual SS             =  260.9842414                Root MSE      =    .2435

------------------------------------------------------------------------------
             |               Robust
       g_int | Coefficient  std. err.      t    P>|t|     [95% conf. interval]
-------------+----------------------------------------------------------------
 ln_gaci_cwm |    1.24705   .6679243     1.87   0.062    -.0624179    2.556517
       lnpop |  -.2692735   .0545481    -4.94   0.000    -.3762152   -.1623319
        r_vw |   .0124959   .0211491     0.59   0.555    -.0289669    .0539588
------------------------------------------------------------------------------
Underidentification test (Kleibergen-Paap rk LM statistic):             17.315
                                                   Chi-sq(1) P-val =    0.0000
------------------------------------------------------------------------------
Weak identification test (Cragg-Donald Wald F statistic):               25.354
                         (Kleibergen-Paap rk Wald F statistic):         17.463
Stock-Yogo weak ID test critical values: 10% maximal IV size             16.38
                                         15% maximal IV size              8.96
                                         20% maximal IV size              6.66
                                         25% maximal IV size              5.53
Source: Stock-Yogo (2005).  Reproduced by permission.
NB: Critical values are for Cragg-Donald F statistic and i.i.d. errors.
------------------------------------------------------------------------------
Hansen J statistic (overidentification test of all instruments):         0.000
                                                 (equation exactly identified)
------------------------------------------------------------------------------
Instrumented:         ln_gaci_cwm
Included instruments: lnpop r_vw
Excluded instruments: tourism_int
Partialled-out:       _cons
                      nb: total SS, model F and R2s are after partialling-out;
                          any small-sample adjustments include partialled-out
                          variables in regressor count K
------------------------------------------------------------------------------

Absorbed degrees of freedom:
-----------------------------------------------------+
 Absorbed FE | Categories  - Redundant  = Num. Coefs |
-------------+---------------------------------------|
     isocode |       182           0         182     |
           y |        28           1          27     |
-----------------------------------------------------+

added scalar:
                e(KPF) =  17.463352

added scalar:
             e(MSHARE) =  1.6881412
(dropped 1 singleton observations)
(MWFE estimator converged in 5 iterations)

IV (2SLS) estimation
--------------------

Estimates efficient for homoskedasticity only
Statistics robust to heteroskedasticity

                                                      Number of obs =     4614
                                                      F(  4,  4401) =    44.23
                                                      Prob > F      =   0.0000
Total (centered) SS     =  232.1192751                Centered R2   =  -0.0230
Total (uncentered) SS   =  232.1192751                Uncentered R2 =  -0.0230
Residual SS             =  237.4567475                Root MSE      =    .2323

------------------------------------------------------------------------------
             |               Robust
       g_int | Coefficient  std. err.      t    P>|t|     [95% conf. interval]
-------------+----------------------------------------------------------------
 ln_gaci_cwm |   .9955998   .6494514     1.53   0.125    -.2776517    2.268851
       lnpop |  -.3033757   .0493471    -6.15   0.000    -.4001209   -.2066306
       r_bec |   .1726996   .0193619     8.92   0.000     .1347405    .2106588
        r_vw |   .0467923   .0200763     2.33   0.020     .0074326    .0861519
------------------------------------------------------------------------------
Underidentification test (Kleibergen-Paap rk LM statistic):             16.714
                                                   Chi-sq(1) P-val =    0.0000
------------------------------------------------------------------------------
Weak identification test (Cragg-Donald Wald F statistic):               24.361
                         (Kleibergen-Paap rk Wald F statistic):         16.855
Stock-Yogo weak ID test critical values: 10% maximal IV size             16.38
                                         15% maximal IV size              8.96
                                         20% maximal IV size              6.66
                                         25% maximal IV size              5.53
Source: Stock-Yogo (2005).  Reproduced by permission.
NB: Critical values are for Cragg-Donald F statistic and i.i.d. errors.
------------------------------------------------------------------------------
Hansen J statistic (overidentification test of all instruments):         0.000
                                                 (equation exactly identified)
------------------------------------------------------------------------------
Instrumented:         ln_gaci_cwm
Included instruments: lnpop r_bec r_vw
Excluded instruments: tourism_int
Partialled-out:       _cons
                      nb: total SS, model F and R2s are after partialling-out;
                          any small-sample adjustments include partialled-out
                          variables in regressor count K
------------------------------------------------------------------------------

Absorbed degrees of freedom:
-----------------------------------------------------+
 Absorbed FE | Categories  - Redundant  = Num. Coefs |
-------------+---------------------------------------|
     isocode |       182           0         182     |
           y |        28           1          27     |
-----------------------------------------------------+

added scalar:
                e(KPF) =  16.855352

added scalar:
             e(MSHARE) =  21.511332
(dropped 1 singleton observations)
(MWFE estimator converged in 5 iterations)

IV (2SLS) estimation
--------------------

Estimates efficient for homoskedasticity only
Statistics robust to heteroskedasticity

                                                      Number of obs =     4614
                                                      F(  2,  4403) =    51.00
                                                      Prob > F      =   0.0000
Total (centered) SS     =   421.859448                Centered R2   =   0.0304
Total (uncentered) SS   =   421.859448                Uncentered R2 =   0.0304
Residual SS             =   409.020543                Root MSE      =    .3048

------------------------------------------------------------------------------
             |               Robust
       g_vol | Coefficient  std. err.      t    P>|t|     [95% conf. interval]
-------------+----------------------------------------------------------------
 ln_gaci_cwm |   2.296852   .7752842     2.96   0.003     .7769047    3.816799
       lnpop |   .3926107    .068543     5.73   0.000     .2582319    .5269894
------------------------------------------------------------------------------
Underidentification test (Kleibergen-Paap rk LM statistic):             17.929
                                                   Chi-sq(1) P-val =    0.0000
------------------------------------------------------------------------------
Weak identification test (Cragg-Donald Wald F statistic):               26.376
                         (Kleibergen-Paap rk Wald F statistic):         18.109
Stock-Yogo weak ID test critical values: 10% maximal IV size             16.38
                                         15% maximal IV size              8.96
                                         20% maximal IV size              6.66
                                         25% maximal IV size              5.53
Source: Stock-Yogo (2005).  Reproduced by permission.
NB: Critical values are for Cragg-Donald F statistic and i.i.d. errors.
------------------------------------------------------------------------------
Hansen J statistic (overidentification test of all instruments):         0.000
                                                 (equation exactly identified)
------------------------------------------------------------------------------
Instrumented:         ln_gaci_cwm
Included instruments: lnpop
Excluded instruments: tourism_int
Partialled-out:       _cons
                      nb: total SS, model F and R2s are after partialling-out;
                          any small-sample adjustments include partialled-out
                          variables in regressor count K
------------------------------------------------------------------------------

Absorbed degrees of freedom:
-----------------------------------------------------+
 Absorbed FE | Categories  - Redundant  = Num. Coefs |
-------------+---------------------------------------|
     isocode |       182           0         182     |
           y |        28           1          27     |
-----------------------------------------------------+

added scalar:
                e(KPF) =  18.108858
(dropped 1 singleton observations)
(MWFE estimator converged in 5 iterations)

IV (2SLS) estimation
--------------------

Estimates efficient for homoskedasticity only
Statistics robust to heteroskedasticity

                                                      Number of obs =     4614
                                                      F(  3,  4402) =    96.43
                                                      Prob > F      =   0.0000
Total (centered) SS     =   421.859448                Centered R2   =   0.1441
Total (uncentered) SS   =   421.859448                Uncentered R2 =   0.1441
Residual SS             =  361.0900957                Root MSE      =    .2864

------------------------------------------------------------------------------
             |               Robust
       g_vol | Coefficient  std. err.      t    P>|t|     [95% conf. interval]
-------------+----------------------------------------------------------------
 ln_gaci_cwm |   1.974117   .7209417     2.74   0.006     .5607084    3.387525
       lnpop |   .3329283   .0598502     5.56   0.000     .2155918    .4502648
       r_bec |   .2892707   .0241328    11.99   0.000     .2419583     .336583
------------------------------------------------------------------------------
Underidentification test (Kleibergen-Paap rk LM statistic):             17.534
                                                   Chi-sq(1) P-val =    0.0000
------------------------------------------------------------------------------
Weak identification test (Cragg-Donald Wald F statistic):               25.725
                         (Kleibergen-Paap rk Wald F statistic):         17.710
Stock-Yogo weak ID test critical values: 10% maximal IV size             16.38
                                         15% maximal IV size              8.96
                                         20% maximal IV size              6.66
                                         25% maximal IV size              5.53
Source: Stock-Yogo (2005).  Reproduced by permission.
NB: Critical values are for Cragg-Donald F statistic and i.i.d. errors.
------------------------------------------------------------------------------
Hansen J statistic (overidentification test of all instruments):         0.000
                                                 (equation exactly identified)
------------------------------------------------------------------------------
Instrumented:         ln_gaci_cwm
Included instruments: lnpop r_bec
Excluded instruments: tourism_int
Partialled-out:       _cons
                      nb: total SS, model F and R2s are after partialling-out;
                          any small-sample adjustments include partialled-out
                          variables in regressor count K
------------------------------------------------------------------------------

Absorbed degrees of freedom:
-----------------------------------------------------+
 Absorbed FE | Categories  - Redundant  = Num. Coefs |
-------------+---------------------------------------|
     isocode |       182           0         182     |
           y |        28           1          27     |
-----------------------------------------------------+

added scalar:
                e(KPF) =  17.709632

added scalar:
             e(MSHARE) =  14.051189
(dropped 1 singleton observations)
(MWFE estimator converged in 5 iterations)

IV (2SLS) estimation
--------------------

Estimates efficient for homoskedasticity only
Statistics robust to heteroskedasticity

                                                      Number of obs =     4614
                                                      F(  3,  4402) =    41.43
                                                      Prob > F      =   0.0000
Total (centered) SS     =   421.859448                Centered R2   =   0.0461
Total (uncentered) SS   =   421.859448                Uncentered R2 =   0.0461
Residual SS             =  402.3972701                Root MSE      =    .3023

------------------------------------------------------------------------------
             |               Robust
       g_vol | Coefficient  std. err.      t    P>|t|     [95% conf. interval]
-------------+----------------------------------------------------------------
 ln_gaci_cwm |   2.202158   .7892752     2.79   0.005     .6547819    3.749535
       lnpop |   .3950746    .067758     5.83   0.000     .2622348    .5279145
        r_vw |   .0552588   .0256946     2.15   0.032     .0048843    .1056332
------------------------------------------------------------------------------
Underidentification test (Kleibergen-Paap rk LM statistic):             17.315
                                                   Chi-sq(1) P-val =    0.0000
------------------------------------------------------------------------------
Weak identification test (Cragg-Donald Wald F statistic):               25.354
                         (Kleibergen-Paap rk Wald F statistic):         17.463
Stock-Yogo weak ID test critical values: 10% maximal IV size             16.38
                                         15% maximal IV size              8.96
                                         20% maximal IV size              6.66
                                         25% maximal IV size              5.53
Source: Stock-Yogo (2005).  Reproduced by permission.
NB: Critical values are for Cragg-Donald F statistic and i.i.d. errors.
------------------------------------------------------------------------------
Hansen J statistic (overidentification test of all instruments):         0.000
                                                 (equation exactly identified)
------------------------------------------------------------------------------
Instrumented:         ln_gaci_cwm
Included instruments: lnpop r_vw
Excluded instruments: tourism_int
Partialled-out:       _cons
                      nb: total SS, model F and R2s are after partialling-out;
                          any small-sample adjustments include partialled-out
                          variables in regressor count K
------------------------------------------------------------------------------

Absorbed degrees of freedom:
-----------------------------------------------------+
 Absorbed FE | Categories  - Redundant  = Num. Coefs |
-------------+---------------------------------------|
     isocode |       182           0         182     |
           y |        28           1          27     |
-----------------------------------------------------+

added scalar:
                e(KPF) =  17.463352

added scalar:
             e(MSHARE) =  4.1227472
(dropped 1 singleton observations)
(MWFE estimator converged in 5 iterations)

IV (2SLS) estimation
--------------------

Estimates efficient for homoskedasticity only
Statistics robust to heteroskedasticity

                                                      Number of obs =     4614
                                                      F(  4,  4401) =   110.99
                                                      Prob > F      =   0.0000
Total (centered) SS     =   421.859448                Centered R2   =   0.1772
Total (uncentered) SS   =   421.859448                Uncentered R2 =   0.1772
Residual SS             =  347.0943622                Root MSE      =    .2808

------------------------------------------------------------------------------
             |               Robust
       g_vol | Coefficient  std. err.      t    P>|t|     [95% conf. interval]
-------------+----------------------------------------------------------------
 ln_gaci_cwm |    1.74699   .7375904     2.37   0.018     .3009413    3.193038
       lnpop |   .3333436   .0580254     5.74   0.000     .2195847    .4471025
       r_bec |   .3126168   .0245301    12.74   0.000     .2645255    .3607082
        r_vw |   .1173412    .023791     4.93   0.000     .0706989    .1639836
------------------------------------------------------------------------------
Underidentification test (Kleibergen-Paap rk LM statistic):             16.714
                                                   Chi-sq(1) P-val =    0.0000
------------------------------------------------------------------------------
Weak identification test (Cragg-Donald Wald F statistic):               24.361
                         (Kleibergen-Paap rk Wald F statistic):         16.855
Stock-Yogo weak ID test critical values: 10% maximal IV size             16.38
                                         15% maximal IV size              8.96
                                         20% maximal IV size              6.66
                                         25% maximal IV size              5.53
Source: Stock-Yogo (2005).  Reproduced by permission.
NB: Critical values are for Cragg-Donald F statistic and i.i.d. errors.
------------------------------------------------------------------------------
Hansen J statistic (overidentification test of all instruments):         0.000
                                                 (equation exactly identified)
------------------------------------------------------------------------------
Instrumented:         ln_gaci_cwm
Included instruments: lnpop r_bec r_vw
Excluded instruments: tourism_int
Partialled-out:       _cons
                      nb: total SS, model F and R2s are after partialling-out;
                          any small-sample adjustments include partialled-out
                          variables in regressor count K
------------------------------------------------------------------------------

Absorbed degrees of freedom:
-----------------------------------------------------+
 Absorbed FE | Categories  - Redundant  = Num. Coefs |
-------------+---------------------------------------|
     isocode |       182           0         182     |
           y |        28           1          27     |
-----------------------------------------------------+

added scalar:
                e(KPF) =  16.855352

added scalar:
             e(MSHARE) =  23.939817
(dropped 1 singleton observations)
(MWFE estimator converged in 5 iterations)

IV (2SLS) estimation
--------------------

Estimates efficient for homoskedasticity only
Statistics robust to heteroskedasticity

                                                      Number of obs =     4266
                                                      F(  2,  4057) =     5.43
                                                      Prob > F      =   0.0044
Total (centered) SS     =   207.567829                Centered R2   =  -0.9427
Total (uncentered) SS   =   207.567829                Uncentered R2 =  -0.9427
Residual SS             =   403.250672                Root MSE      =    .3153

------------------------------------------------------------------------------
             |               Robust
       g_int | Coefficient  std. err.      t    P>|t|     [95% conf. interval]
-------------+----------------------------------------------------------------
 ln_gaci_cwm |   3.067063   1.461352     2.10   0.036     .2020113    5.932115
       lnpop |  -.3491671   .1078651    -3.24   0.001    -.5606419   -.1376923
------------------------------------------------------------------------------
Underidentification test (Kleibergen-Paap rk LM statistic):              9.246
                                                   Chi-sq(1) P-val =    0.0024
------------------------------------------------------------------------------
Weak identification test (Cragg-Donald Wald F statistic):                9.687
                         (Kleibergen-Paap rk Wald F statistic):          9.026
Stock-Yogo weak ID test critical values: 10% maximal IV size             16.38
                                         15% maximal IV size              8.96
                                         20% maximal IV size              6.66
                                         25% maximal IV size              5.53
Source: Stock-Yogo (2005).  Reproduced by permission.
NB: Critical values are for Cragg-Donald F statistic and i.i.d. errors.
------------------------------------------------------------------------------
Hansen J statistic (overidentification test of all instruments):         0.000
                                                 (equation exactly identified)
------------------------------------------------------------------------------
Instrumented:         ln_gaci_cwm
Included instruments: lnpop
Excluded instruments: tourism_int
Partialled-out:       _cons
                      nb: total SS, model F and R2s are after partialling-out;
                          any small-sample adjustments include partialled-out
                          variables in regressor count K
------------------------------------------------------------------------------

Absorbed degrees of freedom:
-----------------------------------------------------+
 Absorbed FE | Categories  - Redundant  = Num. Coefs |
-------------+---------------------------------------|
     isocode |       182           0         182     |
           y |        26           1          25     |
-----------------------------------------------------+

added scalar:
                e(KPF) =  9.0257338
(dropped 1 singleton observations)
(MWFE estimator converged in 5 iterations)

IV (2SLS) estimation
--------------------

Estimates efficient for homoskedasticity only
Statistics robust to heteroskedasticity

                                                      Number of obs =     4266
                                                      F(  3,  4056) =    30.16
                                                      Prob > F      =   0.0000
Total (centered) SS     =   207.567829                Centered R2   =  -0.3961
Total (uncentered) SS   =   207.567829                Uncentered R2 =  -0.3961
Residual SS             =  289.7891068                Root MSE      =    .2673

------------------------------------------------------------------------------
             |               Robust
       g_int | Coefficient  std. err.      t    P>|t|     [95% conf. interval]
-------------+----------------------------------------------------------------
 ln_gaci_cwm |   2.125336   1.326413     1.60   0.109    -.4751616    4.725835
       lnpop |  -.3387913   .0876487    -3.87   0.000    -.5106309   -.1669517
       r_bec |   .1492708   .0245229     6.09   0.000     .1011925    .1973492
------------------------------------------------------------------------------
Underidentification test (Kleibergen-Paap rk LM statistic):              8.129
                                                   Chi-sq(1) P-val =    0.0044
------------------------------------------------------------------------------
Weak identification test (Cragg-Donald Wald F statistic):                8.349
                         (Kleibergen-Paap rk Wald F statistic):          7.903
Stock-Yogo weak ID test critical values: 10% maximal IV size             16.38
                                         15% maximal IV size              8.96
                                         20% maximal IV size              6.66
                                         25% maximal IV size              5.53
Source: Stock-Yogo (2005).  Reproduced by permission.
NB: Critical values are for Cragg-Donald F statistic and i.i.d. errors.
------------------------------------------------------------------------------
Hansen J statistic (overidentification test of all instruments):         0.000
                                                 (equation exactly identified)
------------------------------------------------------------------------------
Instrumented:         ln_gaci_cwm
Included instruments: lnpop r_bec
Excluded instruments: tourism_int
Partialled-out:       _cons
                      nb: total SS, model F and R2s are after partialling-out;
                          any small-sample adjustments include partialled-out
                          variables in regressor count K
------------------------------------------------------------------------------

Absorbed degrees of freedom:
-----------------------------------------------------+
 Absorbed FE | Categories  - Redundant  = Num. Coefs |
-------------+---------------------------------------|
     isocode |       182           0         182     |
           y |        26           1          25     |
-----------------------------------------------------+

added scalar:
                e(KPF) =  7.9031875

added scalar:
             e(MSHARE) =  30.704513
(dropped 1 singleton observations)
(MWFE estimator converged in 5 iterations)

IV (2SLS) estimation
--------------------

Estimates efficient for homoskedasticity only
Statistics robust to heteroskedasticity

                                                      Number of obs =     4266
                                                      F(  3,  4056) =     3.90
                                                      Prob > F      =   0.0085
Total (centered) SS     =   207.567829                Centered R2   =  -0.9402
Total (uncentered) SS   =   207.567829                Uncentered R2 =  -0.9402
Residual SS             =  402.7320027                Root MSE      =    .3151

------------------------------------------------------------------------------
             |               Robust
       g_int | Coefficient  std. err.      t    P>|t|     [95% conf. interval]
-------------+----------------------------------------------------------------
 ln_gaci_cwm |   3.063188   1.544616     1.98   0.047     .0348928    6.091483
       lnpop |  -.3489663   .1107593    -3.15   0.002    -.5661154   -.1318172
        r_vw |   .0006412   .0275437     0.02   0.981    -.0533597     .054642
------------------------------------------------------------------------------
Underidentification test (Kleibergen-Paap rk LM statistic):              8.253
                                                   Chi-sq(1) P-val =    0.0041
------------------------------------------------------------------------------
Weak identification test (Cragg-Donald Wald F statistic):                8.732
                         (Kleibergen-Paap rk Wald F statistic):          8.042
Stock-Yogo weak ID test critical values: 10% maximal IV size             16.38
                                         15% maximal IV size              8.96
                                         20% maximal IV size              6.66
                                         25% maximal IV size              5.53
Source: Stock-Yogo (2005).  Reproduced by permission.
NB: Critical values are for Cragg-Donald F statistic and i.i.d. errors.
------------------------------------------------------------------------------
Hansen J statistic (overidentification test of all instruments):         0.000
                                                 (equation exactly identified)
------------------------------------------------------------------------------
Instrumented:         ln_gaci_cwm
Included instruments: lnpop r_vw
Excluded instruments: tourism_int
Partialled-out:       _cons
                      nb: total SS, model F and R2s are after partialling-out;
                          any small-sample adjustments include partialled-out
                          variables in regressor count K
------------------------------------------------------------------------------

Absorbed degrees of freedom:
-----------------------------------------------------+
 Absorbed FE | Categories  - Redundant  = Num. Coefs |
-------------+---------------------------------------|
     isocode |       182           0         182     |
           y |        26           1          25     |
-----------------------------------------------------+

added scalar:
                e(KPF) =  8.0421406

added scalar:
             e(MSHARE) =  .12635394
(dropped 1 singleton observations)
(MWFE estimator converged in 5 iterations)

IV (2SLS) estimation
--------------------

Estimates efficient for homoskedasticity only
Statistics robust to heteroskedasticity

                                                      Number of obs =     4266
                                                      F(  4,  4055) =    32.79
                                                      Prob > F      =   0.0000
Total (centered) SS     =   207.567829                Centered R2   =  -0.2505
Total (uncentered) SS   =   207.567829                Uncentered R2 =  -0.2505
Residual SS             =  259.5588371                Root MSE      =     .253

------------------------------------------------------------------------------
             |               Robust
       g_int | Coefficient  std. err.      t    P>|t|     [95% conf. interval]
-------------+----------------------------------------------------------------
 ln_gaci_cwm |   1.774466   1.378747     1.29   0.198    -.9286365    4.477568
       lnpop |  -.3239234   .0848002    -3.82   0.000    -.4901783   -.1576685
       r_bec |   .1621172   .0257627     6.29   0.000     .1116081    .2126262
        r_vw |   .0446421   .0255594     1.75   0.081    -.0054684    .0947525
------------------------------------------------------------------------------
Underidentification test (Kleibergen-Paap rk LM statistic):              6.764
                                                   Chi-sq(1) P-val =    0.0093
------------------------------------------------------------------------------
Weak identification test (Cragg-Donald Wald F statistic):                6.951
                         (Kleibergen-Paap rk Wald F statistic):          6.559
Stock-Yogo weak ID test critical values: 10% maximal IV size             16.38
                                         15% maximal IV size              8.96
                                         20% maximal IV size              6.66
                                         25% maximal IV size              5.53
Source: Stock-Yogo (2005).  Reproduced by permission.
NB: Critical values are for Cragg-Donald F statistic and i.i.d. errors.
------------------------------------------------------------------------------
Hansen J statistic (overidentification test of all instruments):         0.000
                                                 (equation exactly identified)
------------------------------------------------------------------------------
Instrumented:         ln_gaci_cwm
Included instruments: lnpop r_bec r_vw
Excluded instruments: tourism_int
Partialled-out:       _cons
                      nb: total SS, model F and R2s are after partialling-out;
                          any small-sample adjustments include partialled-out
                          variables in regressor count K
------------------------------------------------------------------------------

Absorbed degrees of freedom:
-----------------------------------------------------+
 Absorbed FE | Categories  - Redundant  = Num. Coefs |
-------------+---------------------------------------|
     isocode |       182           0         182     |
           y |        26           1          25     |
-----------------------------------------------------+

added scalar:
                e(KPF) =  6.5588564

added scalar:
             e(MSHARE) =  42.144472
(dropped 1 singleton observations)
(MWFE estimator converged in 5 iterations)

IV (2SLS) estimation
--------------------

Estimates efficient for homoskedasticity only
Statistics robust to heteroskedasticity

                                                      Number of obs =     4266
                                                      F(  2,  4057) =    14.42
                                                      Prob > F      =   0.0000
Total (centered) SS     =  372.3262494                Centered R2   =  -2.0344
Total (uncentered) SS   =  372.3262494                Uncentered R2 =  -2.0344
Residual SS             =  1129.797966                Root MSE      =    .5277

------------------------------------------------------------------------------
             |               Robust
       g_vol | Coefficient  std. err.      t    P>|t|     [95% conf. interval]
-------------+----------------------------------------------------------------
 ln_gaci_cwm |   7.044449   2.196933     3.21   0.001     2.737255    11.35164
       lnpop |   .1742236   .1852581     0.94   0.347     -.188984    .5374312
------------------------------------------------------------------------------
Underidentification test (Kleibergen-Paap rk LM statistic):              9.246
                                                   Chi-sq(1) P-val =    0.0024
------------------------------------------------------------------------------
Weak identification test (Cragg-Donald Wald F statistic):                9.687
                         (Kleibergen-Paap rk Wald F statistic):          9.026
Stock-Yogo weak ID test critical values: 10% maximal IV size             16.38
                                         15% maximal IV size              8.96
                                         20% maximal IV size              6.66
                                         25% maximal IV size              5.53
Source: Stock-Yogo (2005).  Reproduced by permission.
NB: Critical values are for Cragg-Donald F statistic and i.i.d. errors.
------------------------------------------------------------------------------
Hansen J statistic (overidentification test of all instruments):         0.000
                                                 (equation exactly identified)
------------------------------------------------------------------------------
Instrumented:         ln_gaci_cwm
Included instruments: lnpop
Excluded instruments: tourism_int
Partialled-out:       _cons
                      nb: total SS, model F and R2s are after partialling-out;
                          any small-sample adjustments include partialled-out
                          variables in regressor count K
------------------------------------------------------------------------------

Absorbed degrees of freedom:
-----------------------------------------------------+
 Absorbed FE | Categories  - Redundant  = Num. Coefs |
-------------+---------------------------------------|
     isocode |       182           0         182     |
           y |        26           1          25     |
-----------------------------------------------------+

added scalar:
                e(KPF) =  9.0257338
(dropped 1 singleton observations)
(MWFE estimator converged in 5 iterations)

IV (2SLS) estimation
--------------------

Estimates efficient for homoskedasticity only
Statistics robust to heteroskedasticity

                                                      Number of obs =     4266
                                                      F(  3,  4056) =    44.24
                                                      Prob > F      =   0.0000
Total (centered) SS     =  372.3262494                Centered R2   =  -1.0869
Total (uncentered) SS   =  372.3262494                Uncentered R2 =  -1.0869
Residual SS             =   777.002482                Root MSE      =    .4377

------------------------------------------------------------------------------
             |               Robust
       g_vol | Coefficient  std. err.      t    P>|t|     [95% conf. interval]
-------------+----------------------------------------------------------------
 ln_gaci_cwm |   5.628688   1.941841     2.90   0.004     1.821615    9.435762
       lnpop |   .1898222   .1498932     1.27   0.205    -.1040507    .4836951
       r_bec |   .2244088   .0352929     6.36   0.000     .1552153    .2936022
------------------------------------------------------------------------------
Underidentification test (Kleibergen-Paap rk LM statistic):              8.129
                                                   Chi-sq(1) P-val =    0.0044
------------------------------------------------------------------------------
Weak identification test (Cragg-Donald Wald F statistic):                8.349
                         (Kleibergen-Paap rk Wald F statistic):          7.903
Stock-Yogo weak ID test critical values: 10% maximal IV size             16.38
                                         15% maximal IV size              8.96
                                         20% maximal IV size              6.66
                                         25% maximal IV size              5.53
Source: Stock-Yogo (2005).  Reproduced by permission.
NB: Critical values are for Cragg-Donald F statistic and i.i.d. errors.
------------------------------------------------------------------------------
Hansen J statistic (overidentification test of all instruments):         0.000
                                                 (equation exactly identified)
------------------------------------------------------------------------------
Instrumented:         ln_gaci_cwm
Included instruments: lnpop r_bec
Excluded instruments: tourism_int
Partialled-out:       _cons
                      nb: total SS, model F and R2s are after partialling-out;
                          any small-sample adjustments include partialled-out
                          variables in regressor count K
------------------------------------------------------------------------------

Absorbed degrees of freedom:
-----------------------------------------------------+
 Absorbed FE | Categories  - Redundant  = Num. Coefs |
-------------+---------------------------------------|
     isocode |       182           0         182     |
           y |        26           1          25     |
-----------------------------------------------------+

added scalar:
                e(KPF) =  7.9031875

added scalar:
             e(MSHARE) =  20.097535
(dropped 1 singleton observations)
(MWFE estimator converged in 5 iterations)

IV (2SLS) estimation
--------------------

Estimates efficient for homoskedasticity only
Statistics robust to heteroskedasticity

                                                      Number of obs =     4266
                                                      F(  3,  4056) =    13.22
                                                      Prob > F      =   0.0000
Total (centered) SS     =  372.3262494                Centered R2   =  -1.9244
Total (uncentered) SS   =  372.3262494                Uncentered R2 =  -1.9244
Residual SS             =  1088.823304                Root MSE      =    .5181

------------------------------------------------------------------------------
             |               Robust
       g_vol | Coefficient  std. err.      t    P>|t|     [95% conf. interval]
-------------+----------------------------------------------------------------
 ln_gaci_cwm |   6.891121   2.289757     3.01   0.003      2.40194     11.3803
       lnpop |   .1821649   .1854433     0.98   0.326    -.1814058    .5457355
        r_vw |   .0253678   .0397653     0.64   0.524     -.052594    .1033296
------------------------------------------------------------------------------
Underidentification test (Kleibergen-Paap rk LM statistic):              8.253
                                                   Chi-sq(1) P-val =    0.0041
------------------------------------------------------------------------------
Weak identification test (Cragg-Donald Wald F statistic):                8.732
                         (Kleibergen-Paap rk Wald F statistic):          8.042
Stock-Yogo weak ID test critical values: 10% maximal IV size             16.38
                                         15% maximal IV size              8.96
                                         20% maximal IV size              6.66
                                         25% maximal IV size              5.53
Source: Stock-Yogo (2005).  Reproduced by permission.
NB: Critical values are for Cragg-Donald F statistic and i.i.d. errors.
------------------------------------------------------------------------------
Hansen J statistic (overidentification test of all instruments):         0.000
                                                 (equation exactly identified)
------------------------------------------------------------------------------
Instrumented:         ln_gaci_cwm
Included instruments: lnpop r_vw
Excluded instruments: tourism_int
Partialled-out:       _cons
                      nb: total SS, model F and R2s are after partialling-out;
                          any small-sample adjustments include partialled-out
                          variables in regressor count K
------------------------------------------------------------------------------

Absorbed degrees of freedom:
-----------------------------------------------------+
 Absorbed FE | Categories  - Redundant  = Num. Coefs |
-------------+---------------------------------------|
     isocode |       182           0         182     |
           y |        26           1          25     |
-----------------------------------------------------+

added scalar:
                e(KPF) =  8.0421406

added scalar:
             e(MSHARE) =  2.1765803
(dropped 1 singleton observations)
(MWFE estimator converged in 5 iterations)

IV (2SLS) estimation
--------------------

Estimates efficient for homoskedasticity only
Statistics robust to heteroskedasticity

                                                      Number of obs =     4266
                                                      F(  4,  4055) =    58.04
                                                      Prob > F      =   0.0000
Total (centered) SS     =  372.3262494                Centered R2   =  -0.7038
Total (uncentered) SS   =  372.3262494                Uncentered R2 =  -0.7038
Residual SS             =  634.3592184                Root MSE      =    .3955

------------------------------------------------------------------------------
             |               Robust
       g_vol | Coefficient  std. err.      t    P>|t|     [95% conf. interval]
-------------+----------------------------------------------------------------
 ln_gaci_cwm |   4.893145    1.94797     2.51   0.012     1.074053    8.712237
       lnpop |   .2209903   .1374142     1.61   0.108     -.048417    .4903977
       r_bec |    .251339    .036572     6.87   0.000     .1796378    .3230402
        r_vw |   .0935848   .0353814     2.65   0.008     .0242178    .1629517
------------------------------------------------------------------------------
Underidentification test (Kleibergen-Paap rk LM statistic):              6.764
                                                   Chi-sq(1) P-val =    0.0093
------------------------------------------------------------------------------
Weak identification test (Cragg-Donald Wald F statistic):                6.951
                         (Kleibergen-Paap rk Wald F statistic):          6.559
Stock-Yogo weak ID test critical values: 10% maximal IV size             16.38
                                         15% maximal IV size              8.96
                                         20% maximal IV size              6.66
                                         25% maximal IV size              5.53
Source: Stock-Yogo (2005).  Reproduced by permission.
NB: Critical values are for Cragg-Donald F statistic and i.i.d. errors.
------------------------------------------------------------------------------
Hansen J statistic (overidentification test of all instruments):         0.000
                                                 (equation exactly identified)
------------------------------------------------------------------------------
Instrumented:         ln_gaci_cwm
Included instruments: lnpop r_bec r_vw
Excluded instruments: tourism_int
Partialled-out:       _cons
                      nb: total SS, model F and R2s are after partialling-out;
                          any small-sample adjustments include partialled-out
                          variables in regressor count K
------------------------------------------------------------------------------

Absorbed degrees of freedom:
-----------------------------------------------------+
 Absorbed FE | Categories  - Redundant  = Num. Coefs |
-------------+---------------------------------------|
     isocode |       182           0         182     |
           y |        26           1          25     |
-----------------------------------------------------+

added scalar:
                e(KPF) =  6.5588564

added scalar:
             e(MSHARE) =  30.538994

. 
. * =====================================================================
. * TABLES
. * =====================================================================
. local opt b(%9.3f) se(%9.3f) star(* 0.10 ** 0.05 *** 0.01) nonum ///
>           coeflabels(`tr' "Hub quality (cwm)" r_bec "M: ln(Int/Cons)" ///
>                      r_vw "M: ln(Hi/Lo VW)") ///
>           stats(MSHARE KPF N, fmt(%9.1f %9.1f %9.0g) ///
>           labels("Mediated share (%)" "First-stage KP F" "Observations"))

. 
. di _n "========== STEP 2: EFFECT OF CONNECTIVITY ON MEDIATORS =========="

========== STEP 2: EFFECT OF CONNECTIVITY ON MEDIATORS ==========

. esttab med_r_bec_sfull med_r_vw_sfull med_r_bec_sdrop med_r_vw_sdrop, ///
>        keep(`tr') mtitles("bec FULL" "vw FULL" "bec drop2021" "vw drop2021") `opt'

----------------------------------------------------------------------------
                 bec FULL         vw FULL    bec drop2021     vw drop2021   
----------------------------------------------------------------------------
Hub qualit~)        1.116           1.714**         6.309***        6.044***
                  (0.693)         (0.753)         (2.289)         (2.253)   
----------------------------------------------------------------------------
Mediated s~)                                                                
First-stag~F         18.1            18.1             9.0             9.0   
Observations         4614            4614            4266            4266   
----------------------------------------------------------------------------
Standard errors in parentheses
* p<0.10, ** p<0.05, *** p<0.01

. 
. foreach s in sfull sdrop {
  2.     local slab = cond("`s'"=="sfull", "FULL 1996-2023 (MAIN)", "drop 2020-21 (acute pandemic)")
  3. 
.     di _n "========== MEDIATION, Y = OPENNESS ln(g/Y), `slab' =========="
  4.     di      "  cols: total / direct|M=bec / direct|M=vw / direct|both"
  5.     esttab tot_g_int_`s' d1_g_int_`s' d2_g_int_`s' d3_g_int_`s', ///
>            keep(`tr' r_bec r_vw) mtitles("Total" "M:bec" "M:vw" "M:both") `opt'
  6. 
.     di _n "========== MEDIATION, Y = VOLUME ln(g), `slab' =========="
  7.     esttab tot_g_vol_`s' d1_g_vol_`s' d2_g_vol_`s' d3_g_vol_`s', ///
>            keep(`tr' r_bec r_vw) mtitles("Total" "M:bec" "M:vw" "M:both") `opt'
  8. }

========== MEDIATION, Y = OPENNESS ln(g/Y), FULL 1996-2023 (MAIN) ==========
  cols: total / direct|M=bec / direct|M=vw / direct|both

----------------------------------------------------------------------------
                    Total           M:bec            M:vw          M:both   
----------------------------------------------------------------------------
Hub qualit~)        1.268*          1.086*          1.247*          0.996   
                  (0.656)         (0.638)         (0.668)         (0.649)   

M: ln(Int/~)                        0.163***                        0.173***
                                  (0.019)                         (0.019)   

M: ln(Hi/L~)                                        0.012           0.047** 
                                                  (0.021)         (0.020)   
----------------------------------------------------------------------------
Mediated s~)                                                                
First-stag~F         18.1            17.7            17.5            16.9   
Observations         4614            4614            4614            4614   
----------------------------------------------------------------------------
Standard errors in parentheses
* p<0.10, ** p<0.05, *** p<0.01

========== MEDIATION, Y = VOLUME ln(g), FULL 1996-2023 (MAIN) ==========

----------------------------------------------------------------------------
                    Total           M:bec            M:vw          M:both   
----------------------------------------------------------------------------
Hub qualit~)        2.297***        1.974***        2.202***        1.747** 
                  (0.775)         (0.721)         (0.789)         (0.738)   

M: ln(Int/~)                        0.289***                        0.313***
                                  (0.024)                         (0.025)   

M: ln(Hi/L~)                                        0.055**         0.117***
                                                  (0.026)         (0.024)   
----------------------------------------------------------------------------
Mediated s~)                                                                
First-stag~F         18.1            17.7            17.5            16.9   
Observations         4614            4614            4614            4614   
----------------------------------------------------------------------------
Standard errors in parentheses
* p<0.10, ** p<0.05, *** p<0.01

========== MEDIATION, Y = OPENNESS ln(g/Y), drop 2020-21 (acute pandemic) ==========
  cols: total / direct|M=bec / direct|M=vw / direct|both

----------------------------------------------------------------------------
                    Total           M:bec            M:vw          M:both   
----------------------------------------------------------------------------
Hub qualit~)        3.067**         2.125           3.063**         1.774   
                  (1.461)         (1.326)         (1.545)         (1.379)   

M: ln(Int/~)                        0.149***                        0.162***
                                  (0.025)                         (0.026)   

M: ln(Hi/L~)                                        0.001           0.045*  
                                                  (0.028)         (0.026)   
----------------------------------------------------------------------------
Mediated s~)                                                                
First-stag~F          9.0             7.9             8.0             6.6   
Observations         4266            4266            4266            4266   
----------------------------------------------------------------------------
Standard errors in parentheses
* p<0.10, ** p<0.05, *** p<0.01

========== MEDIATION, Y = VOLUME ln(g), drop 2020-21 (acute pandemic) ==========

----------------------------------------------------------------------------
                    Total           M:bec            M:vw          M:both   
----------------------------------------------------------------------------
Hub qualit~)        7.044***        5.629***        6.891***        4.893** 
                  (2.197)         (1.942)         (2.290)         (1.948)   

M: ln(Int/~)                        0.224***                        0.251***
                                  (0.035)                         (0.037)   

M: ln(Hi/L~)                                        0.025           0.094***
                                                  (0.040)         (0.035)   
----------------------------------------------------------------------------
Mediated s~)                                                                
First-stag~F          9.0             7.9             8.0             6.6   
Observations         4266            4266            4266            4266   
----------------------------------------------------------------------------
Standard errors in parentheses
* p<0.10, ** p<0.05, *** p<0.01

. 
. di _n "========== MEDIATED SHARES (point estimates) =========="

========== MEDIATED SHARES (point estimates) ==========

. foreach s in sfull sdrop {
  2.     foreach yv in g_int g_vol {
  3.         di "`s' `yv': total=" %6.3f bt_`yv'_`s' ///
>            "  bec " %5.1f 100*(1-b1_`yv'_`s'/bt_`yv'_`s') "%" ///
>            "  vw "  %5.1f 100*(1-b2_`yv'_`s'/bt_`yv'_`s') "%" ///
>            "  both " %5.1f 100*(1-b3_`yv'_`s'/bt_`yv'_`s') "%"
  4.     }
  5. }
sfull g_int: total= 1.268  bec  14.4%  vw   1.7%  both  21.5%
sfull g_vol: total= 2.297  bec  14.1%  vw   4.1%  both  23.9%
sdrop g_int: total= 3.067  bec  30.7%  vw   0.1%  both  42.1%
sdrop g_vol: total= 7.044  bec  20.1%  vw   2.2%  both  30.5%

. 
. * ---------- RTF + CSV ----------
. esttab tot_g_int_sfull d1_g_int_sfull d2_g_int_sfull d3_g_int_sfull ///
>        tot_g_int_sdrop d1_g_int_sdrop d2_g_int_sdrop d3_g_int_sdrop ///
>        using "_mediation_results.rtf", replace ///
>        b(%9.3f) se(%9.3f) star(* 0.10 ** 0.05 *** 0.01) label nonum ///
>        keep(`tr' r_bec r_vw) ///
>        coeflabels(`tr' "Hub quality (cwm)" r_bec "M: ln(Int/Cons)" ///
>                   r_vw "M: ln(Hi/Lo VW)") ///
>        mtitles("Total" "M:bec" "M:vw" "M:both" "Total" "M:bec" "M:vw" "M:both") ///
>        stats(MSHARE KPF N, fmt(%9.1f %9.1f %9.0g) ///
>        labels("Mediated share (%)" "First-stage KP F" "N")) ///
>        title("IV mediation, Y = openness. Cols 1-4 FULL 1996-2023 (main), 5-8 drop 2020-21.")
(output written to _mediation_results.rtf)

. 
. esttab tot_g_int_sfull d1_g_int_sfull d2_g_int_sfull d3_g_int_sfull ///
>        tot_g_vol_sfull d1_g_vol_sfull d2_g_vol_sfull d3_g_vol_sfull ///
>        tot_g_int_sdrop d1_g_int_sdrop d2_g_int_sdrop d3_g_int_sdrop ///
>        tot_g_vol_sdrop d1_g_vol_sdrop d2_g_vol_sdrop d3_g_vol_sdrop ///
>        med_r_bec_sfull med_r_vw_sfull ///
>        using "_mediation_results.csv", replace ///
>        b(%9.4f) se(%9.4f) star(* 0.10 ** 0.05 *** 0.01) ///
>        keep(`tr' r_bec r_vw) stats(MSHARE KPF N) plain
(output written to _mediation_results.csv)

. 
. di _n "DONE_MEDIATION"

DONE_MEDIATION

. log close
      name:  <unnamed>
       log:  C:\Users\sunbi\managi-lab Dropbox\Sunbin Yoo\Research Box ^-^\2026\GACI\gaci_mediation.log
  log type:  text
 closed on:   2 Jul 2026, 11:38:37
---------------------------------------------------------------------------------------------------------------------------------------------------------------------------------------------------------------------------------------------------------------
