
  ___  ____  ____  ____  ____ (R)
 /__    /   ____/   /   ____/
___/   /   /___/   /   /___/   16.1   Copyright 1985-2019 StataCorp LLC
  Statistics/Data analysis            StataCorp
                                      4905 Lakeway Drive
     MP - Parallel Edition            College Station, Texas 77845 USA
                                      800-STATA-PC        https://www.stata.com
                                      979-696-4600        stata@stata.com
                                      979-696-4601 (fax)

Stata license: Single-user 12-core  perpetual
Serial number: 501606210961
  Licensed to: Sunbin Yoo
               Kyushu University

Notes:
      1. Stata is running in batch mode.
      2. Unicode is supported; see help unicode_advice.
      3. More than 2 billion observations are allowed; see help obs_advice.
      4. Maximum number of variables is set to 5,000; see help set_maxvar.

. do co2_cutoff_sweep.do 

. *============================================================================
> ==
. * co2_cutoff_sweep.do
. * Temporal cutoff diagnostics for the Feyrer-IV emissions elasticity
. * A) Cutoff sweep 2002-2019: pre (y<c) vs post (y>=c) 2SLS, b/se/p/KP-F/N
. *    variants: all years; exGFC (drop 2008 & 2009)
. *    -> _cutoff_sweep.csv
. * B) First-stage structural break: sup-Wald over candidate breaks
. *    reghdfe ln_gaci_cwm feyrer_int + feyrer_int x 1(y>=c), test interaction
. *    -> _cutoff_break_fs.csv
. * C) Interacted 2SLS: elasticity difference post vs pre at each cutoff
. *    two endogenous (ln_gaci_cwm, ln_gaci_cwm x post) with
. *    (feyrer_int, feyrer_int x post); record interaction b/se + KP F
. *    -> _cutoff_ivdiff.csv
. *============================================================================
> ==
. clear all

. set more off

. set varabbrev off

. set linesize 255

. set seed 20260826

. version 14

. cd "C:/Users/sunbi/managi-lab Dropbox/Sunbin Yoo/Research Box ^-^/2026/GACI/GACI_CO2"
C:\Users\sunbi\managi-lab Dropbox\Sunbin Yoo\Research Box ^-^\2026\GACI\GACI_CO2

. 
. * ---- build merged dataset (identical to co2_extensions.do) ----
. import delimited "co2_country_year.csv", clear varnames(1) encoding("utf-8")
(20 vars, 6,107 obs)

. keep iso3 year co2_bunker co2_bunker_intl co2_lto co2_5050 dep_seat_km n_dep_flights dep_seats dep_seat_km_intl

. rename iso3 c

. rename year y

. tempfile co2

. save `co2'
file C:\Users\sunbi\AppData\Local\Temp\ST_1c5c_000001.tmp saved

. 
. import delimited "../gaci_panel_measures.csv", clear varnames(1) encoding("utf-8")
(49 vars, 4,643 obs)

. keep c y ln_gaci_max

. tempfile mx

. save `mx'
file C:\Users\sunbi\AppData\Local\Temp\ST_1c5c_000002.tmp saved

. 
. import delimited "spillover_vars.csv", clear varnames(1) encoding("utf-8")
(4 vars, 4,624 obs)

. tempfile sp

. save `sp'
file C:\Users\sunbi\AppData\Local\Temp\ST_1c5c_000003.tmp saved

. 
. import delimited "../gaci_panel_combined.csv", clear varnames(1) encoding("utf-8")
(44 vars, 4,643 obs)

. ds c reg, not
y             lngdp         ln_gaci_mean  gaci_mean     unesco_cum~t  lnpc          abslat        deg_mean      close_sum     betw_mean     cap_sum       nat_endow     tourism_int   feyrer_int
trade_share   lng           lncap         ln_unesco     lnz           lnpop         n_air         eig_sum       close_mean    regimp_sum    cap_mean      merch_share   tourism_cum   ln_sea_ma
ln_tradevol   ln_gaci_cwm   gaci_cwmean   unesco_cum    lnz_own       lnland        deg_sum       eig_mean      betw_sum      regimp_mean   tour_shift    merch_inte~y  ln_remote     ln_air_ma

. destring `r(varlist)', replace force
y already numeric; no replace
trade_share already numeric; no replace
ln_tradevol already numeric; no replace
lngdp already numeric; no replace
lng already numeric; no replace
ln_gaci_cwm already numeric; no replace
ln_gaci_mean already numeric; no replace
lncap already numeric; no replace
gaci_cwmean already numeric; no replace
gaci_mean already numeric; no replace
ln_unesco already numeric; no replace
unesco_cum already numeric; no replace
unesco_cum_nat already numeric; no replace
lnz already numeric; no replace
lnz_own already numeric; no replace
lnpc already numeric; no replace
lnpop already numeric; no replace
lnland already numeric; no replace
abslat already numeric; no replace
n_air already numeric; no replace
deg_sum already numeric; no replace
deg_mean already numeric; no replace
eig_sum already numeric; no replace
eig_mean already numeric; no replace
close_sum already numeric; no replace
close_mean already numeric; no replace
betw_sum already numeric; no replace
betw_mean already numeric; no replace
regimp_sum already numeric; no replace
regimp_mean already numeric; no replace
cap_sum already numeric; no replace
cap_mean already numeric; no replace
tour_shift already numeric; no replace
nat_endow already numeric; no replace
merch_share already numeric; no replace
merch_intensity already numeric; no replace
tourism_int already numeric; no replace
tourism_cum already numeric; no replace
ln_remote already numeric; no replace
feyrer_int already numeric; no replace
ln_sea_ma already numeric; no replace
ln_air_ma already numeric; no replace

. merge 1:1 c y using `co2', keep(1 3) nogenerate

    Result                           # of obs.
    -----------------------------------------
    not matched                             0
    matched                             4,643  
    -----------------------------------------

. merge 1:1 c y using `mx', keep(1 3) nogenerate

    Result                           # of obs.
    -----------------------------------------
    not matched                             0
    matched                             4,643  
    -----------------------------------------

. merge 1:1 c y using `sp', keep(1 3) nogenerate

    Result                           # of obs.
    -----------------------------------------
    not matched                            19
        from master                        19  
        from using                          0  

    matched                             4,624  
    -----------------------------------------

. encode c, gen(isocode)

. xtset isocode y
       panel variable:  isocode (unbalanced)
        time variable:  y, 1996 to 2023, but with gaps
                delta:  1 unit

. 
. gen ln_co2_tot = ln(co2_bunker) if co2_bunker > 0

. gen ln_skm = ln(dep_seat_km) if dep_seat_km > 0

. gen ln_intensity = ln_co2_tot - ln_skm

. 
. summarize y

    Variable |        Obs        Mean    Std. Dev.       Min        Max
-------------+---------------------------------------------------------
           y |      4,643    2009.897    8.007208       1996       2023

. local ymin = r(min)

. local ymax = r(max)

. di "YEAR RANGE: `ymin' - `ymax'"
YEAR RANGE: 1996 - 2023

. 
. * =====================================================================
. * A) cutoff sweep, pre/post, all vs exGFC
. * =====================================================================
. tempname S

. postfile `S' str8 variant int cut str4 side double(b se p kpf) long(nn) using "_cut_tmp", replace
(note: file _cut_tmp.dta not found)

. forvalues c = 2002/2019 {
  2.     quietly ivreghdfe ln_co2_tot lnpop ln_sea_ma (ln_gaci_cwm = feyrer_int) if y < `c', absorb(isocode y) robust
  3.     local bb = _b[ln_gaci_cwm]
  4.     local ss = _se[ln_gaci_cwm]
  5.     di "SWEEP all  c=`c' pre : b=" %7.3f `bb' " se=" %6.3f `ss' " F=" %7.1f e(widstat) " N=" e(N)
  6.     post `S' ("all") (`c') ("pre") (`bb') (`ss') (2*normal(-abs(`bb'/`ss'))) (e(widstat)) (e(N))
  7.     quietly ivreghdfe ln_co2_tot lnpop ln_sea_ma (ln_gaci_cwm = feyrer_int) if y >= `c', absorb(isocode y) robust
  8.     local bb = _b[ln_gaci_cwm]
  9.     local ss = _se[ln_gaci_cwm]
 10.     di "SWEEP all  c=`c' post: b=" %7.3f `bb' " se=" %6.3f `ss' " F=" %7.1f e(widstat) " N=" e(N)
 11.     post `S' ("all") (`c') ("post") (`bb') (`ss') (2*normal(-abs(`bb'/`ss'))) (e(widstat)) (e(N))
 12.     quietly ivreghdfe ln_co2_tot lnpop ln_sea_ma (ln_gaci_cwm = feyrer_int) if y < `c' & y != 2008 & y != 2009, absorb(isocode y) robust
 13.     local bb = _b[ln_gaci_cwm]
 14.     local ss = _se[ln_gaci_cwm]
 15.     di "SWEEP exG  c=`c' pre : b=" %7.3f `bb' " se=" %6.3f `ss' " F=" %7.1f e(widstat) " N=" e(N)
 16.     post `S' ("exGFC") (`c') ("pre") (`bb') (`ss') (2*normal(-abs(`bb'/`ss'))) (e(widstat)) (e(N))
 17.     quietly ivreghdfe ln_co2_tot lnpop ln_sea_ma (ln_gaci_cwm = feyrer_int) if y >= `c' & y != 2008 & y != 2009, absorb(isocode y) robust
 18.     local bb = _b[ln_gaci_cwm]
 19.     local ss = _se[ln_gaci_cwm]
 20.     di "SWEEP exG  c=`c' post: b=" %7.3f `bb' " se=" %6.3f `ss' " F=" %7.1f e(widstat) " N=" e(N)
 21.     post `S' ("exGFC") (`c') ("post") (`bb') (`ss') (2*normal(-abs(`bb'/`ss'))) (e(widstat)) (e(N))
 22. }
SWEEP all  c=2002 pre : b=  2.273 se= 1.899 F=   12.0 N=912
SWEEP all  c=2002 post: b=  5.238 se= 0.620 F=   64.4 N=3721
SWEEP exG  c=2002 pre : b=  2.273 se= 1.899 F=   12.0 N=912
SWEEP exG  c=2002 post: b=  5.274 se= 0.638 F=   61.9 N=3387
SWEEP all  c=2003 pre : b=  2.457 se= 2.004 F=   10.3 N=1065
SWEEP all  c=2003 post: b=  5.024 se= 0.673 F=   52.2 N=3565
SWEEP exG  c=2003 pre : b=  2.457 se= 2.004 F=   10.3 N=1065
SWEEP exG  c=2003 post: b=  5.053 se= 0.702 F=   48.7 N=3231
SWEEP all  c=2004 pre : b=  1.374 se= 2.482 F=    6.5 N=1227
SWEEP all  c=2004 post: b=  4.653 se= 0.736 F=   38.8 N=3403
SWEEP exG  c=2004 pre : b=  1.374 se= 2.482 F=    6.5 N=1227
SWEEP exG  c=2004 post: b=  4.651 se= 0.787 F=   34.5 N=3069
SWEEP all  c=2005 pre : b=  4.730 se= 1.624 F=   13.8 N=1389
SWEEP all  c=2005 post: b=  4.494 se= 0.853 F=   28.8 N=3243
SWEEP exG  c=2005 pre : b=  4.730 se= 1.624 F=   13.8 N=1389
SWEEP exG  c=2005 post: b=  4.469 se= 0.945 F=   23.8 N=2909
SWEEP all  c=2006 pre : b=  5.098 se= 1.014 F=   28.8 N=1551
SWEEP all  c=2006 post: b=  3.824 se= 0.901 F=   22.0 N=3081
SWEEP exG  c=2006 pre : b=  5.098 se= 1.014 F=   28.8 N=1551
SWEEP exG  c=2006 post: b=  3.603 se= 1.035 F=   16.4 N=2747
SWEEP all  c=2007 pre : b=  5.411 se= 0.772 F=   54.2 N=1715
SWEEP all  c=2007 post: b=  3.133 se= 0.970 F=   16.7 N=2916
SWEEP exG  c=2007 pre : b=  5.411 se= 0.772 F=   54.2 N=1715
SWEEP exG  c=2007 post: b=  2.535 se= 1.173 F=   10.8 N=2582
SWEEP all  c=2008 pre : b=  5.613 se= 0.665 F=   75.0 N=1883
SWEEP all  c=2008 post: b=  2.453 se= 1.052 F=   13.0 N=2750
SWEEP exG  c=2008 pre : b=  5.613 se= 0.665 F=   75.0 N=1883
SWEEP exG  c=2008 post: b=  1.213 se= 1.394 F=    7.0 N=2415
SWEEP all  c=2009 pre : b=  5.900 se= 0.613 F=   98.1 N=2050
SWEEP all  c=2009 post: b=  1.877 se= 1.182 F=    9.9 N=2583
SWEEP exG  c=2009 pre : b=  5.613 se= 0.665 F=   75.0 N=1883
SWEEP exG  c=2009 post: b=  1.213 se= 1.394 F=    7.0 N=2415
SWEEP all  c=2010 pre : b=  6.109 se= 0.565 F=  127.7 N=2218
SWEEP all  c=2010 post: b=  1.213 se= 1.394 F=    7.0 N=2415
SWEEP exG  c=2010 pre : b=  5.613 se= 0.665 F=   75.0 N=1883
SWEEP exG  c=2010 post: b=  1.213 se= 1.394 F=    7.0 N=2415
SWEEP all  c=2011 pre : b=  6.147 se= 0.532 F=  149.7 N=2384
SWEEP all  c=2011 post: b=  0.574 se= 1.520 F=    6.0 N=2248
SWEEP exG  c=2011 pre : b=  5.937 se= 0.658 F=   91.8 N=2049
SWEEP exG  c=2011 post: b=  0.574 se= 1.520 F=    6.0 N=2248
SWEEP all  c=2012 pre : b=  6.444 se= 0.526 F=  150.0 N=2551
SWEEP all  c=2012 post: b=  0.199 se= 1.764 F=    4.7 N=2081
SWEEP exG  c=2012 pre : b=  6.415 se= 0.621 F=  105.3 N=2217
SWEEP exG  c=2012 post: b=  0.199 se= 1.764 F=    4.7 N=2081
SWEEP all  c=2013 pre : b=  6.710 se= 0.526 F=  141.7 N=2720
SWEEP all  c=2013 post: b= -0.973 se= 2.585 F=    2.7 N=1912
SWEEP exG  c=2013 pre : b=  6.747 se= 0.594 F=  109.8 N=2386
SWEEP exG  c=2013 post: b= -0.973 se= 2.585 F=    2.7 N=1912
SWEEP all  c=2014 pre : b=  6.968 se= 0.546 F=  122.6 N=2891
SWEEP all  c=2014 post: b= -2.920 se= 4.684 F=    1.4 N=1741
SWEEP exG  c=2014 pre : b=  7.033 se= 0.594 F=  103.2 N=2557
SWEEP exG  c=2014 post: b= -2.920 se= 4.684 F=    1.4 N=1741
SWEEP all  c=2015 pre : b=  7.495 se= 0.624 F=   98.2 N=3064
SWEEP all  c=2015 post: b= -5.993 se=10.557 F=    0.6 N=1567
SWEEP exG  c=2015 pre : b=  7.584 se= 0.664 F=   88.1 N=2730
SWEEP exG  c=2015 post: b= -5.993 se=10.557 F=    0.6 N=1567
SWEEP all  c=2016 pre : b=  7.643 se= 0.647 F=   96.8 N=3242
SWEEP all  c=2016 post: b= -7.472 se=14.159 F=    0.5 N=1391
SWEEP exG  c=2016 pre : b=  7.706 se= 0.671 F=   92.0 N=2908
SWEEP exG  c=2016 post: b= -7.472 se=14.159 F=    0.5 N=1391
SWEEP all  c=2017 pre : b=  7.237 se= 0.596 F=  107.0 N=3417
SWEEP all  c=2017 post: b= -5.665 se= 9.956 F=    0.6 N=1217
SWEEP exG  c=2017 pre : b=  7.270 se= 0.605 F=  105.8 N=3083
SWEEP exG  c=2017 post: b= -5.665 se= 9.956 F=    0.6 N=1217
SWEEP all  c=2018 pre : b=  6.870 se= 0.562 F=  112.2 N=3591
SWEEP all  c=2018 post: b= -3.215 se= 5.748 F=    1.2 N=1040
SWEEP exG  c=2018 pre : b=  6.893 se= 0.564 F=  113.7 N=3257
SWEEP exG  c=2018 post: b= -3.215 se= 5.748 F=    1.2 N=1040
SWEEP all  c=2019 pre : b=  6.443 se= 0.501 F=  127.8 N=3769
SWEEP all  c=2019 post: b= -3.194 se= 6.676 F=    1.0 N=865
SWEEP exG  c=2019 pre : b=  6.463 se= 0.500 F=  131.1 N=3435
SWEEP exG  c=2019 post: b= -3.194 se= 6.676 F=    1.0 N=865

. postclose `S'

. preserve

. use "_cut_tmp", clear

. export delimited "_cutoff_sweep.csv", replace
file _cutoff_sweep.csv saved

. restore

. erase "_cut_tmp.dta"

. 
. * =====================================================================
. * B) first-stage structural break: sup-Wald over candidate cutoffs
. * =====================================================================
. tempname B

. postfile `B' int cut double(wald pval b_z b_zpost) using "_brk_tmp", replace
(note: file _brk_tmp.dta not found)

. forvalues c = 2002/2019 {
  2.     gen byte post_c = (y >= `c')
  3.     gen z_post = feyrer_int * post_c
  4.     quietly reghdfe ln_gaci_cwm feyrer_int z_post lnpop ln_sea_ma, absorb(isocode y) vce(robust)
  5.     local bz = _b[feyrer_int]
  6.     local bzp = _b[z_post]
  7.     quietly test z_post
  8.     di "BREAK c=`c': W=" %8.2f r(F) " p=" %7.5f r(p) " b_z=" %7.3f `bz' " b_zpost=" %7.3f `bzp'
  9.     post `B' (`c') (r(F)) (r(p)) (`bz') (`bzp')
 10.     drop post_c z_post
 11. }
(8 missing values generated)
BREAK c=2002: W=   10.38 p=0.00128 b_z= -0.459 b_zpost=  0.578
(8 missing values generated)
BREAK c=2003: W=   10.89 p=0.00098 b_z= -0.476 b_zpost=  0.593
(8 missing values generated)
BREAK c=2004: W=   11.69 p=0.00064 b_z= -0.508 b_zpost=  0.623
(8 missing values generated)
BREAK c=2005: W=    9.68 p=0.00188 b_z= -0.307 b_zpost=  0.423
(8 missing values generated)
BREAK c=2006: W=    4.01 p=0.04516 b_z= -0.060 b_zpost=  0.181
(8 missing values generated)
BREAK c=2007: W=    0.53 p=0.46563 b_z=  0.077 b_zpost=  0.049
(8 missing values generated)
BREAK c=2008: W=    0.39 p=0.52990 b_z=  0.158 b_zpost= -0.028
(8 missing values generated)
BREAK c=2009: W=    2.85 p=0.09144 b_z=  0.192 b_zpost= -0.060
(8 missing values generated)
BREAK c=2010: W=    7.32 p=0.00686 b_z=  0.222 b_zpost= -0.087
(8 missing values generated)
BREAK c=2011: W=   13.88 p=0.00020 b_z=  0.236 b_zpost= -0.100
(8 missing values generated)
BREAK c=2012: W=   13.63 p=0.00023 b_z=  0.214 b_zpost= -0.080
(8 missing values generated)
BREAK c=2013: W=    9.39 p=0.00219 b_z=  0.189 b_zpost= -0.058
(8 missing values generated)
BREAK c=2014: W=    4.30 p=0.03811 b_z=  0.164 b_zpost= -0.035
(8 missing values generated)
BREAK c=2015: W=    0.40 p=0.52762 b_z=  0.138 b_zpost= -0.010
(8 missing values generated)
BREAK c=2016: W=    0.27 p=0.60208 b_z=  0.121 b_zpost=  0.007
(8 missing values generated)
BREAK c=2017: W=    0.64 p=0.42450 b_z=  0.119 b_zpost=  0.011
(8 missing values generated)
BREAK c=2018: W=    1.52 p=0.21760 b_z=  0.117 b_zpost=  0.017
(8 missing values generated)
BREAK c=2019: W=    2.30 p=0.12926 b_z=  0.118 b_zpost=  0.023

. postclose `B'

. preserve

. use "_brk_tmp", clear

. export delimited "_cutoff_break_fs.csv", replace
file _cutoff_break_fs.csv saved

. restore

. erase "_brk_tmp.dta"

. 
. * =====================================================================
. * C) interacted 2SLS: does the elasticity differ post vs pre?
. * =====================================================================
. tempname C

. postfile `C' str8 variant int cut double(b_pre se_pre b_diff se_diff p_diff kpf) long(nn) using "_ivd_tmp", replace
(note: file _ivd_tmp.dta not found)

. forvalues c = 2002/2019 {
  2.     gen byte post_c = (y >= `c')
  3.     gen g_post = ln_gaci_cwm * post_c
  4.     gen z_post = feyrer_int * post_c
  5.     capture noisily quietly ivreghdfe ln_co2_tot lnpop ln_sea_ma (ln_gaci_cwm g_post = feyrer_int z_post), absorb(isocode y) robust
  6.     if _rc == 0 {
  7.         local b1 = _b[ln_gaci_cwm]
  8.         local s1 = _se[ln_gaci_cwm]
  9.         local b2 = _b[g_post]
 10.         local s2 = _se[g_post]
 11.         di "IVDIFF all c=`c': b_pre=" %7.3f `b1' " b_diff=" %7.3f `b2' " se_diff=" %6.3f `s2' " F=" %7.1f e(widstat)
 12.         post `C' ("all") (`c') (`b1') (`s1') (`b2') (`s2') (2*normal(-abs(`b2'/`s2'))) (e(widstat)) (e(N))
 13.     }
 14.     capture noisily quietly ivreghdfe ln_co2_tot lnpop ln_sea_ma (ln_gaci_cwm g_post = feyrer_int z_post) if y != 2008 & y != 2009, absorb(isocode y) robust
 15.     if _rc == 0 {
 16.         local b1 = _b[ln_gaci_cwm]
 17.         local s1 = _se[ln_gaci_cwm]
 18.         local b2 = _b[g_post]
 19.         local s2 = _se[g_post]
 20.         di "IVDIFF exG c=`c': b_pre=" %7.3f `b1' " b_diff=" %7.3f `b2' " se_diff=" %6.3f `s2' " F=" %7.1f e(widstat)
 21.         post `C' ("exGFC") (`c') (`b1') (`s1') (`b2') (`s2') (2*normal(-abs(`b2'/`s2'))) (e(widstat)) (e(N))
 22.     }
 23.     drop post_c g_post z_post
 24. }
(8 missing values generated)
IVDIFF all c=2002: b_pre=  4.596 b_diff=  0.731 se_diff= 0.628 F=    5.5
IVDIFF exG c=2002: b_pre=  4.599 b_diff=  0.733 se_diff= 0.633 F=    5.3
(8 missing values generated)
IVDIFF all c=2003: b_pre=  4.283 b_diff=  0.846 se_diff= 0.650 F=    5.4
IVDIFF exG c=2003: b_pre=  4.259 b_diff=  0.860 se_diff= 0.666 F=    5.0
(8 missing values generated)
IVDIFF all c=2004: b_pre=  3.774 b_diff=  1.050 se_diff= 0.788 F=    3.8
IVDIFF exG c=2004: b_pre=  3.689 b_diff=  1.091 se_diff= 0.828 F=    3.4
(8 missing values generated)
IVDIFF all c=2005: b_pre=  4.648 b_diff=  0.524 se_diff= 0.528 F=    6.3
IVDIFF exG c=2005: b_pre=  4.639 b_diff=  0.529 se_diff= 0.555 F=    5.6
(8 missing values generated)
IVDIFF all c=2006: b_pre=  4.339 b_diff=  0.641 se_diff= 0.417 F=    9.8
IVDIFF exG c=2006: b_pre=  4.298 b_diff=  0.657 se_diff= 0.440 F=    8.8
(8 missing values generated)
IVDIFF all c=2007: b_pre=  4.481 b_diff=  0.540 se_diff= 0.298 F=   15.2
IVDIFF exG c=2007: b_pre=  4.441 b_diff=  0.555 se_diff= 0.315 F=   13.7
(8 missing values generated)
IVDIFF all c=2008: b_pre=  4.704 b_diff=  0.422 se_diff= 0.210 F=   22.6
IVDIFF exG c=2008: b_pre=  4.670 b_diff=  0.435 se_diff= 0.225 F=   20.4
(8 missing values generated)
IVDIFF all c=2009: b_pre=  5.011 b_diff=  0.278 se_diff= 0.171 F=   29.5
IVDIFF exG c=2009: b_pre=  4.670 b_diff=  0.435 se_diff= 0.225 F=   20.4
(8 missing values generated)
IVDIFF all c=2010: b_pre=  5.232 b_diff=  0.177 se_diff= 0.157 F=   36.6
IVDIFF exG c=2010: b_pre=  4.670 b_diff=  0.435 se_diff= 0.225 F=   20.4
(8 missing values generated)
IVDIFF all c=2011: b_pre=  5.295 b_diff=  0.150 se_diff= 0.145 F=   45.7
IVDIFF exG c=2011: b_pre=  5.039 b_diff=  0.272 se_diff= 0.177 F=   30.1
(8 missing values generated)
IVDIFF all c=2012: b_pre=  5.636 b_diff=  0.013 se_diff= 0.143 F=   50.7
IVDIFF exG c=2012: b_pre=  5.569 b_diff=  0.050 se_diff= 0.166 F=   37.9
(8 missing values generated)
IVDIFF all c=2013: b_pre=  5.875 b_diff= -0.085 se_diff= 0.145 F=   51.2
IVDIFF exG c=2013: b_pre=  5.867 b_diff= -0.077 se_diff= 0.162 F=   41.6
(8 missing values generated)
IVDIFF all c=2014: b_pre=  6.104 b_diff= -0.185 se_diff= 0.150 F=   50.1
IVDIFF exG c=2014: b_pre=  6.121 b_diff= -0.192 se_diff= 0.164 F=   43.6
(8 missing values generated)
IVDIFF all c=2015: b_pre=  6.498 b_diff= -0.371 se_diff= 0.168 F=   45.4
IVDIFF exG c=2015: b_pre=  6.529 b_diff= -0.392 se_diff= 0.181 F=   41.6
(8 missing values generated)
IVDIFF all c=2016: b_pre=  6.588 b_diff= -0.453 se_diff= 0.173 F=   47.4
IVDIFF exG c=2016: b_pre=  6.606 b_diff= -0.470 se_diff= 0.182 F=   45.3
(8 missing values generated)
IVDIFF all c=2017: b_pre=  6.298 b_diff= -0.365 se_diff= 0.161 F=   55.2
IVDIFF exG c=2017: b_pre=  6.305 b_diff= -0.372 se_diff= 0.166 F=   54.5
(8 missing values generated)
IVDIFF all c=2018: b_pre=  6.045 b_diff= -0.293 se_diff= 0.159 F=   60.5
IVDIFF exG c=2018: b_pre=  6.051 b_diff= -0.296 se_diff= 0.162 F=   60.8
(8 missing values generated)
IVDIFF all c=2019: b_pre=  5.800 b_diff= -0.186 se_diff= 0.159 F=   69.3
IVDIFF exG c=2019: b_pre=  5.810 b_diff= -0.187 se_diff= 0.161 F=   70.2

. postclose `C'

. preserve

. use "_ivd_tmp", clear

. export delimited "_cutoff_ivdiff.csv", replace
file _cutoff_ivdiff.csv saved

. restore

. erase "_ivd_tmp.dta"

. 
. di "CUTOFF SWEEP DONE"
CUTOFF SWEEP DONE

. 
end of do-file
