
  ___  ____  ____  ____  ____ (R)
 /__    /   ____/   /   ____/
___/   /   /___/   /   /___/   16.1   Copyright 1985-2019 StataCorp LLC
  Statistics/Data analysis            StataCorp
                                      4905 Lakeway Drive
     MP - Parallel Edition            College Station, Texas 77845 USA
                                      800-STATA-PC        https://www.stata.com
                                      979-696-4600        stata@stata.com
                                      979-696-4601 (fax)

Stata license: Single-user 12-core  perpetual
Serial number: 501606210961
  Licensed to: Sunbin Yoo
               Kyushu University

Notes:
      1. Stata is running in batch mode.
      2. Unicode is supported; see help unicode_advice.
      3. More than 2 billion observations are allowed; see help obs_advice.
      4. Maximum number of variables is set to 5,000; see help set_maxvar.

. do co2_main.do 

. *============================================================================
> ==
. * co2_main.do
. * MAIN RESULTS, GACI x aviation CO2 (mirror of trade paper gaci_main_table.do
> ).
. *   Outcomes: ln CO2 bunker (headline: LTO territorial + cruise-to-departure)
> ,
. *             ln CO2 LTO-only, ln CO2 50/50, ln CO2 bunker intl-only,
. *             ln seat-km (traffic), ln carbon intensity (CO2/seat-km).
. *   Treatments: ln_gaci_cwm (headline) ; lng (sum) and ln_gaci_max for H2.
. *   H1: Wald test beta = 1 (proportionality of emissions to connectivity).
. *   H3: pre/post-2010 split (instrument has no relevance pre-2010).
. *   Country + year FE, robust SE, instrument = tourism_int.
. * Output: batch log + _co2_main_results.csv
. *============================================================================
> ==
. clear all

. set more off

. set varabbrev off

. set linesize 255

. version 14

. cd "C:/Users/sunbi/managi-lab Dropbox/Sunbin Yoo/Research Box ^-^/2026/GACI/GACI_CO2"
C:\Users\sunbi\managi-lab Dropbox\Sunbin Yoo\Research Box ^-^\2026\GACI\GACI_CO2

. 
. import delimited "gaci_co2_panel.csv", clear varnames(1) encoding("utf-8")
(73 vars, 4,643 obs)

. ds c reg, not
y             lng           gaci_cwmean   unesco_cum~t  lnpop         deg_sum       close_sum     regimp_sum    tour_shift    tourism_int   mix_e         z_cult        dep_seats     arr_co2_cr~g  n_dep_flig~l  dep_co2_cr~l  co2_5050_i~l  ln_co2_bun~l
trade_share   ln_gaci_cwm   gaci_mean     lnz           lnland        deg_mean      close_mean    regimp_mean   nat_endow     tourism_cum   cult_e        gaci_max      dep_seat_km   co2_lto       dep_seats_~l  arr_co2_cr~l  ln_co2_bun~r  ln_seatkm
ln_tradevol   ln_gaci_mean  ln_unesco     lnz_own       abslat        eig_sum       betw_sum      cap_sum       merch_share   ln_remote     z_nat         ln_gaci_max   n_arr_flig~s  co2_bunker    dep_seat_k~l  co2_lto_intl  ln_co2_lto    ln_flights
lngdp         lncap         unesco_cum    lnpc          n_air         eig_mean      betw_mean     cap_mean      merch_inte~y  nat_e         z_mix         n_dep_flig~s  dep_co2_cr~g  co2_5050      n_arr_flig~l  co2_bunker~l  ln_co2_5050

. destring `r(varlist)', replace force
y already numeric; no replace
trade_share already numeric; no replace
ln_tradevol already numeric; no replace
lngdp already numeric; no replace
lng already numeric; no replace
ln_gaci_cwm already numeric; no replace
ln_gaci_mean already numeric; no replace
lncap already numeric; no replace
gaci_cwmean already numeric; no replace
gaci_mean already numeric; no replace
ln_unesco already numeric; no replace
unesco_cum already numeric; no replace
unesco_cum_nat already numeric; no replace
lnz already numeric; no replace
lnz_own already numeric; no replace
lnpc already numeric; no replace
lnpop already numeric; no replace
lnland already numeric; no replace
abslat already numeric; no replace
n_air already numeric; no replace
deg_sum already numeric; no replace
deg_mean already numeric; no replace
eig_sum already numeric; no replace
eig_mean already numeric; no replace
close_sum already numeric; no replace
close_mean already numeric; no replace
betw_sum already numeric; no replace
betw_mean already numeric; no replace
regimp_sum already numeric; no replace
regimp_mean already numeric; no replace
cap_sum already numeric; no replace
cap_mean already numeric; no replace
tour_shift already numeric; no replace
nat_endow already numeric; no replace
merch_share already numeric; no replace
merch_intensity already numeric; no replace
tourism_int already numeric; no replace
tourism_cum already numeric; no replace
ln_remote already numeric; no replace
nat_e already numeric; no replace
mix_e already numeric; no replace
cult_e already numeric; no replace
z_nat already numeric; no replace
z_mix already numeric; no replace
z_cult already numeric; no replace
gaci_max already numeric; no replace
ln_gaci_max already numeric; no replace
n_dep_flights already numeric; no replace
dep_seats already numeric; no replace
dep_seat_km already numeric; no replace
n_arr_flights already numeric; no replace
dep_co2_cruise_kg already numeric; no replace
arr_co2_cruise_kg already numeric; no replace
co2_lto already numeric; no replace
co2_bunker already numeric; no replace
co2_5050 already numeric; no replace
n_dep_flights_intl already numeric; no replace
dep_seats_intl already numeric; no replace
dep_seat_km_intl already numeric; no replace
n_arr_flights_intl already numeric; no replace
dep_co2_cruise_kg_intl already numeric; no replace
arr_co2_cruise_kg_intl already numeric; no replace
co2_lto_intl already numeric; no replace
co2_bunker_intl already numeric; no replace
co2_5050_intl already numeric; no replace
ln_co2_bunker already numeric; no replace
ln_co2_lto already numeric; no replace
ln_co2_5050 already numeric; no replace
ln_co2_bunker_intl already numeric; no replace
ln_seatkm already numeric; no replace
ln_flights already numeric; no replace

. encode c, gen(isocode)

. xtset isocode y
       panel variable:  isocode (unbalanced)
        time variable:  y, 1996 to 2023, but with gaps
                delta:  1 unit

. 
. gen ln_intensity = ln_co2_bunker - ln_seatkm

. 
. capture which ivreghdfe

. if _rc {
.     ssc install ftools, replace
.     ssc install reghdfe, replace
.     ssc install ivreghdfe, replace
. }

. capture which esttab

. if _rc {
.     ssc install estout, replace
. }

. 
. eststo clear

. 
. * =====================================================================
. * PANEL A: headline treatment ln_gaci_cwm, all outcomes, OLS + 2SLS
. * =====================================================================
. local outcomes ln_co2_bunker ln_co2_lto ln_co2_5050 ln_co2_bunker_intl ln_seatkm ln_intensity

. 
. reghdfe ln_gaci_cwm tourism_int lnpop, absorb(isocode y) vce(robust)
(dropped 1 singleton observations)
(MWFE estimator converged in 5 iterations)

HDFE Linear regression                            Number of obs   =      4,642
Absorbing 2 HDFE groups                           F(   2,   4430) =      13.64
                                                  Prob > F        =     0.0000
                                                  R-squared       =     0.9458
                                                  Adj R-squared   =     0.9432
                                                  Within R-sq.    =     0.0123
                                                  Root MSE        =     0.0770

------------------------------------------------------------------------------
             |               Robust
 ln_gaci_cwm |      Coef.   Std. Err.      t    P>|t|     [95% Conf. Interval]
-------------+----------------------------------------------------------------
 tourism_int |   .0324948   .0076578     4.24   0.000     .0174816    .0475079
       lnpop |   .0634533   .0193823     3.27   0.001     .0254543    .1014523
       _cons |  -.9846874   .3046767    -3.23   0.001    -1.582006   -.3873688
------------------------------------------------------------------------------

Absorbed degrees of freedom:
-----------------------------------------------------+
 Absorbed FE | Categories  - Redundant  = Num. Coefs |
-------------+---------------------------------------|
     isocode |       183           0         183     |
           y |        28           1          27     |
-----------------------------------------------------+

. test tourism_int

 ( 1)  tourism_int = 0

       F(  1,  4430) =   18.01
            Prob > F =    0.0000

. di _n "FIRST STAGE (cwm): pi = " %9.4f _b[tourism_int] "  F = " %9.2f r(F)

FIRST STAGE (cwm): pi =    0.0325  F =     18.01

. 
. foreach yv of local outcomes {
  2.     reghdfe `yv' ln_gaci_cwm lnpop, absorb(isocode y) vce(robust)
  3.     eststo ols_`yv'
  4.     ivreghdfe `yv' lnpop (ln_gaci_cwm = tourism_int), absorb(isocode y) robust
  5.     eststo iv_`yv'
  6.     estadd scalar KPF = e(widstat)
  7.     * H1 Wald: beta = 1
.     test ln_gaci_cwm = 1
  8.     estadd scalar Wald1p = r(p)
  9.     di "  `yv': 2SLS b = " %9.3f _b[ln_gaci_cwm] " (se " %9.3f _se[ln_gaci_cwm] ")  H1 Wald p(b=1) = " %6.3f r(p)
 10. }
(dropped 1 singleton observations)
(MWFE estimator converged in 5 iterations)

HDFE Linear regression                            Number of obs   =      4,642
Absorbing 2 HDFE groups                           F(   2,   4430) =     201.24
                                                  Prob > F        =     0.0000
                                                  R-squared       =     0.9772
                                                  Adj R-squared   =     0.9762
                                                  Within R-sq.    =     0.3828
                                                  Root MSE        =     0.3288

------------------------------------------------------------------------------
             |               Robust
ln_co2_bun~r |      Coef.   Std. Err.      t    P>|t|     [95% Conf. Interval]
-------------+----------------------------------------------------------------
 ln_gaci_cwm |   3.294038   .1641954    20.06   0.000     2.972133    3.615943
       lnpop |   .2727409   .0564066     4.84   0.000     .1621558     .383326
       _cons |    15.5081   .8874406    17.48   0.000     13.76827    17.24792
------------------------------------------------------------------------------

Absorbed degrees of freedom:
-----------------------------------------------------+
 Absorbed FE | Categories  - Redundant  = Num. Coefs |
-------------+---------------------------------------|
     isocode |       183           0         183     |
           y |        28           1          27     |
-----------------------------------------------------+
(dropped 1 singleton observations)
(MWFE estimator converged in 5 iterations)

IV (2SLS) estimation
--------------------

Estimates efficient for homoskedasticity only
Statistics robust to heteroskedasticity

                                                      Number of obs =     4642
                                                      F(  2,  4430) =    19.35
                                                      Prob > F      =   0.0000
Total (centered) SS     =   776.194853                Centered R2   =   0.2602
Total (uncentered) SS   =   776.194853                Uncentered R2 =   0.2602
Residual SS             =  574.2162041                Root MSE      =      .36

------------------------------------------------------------------------------
             |               Robust
ln_co2_bun~r |      Coef.   Std. Err.      t    P>|t|     [95% Conf. Interval]
-------------+----------------------------------------------------------------
 ln_gaci_cwm |   1.395358   .8424519     1.66   0.098     -.256269    3.046984
       lnpop |   .3858142   .0853456     4.52   0.000     .2184941    .5531343
------------------------------------------------------------------------------
Underidentification test (Kleibergen-Paap rk LM statistic):             17.830
                                                   Chi-sq(1) P-val =    0.0000
------------------------------------------------------------------------------
Weak identification test (Cragg-Donald Wald F statistic):               26.198
                         (Kleibergen-Paap rk Wald F statistic):         18.006
Stock-Yogo weak ID test critical values: 10% maximal IV size             16.38
                                         15% maximal IV size              8.96
                                         20% maximal IV size              6.66
                                         25% maximal IV size              5.53
Source: Stock-Yogo (2005).  Reproduced by permission.
NB: Critical values are for Cragg-Donald F statistic and i.i.d. errors.
------------------------------------------------------------------------------
Hansen J statistic (overidentification test of all instruments):         0.000
                                                 (equation exactly identified)
------------------------------------------------------------------------------
Instrumented:         ln_gaci_cwm
Included instruments: lnpop
Excluded instruments: tourism_int
Partialled-out:       _cons
                      nb: total SS, model F and R2s are after partialling-out;
                          any small-sample adjustments include partialled-out
                          variables in regressor count K
------------------------------------------------------------------------------

Absorbed degrees of freedom:
-----------------------------------------------------+
 Absorbed FE | Categories  - Redundant  = Num. Coefs |
-------------+---------------------------------------|
     isocode |       183           0         183     |
           y |        28           1          27     |
-----------------------------------------------------+

added scalar:
                e(KPF) =  18.005937

 ( 1)  ln_gaci_cwm = 1

       F(  1,  4430) =    0.22
            Prob > F =    0.6389

added scalar:
             e(Wald1p) =  .63888263
  ln_co2_bunker: 2SLS b =     1.395 (se     0.842)  H1 Wald p(b=1) =  0.639
(dropped 1 singleton observations)
(MWFE estimator converged in 5 iterations)

HDFE Linear regression                            Number of obs   =      4,642
Absorbing 2 HDFE groups                           F(   2,   4430) =     133.27
                                                  Prob > F        =     0.0000
                                                  R-squared       =     0.9736
                                                  Adj R-squared   =     0.9724
                                                  Within R-sq.    =     0.3057
                                                  Root MSE        =     0.3363

------------------------------------------------------------------------------
             |               Robust
  ln_co2_lto |      Coef.   Std. Err.      t    P>|t|     [95% Conf. Interval]
-------------+----------------------------------------------------------------
 ln_gaci_cwm |   2.806684   .1722367    16.30   0.000     2.469014    3.144354
       lnpop |   .3423827   .0583747     5.87   0.000     .2279392    .4568262
       _cons |    12.4751   .9187191    13.58   0.000     10.67395    14.27624
------------------------------------------------------------------------------

Absorbed degrees of freedom:
-----------------------------------------------------+
 Absorbed FE | Categories  - Redundant  = Num. Coefs |
-------------+---------------------------------------|
     isocode |       183           0         183     |
           y |        28           1          27     |
-----------------------------------------------------+
(dropped 1 singleton observations)
(MWFE estimator converged in 5 iterations)

IV (2SLS) estimation
--------------------

Estimates efficient for homoskedasticity only
Statistics robust to heteroskedasticity

                                                      Number of obs =     4642
                                                      F(  2,  4430) =    22.34
                                                      Prob > F      =   0.0000
Total (centered) SS     =  721.5247259                Centered R2   =   0.1410
Total (uncentered) SS   =  721.5247259                Uncentered R2 =   0.1410
Residual SS             =  619.7891326                Root MSE      =     .374

------------------------------------------------------------------------------
             |               Robust
  ln_co2_lto |      Coef.   Std. Err.      t    P>|t|     [95% Conf. Interval]
-------------+----------------------------------------------------------------
 ln_gaci_cwm |   .6846977   .9506875     0.72   0.471    -1.179125     2.54852
       lnpop |   .4687546   .0884028     5.30   0.000      .295441    .6420682
------------------------------------------------------------------------------
Underidentification test (Kleibergen-Paap rk LM statistic):             17.830
                                                   Chi-sq(1) P-val =    0.0000
------------------------------------------------------------------------------
Weak identification test (Cragg-Donald Wald F statistic):               26.198
                         (Kleibergen-Paap rk Wald F statistic):         18.006
Stock-Yogo weak ID test critical values: 10% maximal IV size             16.38
                                         15% maximal IV size              8.96
                                         20% maximal IV size              6.66
                                         25% maximal IV size              5.53
Source: Stock-Yogo (2005).  Reproduced by permission.
NB: Critical values are for Cragg-Donald F statistic and i.i.d. errors.
------------------------------------------------------------------------------
Hansen J statistic (overidentification test of all instruments):         0.000
                                                 (equation exactly identified)
------------------------------------------------------------------------------
Instrumented:         ln_gaci_cwm
Included instruments: lnpop
Excluded instruments: tourism_int
Partialled-out:       _cons
                      nb: total SS, model F and R2s are after partialling-out;
                          any small-sample adjustments include partialled-out
                          variables in regressor count K
------------------------------------------------------------------------------

Absorbed degrees of freedom:
-----------------------------------------------------+
 Absorbed FE | Categories  - Redundant  = Num. Coefs |
-------------+---------------------------------------|
     isocode |       183           0         183     |
           y |        28           1          27     |
-----------------------------------------------------+

added scalar:
                e(KPF) =  18.005937

 ( 1)  ln_gaci_cwm = 1

       F(  1,  4430) =    0.11
            Prob > F =    0.7402

added scalar:
             e(Wald1p) =  .74016383
  ln_co2_lto: 2SLS b =     0.685 (se     0.951)  H1 Wald p(b=1) =  0.740
(dropped 1 singleton observations)
(MWFE estimator converged in 5 iterations)

HDFE Linear regression                            Number of obs   =      4,642
Absorbing 2 HDFE groups                           F(   2,   4430) =     199.23
                                                  Prob > F        =     0.0000
                                                  R-squared       =     0.9775
                                                  Adj R-squared   =     0.9764
                                                  Within R-sq.    =     0.3837
                                                  Root MSE        =     0.3261

------------------------------------------------------------------------------
             |               Robust
 ln_co2_5050 |      Coef.   Std. Err.      t    P>|t|     [95% Conf. Interval]
-------------+----------------------------------------------------------------
 ln_gaci_cwm |   3.270704   .1638538    19.96   0.000     2.949469     3.59194
       lnpop |    .276718   .0559507     4.95   0.000     .1670266    .3864093
       _cons |   15.45296   .8803171    17.55   0.000      13.7271    17.17882
------------------------------------------------------------------------------

Absorbed degrees of freedom:
-----------------------------------------------------+
 Absorbed FE | Categories  - Redundant  = Num. Coefs |
-------------+---------------------------------------|
     isocode |       183           0         183     |
           y |        28           1          27     |
-----------------------------------------------------+
(dropped 1 singleton observations)
(MWFE estimator converged in 5 iterations)

IV (2SLS) estimation
--------------------

Estimates efficient for homoskedasticity only
Statistics robust to heteroskedasticity

                                                      Number of obs =     4642
                                                      F(  2,  4430) =    19.21
                                                      Prob > F      =   0.0000
Total (centered) SS     =  764.2285406                Centered R2   =   0.2510
Total (uncentered) SS   =  764.2285406                Uncentered R2 =   0.2510
Residual SS             =  572.4287246                Root MSE      =    .3595

------------------------------------------------------------------------------
             |               Robust
 ln_co2_5050 |      Coef.   Std. Err.      t    P>|t|     [95% Conf. Interval]
-------------+----------------------------------------------------------------
 ln_gaci_cwm |   1.310623   .8471123     1.55   0.122    -.3501405    2.971386
       lnpop |   .3934478   .0858585     4.58   0.000     .2251223    .5617734
------------------------------------------------------------------------------
Underidentification test (Kleibergen-Paap rk LM statistic):             17.830
                                                   Chi-sq(1) P-val =    0.0000
------------------------------------------------------------------------------
Weak identification test (Cragg-Donald Wald F statistic):               26.198
                         (Kleibergen-Paap rk Wald F statistic):         18.006
Stock-Yogo weak ID test critical values: 10% maximal IV size             16.38
                                         15% maximal IV size              8.96
                                         20% maximal IV size              6.66
                                         25% maximal IV size              5.53
Source: Stock-Yogo (2005).  Reproduced by permission.
NB: Critical values are for Cragg-Donald F statistic and i.i.d. errors.
------------------------------------------------------------------------------
Hansen J statistic (overidentification test of all instruments):         0.000
                                                 (equation exactly identified)
------------------------------------------------------------------------------
Instrumented:         ln_gaci_cwm
Included instruments: lnpop
Excluded instruments: tourism_int
Partialled-out:       _cons
                      nb: total SS, model F and R2s are after partialling-out;
                          any small-sample adjustments include partialled-out
                          variables in regressor count K
------------------------------------------------------------------------------

Absorbed degrees of freedom:
-----------------------------------------------------+
 Absorbed FE | Categories  - Redundant  = Num. Coefs |
-------------+---------------------------------------|
     isocode |       183           0         183     |
           y |        28           1          27     |
-----------------------------------------------------+

added scalar:
                e(KPF) =  18.005937

 ( 1)  ln_gaci_cwm = 1

       F(  1,  4430) =    0.13
            Prob > F =    0.7139

added scalar:
             e(Wald1p) =  .71387191
  ln_co2_5050: 2SLS b =     1.311 (se     0.847)  H1 Wald p(b=1) =  0.714
(dropped 1 singleton observations)
(MWFE estimator converged in 5 iterations)

HDFE Linear regression                            Number of obs   =      4,642
Absorbing 2 HDFE groups                           F(   2,   4430) =     233.99
                                                  Prob > F        =     0.0000
                                                  R-squared       =     0.9756
                                                  Adj R-squared   =     0.9745
                                                  Within R-sq.    =     0.4037
                                                  Root MSE        =     0.3275

------------------------------------------------------------------------------
             |               Robust
ln_co2_bun~l |      Coef.   Std. Err.      t    P>|t|     [95% Conf. Interval]
-------------+----------------------------------------------------------------
 ln_gaci_cwm |   3.442032     .15921    21.62   0.000     3.129901    3.754163
       lnpop |   .2253621   .0559084     4.03   0.000     .1157537    .3349704
       _cons |   16.05538   .8792892    18.26   0.000     14.33153    17.77923
------------------------------------------------------------------------------

Absorbed degrees of freedom:
-----------------------------------------------------+
 Absorbed FE | Categories  - Redundant  = Num. Coefs |
-------------+---------------------------------------|
     isocode |       183           0         183     |
           y |        28           1          27     |
-----------------------------------------------------+
(dropped 1 singleton observations)
(MWFE estimator converged in 5 iterations)

IV (2SLS) estimation
--------------------

Estimates efficient for homoskedasticity only
Statistics robust to heteroskedasticity

                                                      Number of obs =     4642
                                                      F(  2,  4430) =    35.18
                                                      Prob > F      =   0.0000
Total (centered) SS     =     796.9807                Centered R2   =   0.4026
Total (uncentered) SS   =     796.9807                Uncentered R2 =   0.4026
Residual SS             =  476.0800921                Root MSE      =    .3278

------------------------------------------------------------------------------
             |               Robust
ln_co2_bun~l |      Coef.   Std. Err.      t    P>|t|     [95% Conf. Interval]
-------------+----------------------------------------------------------------
 ln_gaci_cwm |   3.622431   .7937468     4.56   0.000     2.066291    5.178572
       lnpop |   .2146186   .0719151     2.98   0.003      .073629    .3556082
------------------------------------------------------------------------------
Underidentification test (Kleibergen-Paap rk LM statistic):             17.830
                                                   Chi-sq(1) P-val =    0.0000
------------------------------------------------------------------------------
Weak identification test (Cragg-Donald Wald F statistic):               26.198
                         (Kleibergen-Paap rk Wald F statistic):         18.006
Stock-Yogo weak ID test critical values: 10% maximal IV size             16.38
                                         15% maximal IV size              8.96
                                         20% maximal IV size              6.66
                                         25% maximal IV size              5.53
Source: Stock-Yogo (2005).  Reproduced by permission.
NB: Critical values are for Cragg-Donald F statistic and i.i.d. errors.
------------------------------------------------------------------------------
Hansen J statistic (overidentification test of all instruments):         0.000
                                                 (equation exactly identified)
------------------------------------------------------------------------------
Instrumented:         ln_gaci_cwm
Included instruments: lnpop
Excluded instruments: tourism_int
Partialled-out:       _cons
                      nb: total SS, model F and R2s are after partialling-out;
                          any small-sample adjustments include partialled-out
                          variables in regressor count K
------------------------------------------------------------------------------

Absorbed degrees of freedom:
-----------------------------------------------------+
 Absorbed FE | Categories  - Redundant  = Num. Coefs |
-------------+---------------------------------------|
     isocode |       183           0         183     |
           y |        28           1          27     |
-----------------------------------------------------+

added scalar:
                e(KPF) =  18.005937

 ( 1)  ln_gaci_cwm = 1

       F(  1,  4430) =   10.92
            Prob > F =    0.0010

added scalar:
             e(Wald1p) =  .0009612
  ln_co2_bunker_intl: 2SLS b =     3.622 (se     0.794)  H1 Wald p(b=1) =  0.001
(dropped 1 singleton observations)
(MWFE estimator converged in 5 iterations)

HDFE Linear regression                            Number of obs   =      4,642
Absorbing 2 HDFE groups                           F(   2,   4430) =     214.96
                                                  Prob > F        =     0.0000
                                                  R-squared       =     0.9746
                                                  Adj R-squared   =     0.9734
                                                  Within R-sq.    =     0.3772
                                                  Root MSE        =     0.3577

------------------------------------------------------------------------------
             |               Robust
   ln_seatkm |      Coef.   Std. Err.      t    P>|t|     [95% Conf. Interval]
-------------+----------------------------------------------------------------
 ln_gaci_cwm |   3.574663   .1726497    20.70   0.000     3.236183    3.913143
       lnpop |   .1410107    .061601     2.29   0.022     .0202421    .2617794
       _cons |   19.81471   .9687148    20.45   0.000     17.91554    21.71387
------------------------------------------------------------------------------

Absorbed degrees of freedom:
-----------------------------------------------------+
 Absorbed FE | Categories  - Redundant  = Num. Coefs |
-------------+---------------------------------------|
     isocode |       183           0         183     |
           y |        28           1          27     |
-----------------------------------------------------+
(dropped 1 singleton observations)
(MWFE estimator converged in 5 iterations)

IV (2SLS) estimation
--------------------

Estimates efficient for homoskedasticity only
Statistics robust to heteroskedasticity

                                                      Number of obs =     4642
                                                      F(  2,  4430) =     6.40
                                                      Prob > F      =   0.0017
Total (centered) SS     =  910.3279415                Centered R2   =   0.0435
Total (uncentered) SS   =  910.3279415                Uncentered R2 =   0.0435
Residual SS             =  870.7353799                Root MSE      =    .4433

------------------------------------------------------------------------------
             |               Robust
   ln_seatkm |      Coef.   Std. Err.      t    P>|t|     [95% Conf. Interval]
-------------+----------------------------------------------------------------
 ln_gaci_cwm |   .1820819   1.082057     0.17   0.866    -1.939291    2.303455
       lnpop |   .3430511   .1133301     3.03   0.002     .1208676    .5652347
------------------------------------------------------------------------------
Underidentification test (Kleibergen-Paap rk LM statistic):             17.830
                                                   Chi-sq(1) P-val =    0.0000
------------------------------------------------------------------------------
Weak identification test (Cragg-Donald Wald F statistic):               26.198
                         (Kleibergen-Paap rk Wald F statistic):         18.006
Stock-Yogo weak ID test critical values: 10% maximal IV size             16.38
                                         15% maximal IV size              8.96
                                         20% maximal IV size              6.66
                                         25% maximal IV size              5.53
Source: Stock-Yogo (2005).  Reproduced by permission.
NB: Critical values are for Cragg-Donald F statistic and i.i.d. errors.
------------------------------------------------------------------------------
Hansen J statistic (overidentification test of all instruments):         0.000
                                                 (equation exactly identified)
------------------------------------------------------------------------------
Instrumented:         ln_gaci_cwm
Included instruments: lnpop
Excluded instruments: tourism_int
Partialled-out:       _cons
                      nb: total SS, model F and R2s are after partialling-out;
                          any small-sample adjustments include partialled-out
                          variables in regressor count K
------------------------------------------------------------------------------

Absorbed degrees of freedom:
-----------------------------------------------------+
 Absorbed FE | Categories  - Redundant  = Num. Coefs |
-------------+---------------------------------------|
     isocode |       183           0         183     |
           y |        28           1          27     |
-----------------------------------------------------+

added scalar:
                e(KPF) =  18.005937

 ( 1)  ln_gaci_cwm = 1

       F(  1,  4430) =    0.57
            Prob > F =    0.4498

added scalar:
             e(Wald1p) =  .44975429
  ln_seatkm: 2SLS b =     0.182 (se     1.082)  H1 Wald p(b=1) =  0.450
(dropped 1 singleton observations)
(MWFE estimator converged in 5 iterations)

HDFE Linear regression                            Number of obs   =      4,642
Absorbing 2 HDFE groups                           F(   2,   4430) =      43.70
                                                  Prob > F        =     0.0000
                                                  R-squared       =     0.8224
                                                  Adj R-squared   =     0.8140
                                                  Within R-sq.    =     0.0407
                                                  Root MSE        =     0.1204

------------------------------------------------------------------------------
             |               Robust
ln_intensity |      Coef.   Std. Err.      t    P>|t|     [95% Conf. Interval]
-------------+----------------------------------------------------------------
 ln_gaci_cwm |  -.2806249   .0422374    -6.64   0.000    -.3634313   -.1978184
       lnpop |   .1317302   .0200139     6.58   0.000     .0924929    .1709675
       _cons |  -4.306614   .3145519   -13.69   0.000    -4.923292   -3.689935
------------------------------------------------------------------------------

Absorbed degrees of freedom:
-----------------------------------------------------+
 Absorbed FE | Categories  - Redundant  = Num. Coefs |
-------------+---------------------------------------|
     isocode |       183           0         183     |
           y |        28           1          27     |
-----------------------------------------------------+
(dropped 1 singleton observations)
(MWFE estimator converged in 5 iterations)

IV (2SLS) estimation
--------------------

Estimates efficient for homoskedasticity only
Statistics robust to heteroskedasticity

                                                      Number of obs =     4642
                                                      F(  2,  4430) =    10.30
                                                      Prob > F      =   0.0000
Total (centered) SS     =   66.9187911                Centered R2   =  -0.8396
Total (uncentered) SS   =   66.9187911                Uncentered R2 =  -0.8396
Residual SS             =  123.1043353                Root MSE      =    .1667

------------------------------------------------------------------------------
             |               Robust
ln_intensity |      Coef.   Std. Err.      t    P>|t|     [95% Conf. Interval]
-------------+----------------------------------------------------------------
 ln_gaci_cwm |   1.213276   .4565959     2.66   0.008     .3181195    2.108432
       lnpop |   .0427631   .0455596     0.94   0.348    -.0465565    .1320826
------------------------------------------------------------------------------
Underidentification test (Kleibergen-Paap rk LM statistic):             17.830
                                                   Chi-sq(1) P-val =    0.0000
------------------------------------------------------------------------------
Weak identification test (Cragg-Donald Wald F statistic):               26.198
                         (Kleibergen-Paap rk Wald F statistic):         18.006
Stock-Yogo weak ID test critical values: 10% maximal IV size             16.38
                                         15% maximal IV size              8.96
                                         20% maximal IV size              6.66
                                         25% maximal IV size              5.53
Source: Stock-Yogo (2005).  Reproduced by permission.
NB: Critical values are for Cragg-Donald F statistic and i.i.d. errors.
------------------------------------------------------------------------------
Hansen J statistic (overidentification test of all instruments):         0.000
                                                 (equation exactly identified)
------------------------------------------------------------------------------
Instrumented:         ln_gaci_cwm
Included instruments: lnpop
Excluded instruments: tourism_int
Partialled-out:       _cons
                      nb: total SS, model F and R2s are after partialling-out;
                          any small-sample adjustments include partialled-out
                          variables in regressor count K
------------------------------------------------------------------------------

Absorbed degrees of freedom:
-----------------------------------------------------+
 Absorbed FE | Categories  - Redundant  = Num. Coefs |
-------------+---------------------------------------|
     isocode |       183           0         183     |
           y |        28           1          27     |
-----------------------------------------------------+

added scalar:
                e(KPF) =  18.005937

 ( 1)  ln_gaci_cwm = 1

       F(  1,  4430) =    0.22
            Prob > F =    0.6405

added scalar:
             e(Wald1p) =  .64045179
  ln_intensity: 2SLS b =     1.213 (se     0.457)  H1 Wald p(b=1) =  0.640

. 
. di _n "================= PANEL A: 2SLS, treatment = ln_gaci_cwm ================="

================= PANEL A: 2SLS, treatment = ln_gaci_cwm =================

. esttab iv_ln_co2_bunker iv_ln_co2_lto iv_ln_co2_5050 iv_ln_co2_bunker_intl iv_ln_seatkm iv_ln_intensity, ///
>     keep(ln_gaci_cwm) b(%9.3f) se(%9.3f) star(* 0.10 ** 0.05 *** 0.01) nonum ///
>     mtitles("Bunker" "LTO" "5050" "BunkIntl" "SeatKm" "Intensity") ///
>     stats(KPF Wald1p N, fmt(%9.1f %9.3f %9.0g) labels("KP F" "Wald p(b=1)" "N"))

------------------------------------------------------------------------------------------------------------
                   Bunker             LTO            5050        BunkIntl          SeatKm       Intensity   
------------------------------------------------------------------------------------------------------------
ln_gaci_cwm         1.395*          0.685           1.311           3.622***        0.182           1.213***
                  (0.842)         (0.951)         (0.847)         (0.794)         (1.082)         (0.457)   
------------------------------------------------------------------------------------------------------------
KP F                 18.0            18.0            18.0            18.0            18.0            18.0   
Wald p(b=1)         0.639           0.740           0.714           0.001           0.450           0.640   
N                    4642            4642            4642            4642            4642            4642   
------------------------------------------------------------------------------------------------------------
Standard errors in parentheses
* p<0.10, ** p<0.05, *** p<0.01

. 
. di _n "================= PANEL A OLS ================="

================= PANEL A OLS =================

. esttab ols_ln_co2_bunker ols_ln_co2_lto ols_ln_co2_5050 ols_ln_co2_bunker_intl ols_ln_seatkm ols_ln_intensity, ///
>     keep(ln_gaci_cwm) b(%9.3f) se(%9.3f) star(* 0.10 ** 0.05 *** 0.01) nonum ///
>     mtitles("Bunker" "LTO" "5050" "BunkIntl" "SeatKm" "Intensity")

------------------------------------------------------------------------------------------------------------
                   Bunker             LTO            5050        BunkIntl          SeatKm       Intensity   
------------------------------------------------------------------------------------------------------------
ln_gaci_cwm         3.294***        2.807***        3.271***        3.442***        3.575***       -0.281***
                  (0.164)         (0.172)         (0.164)         (0.159)         (0.173)         (0.042)   
------------------------------------------------------------------------------------------------------------
N                    4642            4642            4642            4642            4642            4642   
------------------------------------------------------------------------------------------------------------
Standard errors in parentheses
* p<0.10, ** p<0.05, *** p<0.01

. 
. * =====================================================================
. * PANEL B: H2 measure comparison, outcome = ln_co2_bunker
. * =====================================================================
. eststo clear

. foreach tr in ln_gaci_cwm lng ln_gaci_max {
  2.     ivreghdfe ln_co2_bunker lnpop (`tr' = tourism_int), absorb(isocode y) robust
  3.     eststo m_`tr'
  4.     estadd scalar KPF = e(widstat)
  5.     test `tr' = 1
  6.     estadd scalar Wald1p = r(p)
  7. }
(dropped 1 singleton observations)
(MWFE estimator converged in 5 iterations)

IV (2SLS) estimation
--------------------

Estimates efficient for homoskedasticity only
Statistics robust to heteroskedasticity

                                                      Number of obs =     4642
                                                      F(  2,  4430) =    19.35
                                                      Prob > F      =   0.0000
Total (centered) SS     =   776.194853                Centered R2   =   0.2602
Total (uncentered) SS   =   776.194853                Uncentered R2 =   0.2602
Residual SS             =  574.2162041                Root MSE      =      .36

------------------------------------------------------------------------------
             |               Robust
ln_co2_bun~r |      Coef.   Std. Err.      t    P>|t|     [95% Conf. Interval]
-------------+----------------------------------------------------------------
 ln_gaci_cwm |   1.395358   .8424519     1.66   0.098     -.256269    3.046984
       lnpop |   .3858142   .0853456     4.52   0.000     .2184941    .5531343
------------------------------------------------------------------------------
Underidentification test (Kleibergen-Paap rk LM statistic):             17.830
                                                   Chi-sq(1) P-val =    0.0000
------------------------------------------------------------------------------
Weak identification test (Cragg-Donald Wald F statistic):               26.198
                         (Kleibergen-Paap rk Wald F statistic):         18.006
Stock-Yogo weak ID test critical values: 10% maximal IV size             16.38
                                         15% maximal IV size              8.96
                                         20% maximal IV size              6.66
                                         25% maximal IV size              5.53
Source: Stock-Yogo (2005).  Reproduced by permission.
NB: Critical values are for Cragg-Donald F statistic and i.i.d. errors.
------------------------------------------------------------------------------
Hansen J statistic (overidentification test of all instruments):         0.000
                                                 (equation exactly identified)
------------------------------------------------------------------------------
Instrumented:         ln_gaci_cwm
Included instruments: lnpop
Excluded instruments: tourism_int
Partialled-out:       _cons
                      nb: total SS, model F and R2s are after partialling-out;
                          any small-sample adjustments include partialled-out
                          variables in regressor count K
------------------------------------------------------------------------------

Absorbed degrees of freedom:
-----------------------------------------------------+
 Absorbed FE | Categories  - Redundant  = Num. Coefs |
-------------+---------------------------------------|
     isocode |       183           0         183     |
           y |        28           1          27     |
-----------------------------------------------------+

added scalar:
                e(KPF) =  18.005937

 ( 1)  ln_gaci_cwm = 1

       F(  1,  4430) =    0.22
            Prob > F =    0.6389

added scalar:
             e(Wald1p) =  .63888263
(dropped 1 singleton observations)
(MWFE estimator converged in 5 iterations)

IV (2SLS) estimation
--------------------

Estimates efficient for homoskedasticity only
Statistics robust to heteroskedasticity

                                                      Number of obs =     4642
                                                      F(  2,  4430) =    18.17
                                                      Prob > F      =   0.0000
Total (centered) SS     =   776.194853                Centered R2   =   0.2437
Total (uncentered) SS   =   776.194853                Uncentered R2 =   0.2437
Residual SS             =  587.0445731                Root MSE      =     .364

------------------------------------------------------------------------------
             |               Robust
ln_co2_bun~r |      Coef.   Std. Err.      t    P>|t|     [95% Conf. Interval]
-------------+----------------------------------------------------------------
         lng |   .7062914   .4322487     1.63   0.102     -.141132    1.553715
       lnpop |   .3629338   .0948304     3.83   0.000     .1770189    .5488487
------------------------------------------------------------------------------
Underidentification test (Kleibergen-Paap rk LM statistic):             10.433
                                                   Chi-sq(1) P-val =    0.0012
------------------------------------------------------------------------------
Weak identification test (Cragg-Donald Wald F statistic):                8.607
                         (Kleibergen-Paap rk Wald F statistic):          9.713
Stock-Yogo weak ID test critical values: 10% maximal IV size             16.38
                                         15% maximal IV size              8.96
                                         20% maximal IV size              6.66
                                         25% maximal IV size              5.53
Source: Stock-Yogo (2005).  Reproduced by permission.
NB: Critical values are for Cragg-Donald F statistic and i.i.d. errors.
------------------------------------------------------------------------------
Hansen J statistic (overidentification test of all instruments):         0.000
                                                 (equation exactly identified)
------------------------------------------------------------------------------
Instrumented:         lng
Included instruments: lnpop
Excluded instruments: tourism_int
Partialled-out:       _cons
                      nb: total SS, model F and R2s are after partialling-out;
                          any small-sample adjustments include partialled-out
                          variables in regressor count K
------------------------------------------------------------------------------

Absorbed degrees of freedom:
-----------------------------------------------------+
 Absorbed FE | Categories  - Redundant  = Num. Coefs |
-------------+---------------------------------------|
     isocode |       183           0         183     |
           y |        28           1          27     |
-----------------------------------------------------+

added scalar:
                e(KPF) =  9.7130499

 ( 1)  lng = 1

       F(  1,  4430) =    0.46
            Prob > F =    0.4969

added scalar:
             e(Wald1p) =  .49686312
(dropped 1 singleton observations)
(MWFE estimator converged in 5 iterations)

IV (2SLS) estimation
--------------------

Estimates efficient for homoskedasticity only
Statistics robust to heteroskedasticity

                                                      Number of obs =     4642
                                                      F(  2,  4430) =    17.87
                                                      Prob > F      =   0.0000
Total (centered) SS     =   776.194853                Centered R2   =   0.2406
Total (uncentered) SS   =   776.194853                Uncentered R2 =   0.2406
Residual SS             =  589.4250685                Root MSE      =    .3648

------------------------------------------------------------------------------
             |               Robust
ln_co2_bun~r |      Coef.   Std. Err.      t    P>|t|     [95% Conf. Interval]
-------------+----------------------------------------------------------------
 ln_gaci_max |    1.03535   .6428691     1.61   0.107    -.2249945    2.295695
       lnpop |   .4184954   .0810646     5.16   0.000     .2595682    .5774226
------------------------------------------------------------------------------
Underidentification test (Kleibergen-Paap rk LM statistic):             26.373
                                                   Chi-sq(1) P-val =    0.0000
------------------------------------------------------------------------------
Weak identification test (Cragg-Donald Wald F statistic):               37.977
                         (Kleibergen-Paap rk Wald F statistic):         27.374
Stock-Yogo weak ID test critical values: 10% maximal IV size             16.38
                                         15% maximal IV size              8.96
                                         20% maximal IV size              6.66
                                         25% maximal IV size              5.53
Source: Stock-Yogo (2005).  Reproduced by permission.
NB: Critical values are for Cragg-Donald F statistic and i.i.d. errors.
------------------------------------------------------------------------------
Hansen J statistic (overidentification test of all instruments):         0.000
                                                 (equation exactly identified)
------------------------------------------------------------------------------
Instrumented:         ln_gaci_max
Included instruments: lnpop
Excluded instruments: tourism_int
Partialled-out:       _cons
                      nb: total SS, model F and R2s are after partialling-out;
                          any small-sample adjustments include partialled-out
                          variables in regressor count K
------------------------------------------------------------------------------

Absorbed degrees of freedom:
-----------------------------------------------------+
 Absorbed FE | Categories  - Redundant  = Num. Coefs |
-------------+---------------------------------------|
     isocode |       183           0         183     |
           y |        28           1          27     |
-----------------------------------------------------+

added scalar:
                e(KPF) =  27.374012

 ( 1)  ln_gaci_max = 1

       F(  1,  4430) =    0.00
            Prob > F =    0.9562

added scalar:
             e(Wald1p) =  .95615042

. di _n "================= PANEL B: measures (H2), outcome = bunker ================="

================= PANEL B: measures (H2), outcome = bunker =================

. esttab m_ln_gaci_cwm m_lng m_ln_gaci_max, ///
>     b(%9.3f) se(%9.3f) star(* 0.10 ** 0.05 *** 0.01) nonum keep(ln_gaci_cwm lng ln_gaci_max) ///
>     mtitles("cwm" "sum" "max") ///
>     stats(KPF Wald1p N, fmt(%9.1f %9.3f %9.0g) labels("KP F" "Wald p(b=1)" "N"))

------------------------------------------------------------
                      cwm             sum             max   
------------------------------------------------------------
ln_gaci_cwm         1.395*                                  
                  (0.842)                                   

lng                                 0.706                   
                                  (0.432)                   

ln_gaci_max                                         1.035   
                                                  (0.643)   
------------------------------------------------------------
KP F                 18.0             9.7            27.4   
Wald p(b=1)         0.639           0.497           0.956   
N                    4642            4642            4642   
------------------------------------------------------------
Standard errors in parentheses
* p<0.10, ** p<0.05, *** p<0.01

. 
. * =====================================================================
. * PANEL C: H3 temporal split (headline)
. * =====================================================================
. eststo clear

. ivreghdfe ln_co2_bunker lnpop (ln_gaci_cwm = tourism_int) if y < 2010, absorb(isocode y) robust
(MWFE estimator converged in 5 iterations)

IV (2SLS) estimation
--------------------

Estimates efficient for homoskedasticity only
Statistics robust to heteroskedasticity

                                                      Number of obs =     2218
                                                      F(  2,  2034) =     0.43
                                                      Prob > F      =   0.6506
Total (centered) SS     =  206.4664242                Centered R2   =  -3.0177
Total (uncentered) SS   =  206.4664242                Uncentered R2 =  -3.0177
Residual SS             =  829.5245595                Root MSE      =    .6386

------------------------------------------------------------------------------
             |               Robust
ln_co2_bun~r |      Coef.   Std. Err.      t    P>|t|     [95% Conf. Interval]
-------------+----------------------------------------------------------------
 ln_gaci_cwm |  -7.610193   21.37165    -0.36   0.722    -49.52281    34.30242
       lnpop |   .7525535   1.216883     0.62   0.536    -1.633914    3.139021
------------------------------------------------------------------------------
Underidentification test (Kleibergen-Paap rk LM statistic):              0.314
                                                   Chi-sq(1) P-val =    0.5751
------------------------------------------------------------------------------
Weak identification test (Cragg-Donald Wald F statistic):                0.251
                         (Kleibergen-Paap rk Wald F statistic):          0.286
Stock-Yogo weak ID test critical values: 10% maximal IV size             16.38
                                         15% maximal IV size              8.96
                                         20% maximal IV size              6.66
                                         25% maximal IV size              5.53
Source: Stock-Yogo (2005).  Reproduced by permission.
NB: Critical values are for Cragg-Donald F statistic and i.i.d. errors.
------------------------------------------------------------------------------
Hansen J statistic (overidentification test of all instruments):         0.000
                                                 (equation exactly identified)
------------------------------------------------------------------------------
Instrumented:         ln_gaci_cwm
Included instruments: lnpop
Excluded instruments: tourism_int
Partialled-out:       _cons
                      nb: total SS, model F and R2s are after partialling-out;
                          any small-sample adjustments include partialled-out
                          variables in regressor count K
------------------------------------------------------------------------------

Absorbed degrees of freedom:
-----------------------------------------------------+
 Absorbed FE | Categories  - Redundant  = Num. Coefs |
-------------+---------------------------------------|
     isocode |       169           0         169     |
           y |        14           1          13     |
-----------------------------------------------------+

. eststo t_pre

. estadd scalar KPF = e(widstat)

added scalar:
                e(KPF) =  .28636547

. ivreghdfe ln_co2_bunker lnpop (ln_gaci_cwm = tourism_int) if y >= 2010, absorb(isocode y) robust
(dropped 2 singleton observations)
(MWFE estimator converged in 5 iterations)

IV (2SLS) estimation
--------------------

Estimates efficient for homoskedasticity only
Statistics robust to heteroskedasticity

                                                      Number of obs =     2423
                                                      F(  2,  2228) =     2.00
                                                      Prob > F      =   0.1360
Total (centered) SS     =  216.9231867                Centered R2   =  -0.1761
Total (uncentered) SS   =  216.9231867                Uncentered R2 =  -0.1761
Residual SS             =  255.1220676                Root MSE      =    .3384

------------------------------------------------------------------------------
             |               Robust
ln_co2_bun~r |      Coef.   Std. Err.      t    P>|t|     [95% Conf. Interval]
-------------+----------------------------------------------------------------
 ln_gaci_cwm |  -.7457407   .7699978    -0.97   0.333    -2.255729    .7642476
       lnpop |    .602422   .3198087     1.88   0.060    -.0247322    1.229576
------------------------------------------------------------------------------
Underidentification test (Kleibergen-Paap rk LM statistic):             25.908
                                                   Chi-sq(1) P-val =    0.0000
------------------------------------------------------------------------------
Weak identification test (Cragg-Donald Wald F statistic):               47.497
                         (Kleibergen-Paap rk Wald F statistic):         27.664
Stock-Yogo weak ID test critical values: 10% maximal IV size             16.38
                                         15% maximal IV size              8.96
                                         20% maximal IV size              6.66
                                         25% maximal IV size              5.53
Source: Stock-Yogo (2005).  Reproduced by permission.
NB: Critical values are for Cragg-Donald F statistic and i.i.d. errors.
------------------------------------------------------------------------------
Hansen J statistic (overidentification test of all instruments):         0.000
                                                 (equation exactly identified)
------------------------------------------------------------------------------
Instrumented:         ln_gaci_cwm
Included instruments: lnpop
Excluded instruments: tourism_int
Partialled-out:       _cons
                      nb: total SS, model F and R2s are after partialling-out;
                          any small-sample adjustments include partialled-out
                          variables in regressor count K
------------------------------------------------------------------------------

Absorbed degrees of freedom:
-----------------------------------------------------+
 Absorbed FE | Categories  - Redundant  = Num. Coefs |
-------------+---------------------------------------|
     isocode |       180           0         180     |
           y |        14           1          13     |
-----------------------------------------------------+

. eststo t_post

. estadd scalar KPF = e(widstat)

added scalar:
                e(KPF) =  27.663742

. di _n "================= PANEL C: temporal split ================="

================= PANEL C: temporal split =================

. esttab t_pre t_post, keep(ln_gaci_cwm) b(%9.3f) se(%9.3f) star(* 0.10 ** 0.05 *** 0.01) nonum ///
>     mtitles("Pre2010" "Post2010") stats(KPF N, fmt(%9.1f %9.0g) labels("KP F" "N"))

--------------------------------------------
                  Pre2010        Post2010   
--------------------------------------------
ln_gaci_cwm        -7.610          -0.746   
                 (21.372)         (0.770)   
--------------------------------------------
KP F                  0.3            27.7   
N                    2218            2423   
--------------------------------------------
Standard errors in parentheses
* p<0.10, ** p<0.05, *** p<0.01

. 
. * ---------- CSV export (2SLS Panel A + B) ----------
. eststo clear

. foreach yv of local outcomes {
  2.     quietly ivreghdfe `yv' lnpop (ln_gaci_cwm = tourism_int), absorb(isocode y) robust
  3.     eststo x_`yv'
  4.     estadd scalar KPF = e(widstat)
  5.     quietly test ln_gaci_cwm = 1
  6.     estadd scalar Wald1p = r(p)
  7. }

added scalar:
                e(KPF) =  18.005937

added scalar:
             e(Wald1p) =  .63888263

added scalar:
                e(KPF) =  18.005937

added scalar:
             e(Wald1p) =  .74016383

added scalar:
                e(KPF) =  18.005937

added scalar:
             e(Wald1p) =  .71387191

added scalar:
                e(KPF) =  18.005937

added scalar:
             e(Wald1p) =  .0009612

added scalar:
                e(KPF) =  18.005937

added scalar:
             e(Wald1p) =  .44975429

added scalar:
                e(KPF) =  18.005937

added scalar:
             e(Wald1p) =  .64045179

. esttab x_* using "_co2_main_results.csv", replace ///
>     b(%9.4f) se(%9.4f) star(* 0.10 ** 0.05 *** 0.01) stats(KPF Wald1p N) plain
(output written to _co2_main_results.csv)

. 
. di _n "DONE_CO2_MAIN"

DONE_CO2_MAIN

. 
end of do-file
