
  ___  ____  ____  ____  ____ (R)
 /__    /   ____/   /   ____/
___/   /   /___/   /   /___/   16.1   Copyright 1985-2019 StataCorp LLC
  Statistics/Data analysis            StataCorp
                                      4905 Lakeway Drive
     MP - Parallel Edition            College Station, Texas 77845 USA
                                      800-STATA-PC        https://www.stata.com
                                      979-696-4600        stata@stata.com
                                      979-696-4601 (fax)

Stata license: Single-user 12-core  perpetual
Serial number: 501606210961
  Licensed to: Sunbin Yoo
               Kyushu University

Notes:
      1. Stata is running in batch mode.
      2. Unicode is supported; see help unicode_advice.
      3. More than 2 billion observations are allowed; see help obs_advice.
      4. Maximum number of variables is set to 5,000; see help set_maxvar.

. do co2_feyrer_hetero_tot.do 

. *============================================================================
> ==
. * co2_feyrer_hetero_tot.do (2026-09-03: outcome = TOTAL CO2, corrects intl-ou
> tcome mislabel)
. * GROUP HETEROGENEITY of the headline elasticity (Feyrer IV, ln_sea_ma
. * controlled), split-sample 2SLS + pooled interaction tests.
. *   A) baseline income terciles (earliest observed lnpc per country)
. *   B) baseline connectivity terciles (earliest observed gaci_cwmean)
. *   C) macro regions (Europe / Asia-Pacific / Africa / LatAm / MiddleEast / N
> orthAm)
. *   D) intensity outcome (ln CO2 per seat-km) across income terciles
. * Spec mirrors co2_feyrer_full.do part A:
. *   ivreghdfe y lnpop ln_sea_ma (ln_gaci_cwm = feyrer_int), absorb(isocode y)
>  robust
. * Exports: _feyrer_hetero_tot.csv (long: panel, group, b, se, p, KPF, N, Ncou
> ntries)
. *============================================================================
> ==
. clear all

. set more off

. set varabbrev off

. set linesize 255

. version 14

. cd "C:/Users/sunbi/managi-lab Dropbox/Sunbin Yoo/Research Box ^-^/2026/GACI/GACI_CO2"
C:\Users\sunbi\managi-lab Dropbox\Sunbin Yoo\Research Box ^-^\2026\GACI\GACI_CO2

. 
. * ---- build merged dataset (identical to co2_feyrer_full.do) ----
. import delimited "co2_country_year.csv", clear varnames(1) encoding("utf-8")
(20 vars, 6,777 obs)

. keep iso3 year co2_bunker co2_bunker_intl co2_lto co2_5050 dep_seat_km

. rename iso3 c

. rename year y

. tempfile co2

. save `co2'
file C:\Users\sunbi\AppData\Local\Temp\ST_6f90_000001.tmp saved

. 
. import delimited "../gaci_panel_combined.csv", clear varnames(1) encoding("utf-8")
(44 vars, 4,643 obs)

. ds c reg, not
y             lngdp         ln_gaci_mean  gaci_mean     unesco_cum~t  lnpc          abslat        deg_mean      close_sum     betw_mean     cap_sum       nat_endow     tourism_int   feyrer_int
trade_share   lng           lncap         ln_unesco     lnz           lnpop         n_air         eig_sum       close_mean    regimp_sum    cap_mean      merch_share   tourism_cum   ln_sea_ma
ln_tradevol   ln_gaci_cwm   gaci_cwmean   unesco_cum    lnz_own       lnland        deg_sum       eig_mean      betw_sum      regimp_mean   tour_shift    merch_inte~y  ln_remote     ln_air_ma

. destring `r(varlist)', replace force
y already numeric; no replace
trade_share already numeric; no replace
ln_tradevol already numeric; no replace
lngdp already numeric; no replace
lng already numeric; no replace
ln_gaci_cwm already numeric; no replace
ln_gaci_mean already numeric; no replace
lncap already numeric; no replace
gaci_cwmean already numeric; no replace
gaci_mean already numeric; no replace
ln_unesco already numeric; no replace
unesco_cum already numeric; no replace
unesco_cum_nat already numeric; no replace
lnz already numeric; no replace
lnz_own already numeric; no replace
lnpc already numeric; no replace
lnpop already numeric; no replace
lnland already numeric; no replace
abslat already numeric; no replace
n_air already numeric; no replace
deg_sum already numeric; no replace
deg_mean already numeric; no replace
eig_sum already numeric; no replace
eig_mean already numeric; no replace
close_sum already numeric; no replace
close_mean already numeric; no replace
betw_sum already numeric; no replace
betw_mean already numeric; no replace
regimp_sum already numeric; no replace
regimp_mean already numeric; no replace
cap_sum already numeric; no replace
cap_mean already numeric; no replace
tour_shift already numeric; no replace
nat_endow already numeric; no replace
merch_share already numeric; no replace
merch_intensity already numeric; no replace
tourism_int already numeric; no replace
tourism_cum already numeric; no replace
ln_remote already numeric; no replace
feyrer_int already numeric; no replace
ln_sea_ma already numeric; no replace
ln_air_ma already numeric; no replace

. merge 1:1 c y using `co2', keep(1 3) nogenerate

    Result                           # of obs.
    -----------------------------------------
    not matched                             0
    matched                             4,643  
    -----------------------------------------

. encode c, gen(isocode)

. xtset isocode y
       panel variable:  isocode (unbalanced)
        time variable:  y, 1996 to 2023, but with gaps
                delta:  1 unit

. 
. gen ln_co2_tot = ln(co2_bunker) if co2_bunker > 0

. gen ln_skm = ln(dep_seat_km) if dep_seat_km > 0

. gen ln_intensity = ln_co2_tot - ln_skm

. 
. * ---- time-invariant grouping variables ----
. * baseline income: earliest observed lnpc per country
. bysort isocode (y): gen byte first_pc = sum(!missing(lnpc)) == 1 & !missing(lnpc)

. gen lnpc0_ = lnpc if first_pc
(4,459 missing values generated)

. bysort isocode (lnpc0_): gen lnpc0 = lnpc0_[1]

. drop lnpc0_ first_pc

. 
. * baseline connectivity: earliest observed gaci_cwmean per country
. bysort isocode (y): gen byte first_g = sum(!missing(gaci_cwmean)) == 1 & !missing(gaci_cwmean)

. gen g0_ = gaci_cwmean if first_g
(4,459 missing values generated)

. bysort isocode (g0_): gen gaci0 = g0_[1]

. drop g0_ first_g

. 
. * terciles over countries (one obs per country)
. preserve

. bysort isocode: keep if _n == 1
(4,459 observations deleted)

. xtile inc3 = lnpc0, nq(3)

. xtile con3 = gaci0, nq(3)

. keep isocode inc3 con3

. tempfile grp

. save `grp'
file C:\Users\sunbi\AppData\Local\Temp\ST_6f90_000003.tmp saved

. restore

. merge m:1 isocode using `grp', nogenerate
(label isocode already defined)

    Result                           # of obs.
    -----------------------------------------
    not matched                             0
    matched                             4,643  
    -----------------------------------------

. 
. * macro regions
. gen mreg = ""
(4,643 missing values generated)

. replace mreg = "Europe" if inlist(reg, "EU1", "EU2")
variable mreg was str1 now str6
(1,190 real changes made)

. replace mreg = "AsiaPacific" if inlist(reg, "AS1", "AS2", "AS3", "AS4", "SW1")
variable mreg was str6 now str11
(1,111 real changes made)

. replace mreg = "Africa" if inlist(reg, "AF1", "AF2", "AF3", "AF4")
(1,230 real changes made)

. replace mreg = "LatAm" if inlist(reg, "LA1", "LA2", "LA3", "LA4")
(691 real changes made)

. replace mreg = "MiddleEast" if reg == "ME1"
(344 real changes made)

. replace mreg = "NorthAm" if reg == "NA1"
(77 real changes made)

. 
. capture which ivreghdfe

. if _rc {
.     ssc install ftools, replace
.     ssc install reghdfe, replace
.     ssc install ivreghdfe, replace
. }

. 
. * ---- results accumulator ----
. tempname H

. postfile `H' str12 panel str16 grp b se p KPF N Nc using "_feyrer_hetero_tot_post.dta", replace
(note: file _feyrer_hetero_tot_post.dta not found)

. 
. capture program drop runcell

. program define runcell
  1.     args H panel grp yv cond
  2.     quietly count if `cond' & !missing(`yv', ln_gaci_cwm, feyrer_int, lnpop, ln_sea_ma)
  3.     if r(N) < 60 {
  4.         di as err "SKIP `panel' `grp': N = " r(N)
  5.         exit
  6.     }
  7.     capture noisily ivreghdfe `yv' lnpop ln_sea_ma (ln_gaci_cwm = feyrer_int) if `cond', absorb(isocode y) robust
  8.     if _rc exit
  9.     local b = _b[ln_gaci_cwm]
 10.     local se = _se[ln_gaci_cwm]
 11.     local p = 2 * normal(-abs(`b'/`se'))
 12.     quietly levelsof isocode if e(sample), local(cc)
 13.     local nc : word count `cc'
 14.     post `H' ("`panel'") ("`grp'") (`b') (`se') (`p') (e(widstat)) (e(N)) (`nc')
 15.     di "HET [`panel'] `grp': b = " %8.3f `b' " (se " %7.3f `se' ")  KP F = " %7.1f e(widstat) "  N = " %7.0f e(N) "  countries = " `nc'
 16. end

. 
. * =====================================================================
. * A) income terciles, outcome = intl CO2
. * =====================================================================
. di _n "===== A) baseline income terciles (ln_co2_tot) ====="

===== A) baseline income terciles (ln_co2_tot) =====

. runcell `H' "A_income" "inc_low" ln_co2_tot "inc3 == 1"
(MWFE estimator converged in 5 iterations)

IV (2SLS) estimation
--------------------

Estimates efficient for homoskedasticity only
Statistics robust to heteroskedasticity

                                                      Number of obs =     1596
                                                      F(  3,  1504) =    25.62
                                                      Prob > F      =   0.0000
Total (centered) SS     =  388.7265324                Centered R2   =   0.1193
Total (uncentered) SS   =  388.7265324                Uncentered R2 =   0.1193
Residual SS             =  342.3561237                Root MSE      =    .4771

------------------------------------------------------------------------------
             |               Robust
  ln_co2_tot |      Coef.   Std. Err.      t    P>|t|     [95% Conf. Interval]
-------------+----------------------------------------------------------------
 ln_gaci_cwm |   9.427493   1.130583     8.34   0.000     7.209807    11.64518
       lnpop |   .2157444   .2107182     1.02   0.306    -.1975882     .629077
   ln_sea_ma |   1.304459   .7553585     1.73   0.084    -.1772094    2.786126
------------------------------------------------------------------------------
Underidentification test (Kleibergen-Paap rk LM statistic):             35.294
                                                   Chi-sq(1) P-val =    0.0000
------------------------------------------------------------------------------
Weak identification test (Cragg-Donald Wald F statistic):               37.884
                         (Kleibergen-Paap rk Wald F statistic):         35.531
Stock-Yogo weak ID test critical values: 10% maximal IV size             16.38
                                         15% maximal IV size              8.96
                                         20% maximal IV size              6.66
                                         25% maximal IV size              5.53
Source: Stock-Yogo (2005).  Reproduced by permission.
NB: Critical values are for Cragg-Donald F statistic and i.i.d. errors.
------------------------------------------------------------------------------
Hansen J statistic (overidentification test of all instruments):         0.000
                                                 (equation exactly identified)
------------------------------------------------------------------------------
Instrumented:         ln_gaci_cwm
Included instruments: lnpop ln_sea_ma
Excluded instruments: feyrer_int
Partialled-out:       _cons
                      nb: total SS, model F and R2s are after partialling-out;
                          any small-sample adjustments include partialled-out
                          variables in regressor count K
------------------------------------------------------------------------------

Absorbed degrees of freedom:
-----------------------------------------------------+
 Absorbed FE | Categories  - Redundant  = Num. Coefs |
-------------+---------------------------------------|
     isocode |        62           0          62     |
           y |        28           1          27     |
-----------------------------------------------------+
HET [A_income] inc_low: b =    9.427 (se   1.131)  KP F =    35.5  N =    1596  countries = 62

. runcell `H' "A_income" "inc_mid" ln_co2_tot "inc3 == 2"
(MWFE estimator converged in 5 iterations)

IV (2SLS) estimation
--------------------

Estimates efficient for homoskedasticity only
Statistics robust to heteroskedasticity

                                                      Number of obs =     1547
                                                      F(  3,  1456) =    38.64
                                                      Prob > F      =   0.0000
Total (centered) SS     =  233.6163041                Centered R2   =   0.1290
Total (uncentered) SS   =  233.6163041                Uncentered R2 =   0.1290
Residual SS             =  203.4771738                Root MSE      =    .3738

------------------------------------------------------------------------------
             |               Robust
  ln_co2_tot |      Coef.   Std. Err.      t    P>|t|     [95% Conf. Interval]
-------------+----------------------------------------------------------------
 ln_gaci_cwm |   6.118232    .818719     7.47   0.000     4.512238    7.724227
       lnpop |  -.0117164   .1280889    -0.09   0.927    -.2629748     .239542
   ln_sea_ma |   3.649235   1.197033     3.05   0.002     1.301141     5.99733
------------------------------------------------------------------------------
Underidentification test (Kleibergen-Paap rk LM statistic):             48.382
                                                   Chi-sq(1) P-val =    0.0000
------------------------------------------------------------------------------
Weak identification test (Cragg-Donald Wald F statistic):               66.861
                         (Kleibergen-Paap rk Wald F statistic):         48.192
Stock-Yogo weak ID test critical values: 10% maximal IV size             16.38
                                         15% maximal IV size              8.96
                                         20% maximal IV size              6.66
                                         25% maximal IV size              5.53
Source: Stock-Yogo (2005).  Reproduced by permission.
NB: Critical values are for Cragg-Donald F statistic and i.i.d. errors.
------------------------------------------------------------------------------
Hansen J statistic (overidentification test of all instruments):         0.000
                                                 (equation exactly identified)
------------------------------------------------------------------------------
Instrumented:         ln_gaci_cwm
Included instruments: lnpop ln_sea_ma
Excluded instruments: feyrer_int
Partialled-out:       _cons
                      nb: total SS, model F and R2s are after partialling-out;
                          any small-sample adjustments include partialled-out
                          variables in regressor count K
------------------------------------------------------------------------------

Absorbed degrees of freedom:
-----------------------------------------------------+
 Absorbed FE | Categories  - Redundant  = Num. Coefs |
-------------+---------------------------------------|
     isocode |        61           0          61     |
           y |        28           1          27     |
-----------------------------------------------------+
HET [A_income] inc_mid: b =    6.118 (se   0.819)  KP F =    48.2  N =    1547  countries = 61

. runcell `H' "A_income" "inc_high" ln_co2_tot "inc3 == 3"
(dropped 1 singleton observations)
(MWFE estimator converged in 6 iterations)

IV (2SLS) estimation
--------------------

Estimates efficient for homoskedasticity only
Statistics robust to heteroskedasticity

                                                      Number of obs =     1491
                                                      F(  3,  1402) =   117.83
                                                      Prob > F      =   0.0000
Total (centered) SS     =  120.1690716                Centered R2   =   0.4240
Total (uncentered) SS   =  120.1690716                Uncentered R2 =   0.4240
Residual SS             =  69.22100103                Root MSE      =    .2222

------------------------------------------------------------------------------
             |               Robust
  ln_co2_tot |      Coef.   Std. Err.      t    P>|t|     [95% Conf. Interval]
-------------+----------------------------------------------------------------
 ln_gaci_cwm |   1.886362   .9843527     1.92   0.056    -.0446005    3.817325
       lnpop |   .7302028   .4937176     1.48   0.139    -.2383021    1.698708
   ln_sea_ma |   .0146164   1.700167     0.01   0.993    -3.320529    3.349762
------------------------------------------------------------------------------
Underidentification test (Kleibergen-Paap rk LM statistic):              9.831
                                                   Chi-sq(1) P-val =    0.0017
------------------------------------------------------------------------------
Weak identification test (Cragg-Donald Wald F statistic):                8.181
                         (Kleibergen-Paap rk Wald F statistic):         10.143
Stock-Yogo weak ID test critical values: 10% maximal IV size             16.38
                                         15% maximal IV size              8.96
                                         20% maximal IV size              6.66
                                         25% maximal IV size              5.53
Source: Stock-Yogo (2005).  Reproduced by permission.
NB: Critical values are for Cragg-Donald F statistic and i.i.d. errors.
------------------------------------------------------------------------------
Hansen J statistic (overidentification test of all instruments):         0.000
                                                 (equation exactly identified)
------------------------------------------------------------------------------
Instrumented:         ln_gaci_cwm
Included instruments: lnpop ln_sea_ma
Excluded instruments: feyrer_int
Partialled-out:       _cons
                      nb: total SS, model F and R2s are after partialling-out;
                          any small-sample adjustments include partialled-out
                          variables in regressor count K
------------------------------------------------------------------------------

Absorbed degrees of freedom:
-----------------------------------------------------+
 Absorbed FE | Categories  - Redundant  = Num. Coefs |
-------------+---------------------------------------|
     isocode |        59           0          59     |
           y |        28           1          27     |
-----------------------------------------------------+
HET [A_income] inc_high: b =    1.886 (se   0.984)  KP F =    10.1  N =    1491  countries = 59

. 
. * pooled interaction test: top tercile vs rest
. gen byte hi_inc = inc3 == 3 if !missing(inc3)

. gen ma_x_hiinc = ln_gaci_cwm * hi_inc

. gen iv_x_hiinc = feyrer_int * hi_inc
(8 missing values generated)

. ivreghdfe ln_co2_tot lnpop ln_sea_ma (ln_gaci_cwm ma_x_hiinc = feyrer_int iv_x_hiinc), absorb(isocode y) robust
(dropped 1 singleton observations)
(MWFE estimator converged in 5 iterations)

IV (2SLS) estimation
--------------------

Estimates efficient for homoskedasticity only
Statistics robust to heteroskedasticity

                                                      Number of obs =     4634
                                                      F(  4,  4421) =    95.35
                                                      Prob > F      =   0.0000
Total (centered) SS     =   776.026185                Centered R2   =   0.2768
Total (uncentered) SS   =   776.026185                Uncentered R2 =   0.2768
Residual SS             =  561.2187685                Root MSE      =    .3563

------------------------------------------------------------------------------
             |               Robust
  ln_co2_tot |      Coef.   Std. Err.      t    P>|t|     [95% Conf. Interval]
-------------+----------------------------------------------------------------
 ln_gaci_cwm |   6.962712   .4614545    15.09   0.000      6.05803    7.867394
  ma_x_hiinc |  -3.256887   .2271818   -14.34   0.000    -3.702277   -2.811497
       lnpop |   .0100116   .1086085     0.09   0.927    -.2029156    .2229387
   ln_sea_ma |   2.490016   .5096641     4.89   0.000     1.490819    3.489212
------------------------------------------------------------------------------
Underidentification test (Kleibergen-Paap rk LM statistic):            135.148
                                                   Chi-sq(1) P-val =    0.0000
------------------------------------------------------------------------------
Weak identification test (Cragg-Donald Wald F statistic):               82.971
                         (Kleibergen-Paap rk Wald F statistic):         69.660
Stock-Yogo weak ID test critical values: 10% maximal IV size              7.03
                                         15% maximal IV size              4.58
                                         20% maximal IV size              3.95
                                         25% maximal IV size              3.63
Source: Stock-Yogo (2005).  Reproduced by permission.
NB: Critical values are for Cragg-Donald F statistic and i.i.d. errors.
------------------------------------------------------------------------------
Hansen J statistic (overidentification test of all instruments):         0.000
                                                 (equation exactly identified)
------------------------------------------------------------------------------
Instrumented:         ln_gaci_cwm ma_x_hiinc
Included instruments: lnpop ln_sea_ma
Excluded instruments: feyrer_int iv_x_hiinc
Partialled-out:       _cons
                      nb: total SS, model F and R2s are after partialling-out;
                          any small-sample adjustments include partialled-out
                          variables in regressor count K
------------------------------------------------------------------------------

Absorbed degrees of freedom:
-----------------------------------------------------+
 Absorbed FE | Categories  - Redundant  = Num. Coefs |
-------------+---------------------------------------|
     isocode |       182           0         182     |
           y |        28           1          27     |
-----------------------------------------------------+

. local bi = _b[ma_x_hiinc]

. local si = _se[ma_x_hiinc]

. post `H' ("A_income") ("interact_hi") (`bi') (`si') (2*normal(-abs(`bi'/`si'))) (e(widstat)) (e(N)) (.)

. di "INTERACTION income-high x MA: b = " %8.3f `bi' " (se " %7.3f `si' ")  KP F = " %7.1f e(widstat)
INTERACTION income-high x MA: b =   -3.257 (se   0.227)  KP F =    69.7

. 
. * =====================================================================
. * B) baseline connectivity terciles, outcome = intl CO2
. * =====================================================================
. di _n "===== B) baseline connectivity terciles (ln_co2_tot) ====="

===== B) baseline connectivity terciles (ln_co2_tot) =====

. runcell `H' "B_conn" "con_low" ln_co2_tot "con3 == 1"
(dropped 1 singleton observations)
(MWFE estimator converged in 6 iterations)

IV (2SLS) estimation
--------------------

Estimates efficient for homoskedasticity only
Statistics robust to heteroskedasticity

                                                      Number of obs =     1453
                                                      F(  3,  1362) =    50.65
                                                      Prob > F      =   0.0000
Total (centered) SS     =  392.8170375                Centered R2   =   0.3338
Total (uncentered) SS   =  392.8170375                Uncentered R2 =   0.3338
Residual SS             =  261.6983596                Root MSE      =    .4383

------------------------------------------------------------------------------
             |               Robust
  ln_co2_tot |      Coef.   Std. Err.      t    P>|t|     [95% Conf. Interval]
-------------+----------------------------------------------------------------
 ln_gaci_cwm |   7.480959   .6533161    11.45   0.000     6.199344    8.762574
       lnpop |   .1458464   .1761266     0.83   0.408    -.1996625    .4913553
   ln_sea_ma |   3.260265   .8090331     4.03   0.000     1.673179    4.847351
------------------------------------------------------------------------------
Underidentification test (Kleibergen-Paap rk LM statistic):            100.338
                                                   Chi-sq(1) P-val =    0.0000
------------------------------------------------------------------------------
Weak identification test (Cragg-Donald Wald F statistic):              211.309
                         (Kleibergen-Paap rk Wald F statistic):        117.618
Stock-Yogo weak ID test critical values: 10% maximal IV size             16.38
                                         15% maximal IV size              8.96
                                         20% maximal IV size              6.66
                                         25% maximal IV size              5.53
Source: Stock-Yogo (2005).  Reproduced by permission.
NB: Critical values are for Cragg-Donald F statistic and i.i.d. errors.
------------------------------------------------------------------------------
Hansen J statistic (overidentification test of all instruments):         0.000
                                                 (equation exactly identified)
------------------------------------------------------------------------------
Instrumented:         ln_gaci_cwm
Included instruments: lnpop ln_sea_ma
Excluded instruments: feyrer_int
Partialled-out:       _cons
                      nb: total SS, model F and R2s are after partialling-out;
                          any small-sample adjustments include partialled-out
                          variables in regressor count K
------------------------------------------------------------------------------

Absorbed degrees of freedom:
-----------------------------------------------------+
 Absorbed FE | Categories  - Redundant  = Num. Coefs |
-------------+---------------------------------------|
     isocode |        61           0          61     |
           y |        28           1          27     |
-----------------------------------------------------+
HET [B_conn] con_low: b =    7.481 (se   0.653)  KP F =   117.6  N =    1453  countries = 61

. runcell `H' "B_conn" "con_mid" ln_co2_tot "con3 == 2"
(MWFE estimator converged in 6 iterations)

IV (2SLS) estimation
--------------------

Estimates efficient for homoskedasticity only
Statistics robust to heteroskedasticity

                                                      Number of obs =     1526
                                                      F(  3,  1436) =    18.02
                                                      Prob > F      =   0.0000
Total (centered) SS     =  253.9470795                Centered R2   =   0.3538
Total (uncentered) SS   =  253.9470795                Uncentered R2 =   0.3538
Residual SS             =  164.1115147                Root MSE      =    .3381

------------------------------------------------------------------------------
             |               Robust
  ln_co2_tot |      Coef.   Std. Err.      t    P>|t|     [95% Conf. Interval]
-------------+----------------------------------------------------------------
 ln_gaci_cwm |   5.067699   .8753344     5.79   0.000     3.350628     6.78477
       lnpop |  -.6253541   .2063106    -3.03   0.002    -1.030057   -.2206516
   ln_sea_ma |   4.160602   1.062615     3.92   0.000     2.076159    6.245046
------------------------------------------------------------------------------
Underidentification test (Kleibergen-Paap rk LM statistic):             28.748
                                                   Chi-sq(1) P-val =    0.0000
------------------------------------------------------------------------------
Weak identification test (Cragg-Donald Wald F statistic):               26.526
                         (Kleibergen-Paap rk Wald F statistic):         29.879
Stock-Yogo weak ID test critical values: 10% maximal IV size             16.38
                                         15% maximal IV size              8.96
                                         20% maximal IV size              6.66
                                         25% maximal IV size              5.53
Source: Stock-Yogo (2005).  Reproduced by permission.
NB: Critical values are for Cragg-Donald F statistic and i.i.d. errors.
------------------------------------------------------------------------------
Hansen J statistic (overidentification test of all instruments):         0.000
                                                 (equation exactly identified)
------------------------------------------------------------------------------
Instrumented:         ln_gaci_cwm
Included instruments: lnpop ln_sea_ma
Excluded instruments: feyrer_int
Partialled-out:       _cons
                      nb: total SS, model F and R2s are after partialling-out;
                          any small-sample adjustments include partialled-out
                          variables in regressor count K
------------------------------------------------------------------------------

Absorbed degrees of freedom:
-----------------------------------------------------+
 Absorbed FE | Categories  - Redundant  = Num. Coefs |
-------------+---------------------------------------|
     isocode |        60           0          60     |
           y |        28           1          27     |
-----------------------------------------------------+
HET [B_conn] con_mid: b =    5.068 (se   0.875)  KP F =    29.9  N =    1526  countries = 60

. runcell `H' "B_conn" "con_high" ln_co2_tot "con3 == 3"
(MWFE estimator converged in 5 iterations)

IV (2SLS) estimation
--------------------

Estimates efficient for homoskedasticity only
Statistics robust to heteroskedasticity

                                                      Number of obs =     1655
                                                      F(  3,  1564) =   133.61
                                                      Prob > F      =   0.0000
Total (centered) SS     =   119.665936                Centered R2   =   0.2467
Total (uncentered) SS   =   119.665936                Uncentered R2 =   0.2467
Residual SS             =  90.13891173                Root MSE      =    .2401

------------------------------------------------------------------------------
             |               Robust
  ln_co2_tot |      Coef.   Std. Err.      t    P>|t|     [95% Conf. Interval]
-------------+----------------------------------------------------------------
 ln_gaci_cwm |   4.034729    2.12939     1.89   0.058    -.1420318    8.211489
       lnpop |  -.1020848   .7347318    -0.14   0.890    -1.543248    1.339078
   ln_sea_ma |   1.008568   2.026893     0.50   0.619    -2.967145    4.984282
------------------------------------------------------------------------------
Underidentification test (Kleibergen-Paap rk LM statistic):              1.910
                                                   Chi-sq(1) P-val =    0.1669
------------------------------------------------------------------------------
Weak identification test (Cragg-Donald Wald F statistic):                2.031
                         (Kleibergen-Paap rk Wald F statistic):          1.835
Stock-Yogo weak ID test critical values: 10% maximal IV size             16.38
                                         15% maximal IV size              8.96
                                         20% maximal IV size              6.66
                                         25% maximal IV size              5.53
Source: Stock-Yogo (2005).  Reproduced by permission.
NB: Critical values are for Cragg-Donald F statistic and i.i.d. errors.
------------------------------------------------------------------------------
Hansen J statistic (overidentification test of all instruments):         0.000
                                                 (equation exactly identified)
------------------------------------------------------------------------------
Instrumented:         ln_gaci_cwm
Included instruments: lnpop ln_sea_ma
Excluded instruments: feyrer_int
Partialled-out:       _cons
                      nb: total SS, model F and R2s are after partialling-out;
                          any small-sample adjustments include partialled-out
                          variables in regressor count K
------------------------------------------------------------------------------

Absorbed degrees of freedom:
-----------------------------------------------------+
 Absorbed FE | Categories  - Redundant  = Num. Coefs |
-------------+---------------------------------------|
     isocode |        61           0          61     |
           y |        28           1          27     |
-----------------------------------------------------+
HET [B_conn] con_high: b =    4.035 (se   2.129)  KP F =     1.8  N =    1655  countries = 61

. 
. gen byte hi_con = con3 == 3 if !missing(con3)

. gen ma_x_hicon = ln_gaci_cwm * hi_con

. gen iv_x_hicon = feyrer_int * hi_con
(8 missing values generated)

. ivreghdfe ln_co2_tot lnpop ln_sea_ma (ln_gaci_cwm ma_x_hicon = feyrer_int iv_x_hicon), absorb(isocode y) robust
(dropped 1 singleton observations)
(MWFE estimator converged in 5 iterations)

IV (2SLS) estimation
--------------------

Estimates efficient for homoskedasticity only
Statistics robust to heteroskedasticity

                                                      Number of obs =     4634
                                                      F(  4,  4421) =    72.24
                                                      Prob > F      =   0.0000
Total (centered) SS     =   776.026185                Centered R2   =   0.2804
Total (uncentered) SS   =   776.026185                Uncentered R2 =   0.2804
Residual SS             =  558.4653828                Root MSE      =    .3554

------------------------------------------------------------------------------
             |               Robust
  ln_co2_tot |      Coef.   Std. Err.      t    P>|t|     [95% Conf. Interval]
-------------+----------------------------------------------------------------
 ln_gaci_cwm |   6.307203   .4626836    13.63   0.000     5.400112    7.214295
  ma_x_hicon |  -1.997025   .2504421    -7.97   0.000    -2.488017   -1.506033
       lnpop |  -.2326799   .1038002    -2.24   0.025    -.4361803   -.0291795
   ln_sea_ma |    3.21133   .5215663     6.16   0.000     2.188799    4.233861
------------------------------------------------------------------------------
Underidentification test (Kleibergen-Paap rk LM statistic):            137.042
                                                   Chi-sq(1) P-val =    0.0000
------------------------------------------------------------------------------
Weak identification test (Cragg-Donald Wald F statistic):               83.696
                         (Kleibergen-Paap rk Wald F statistic):         71.536
Stock-Yogo weak ID test critical values: 10% maximal IV size              7.03
                                         15% maximal IV size              4.58
                                         20% maximal IV size              3.95
                                         25% maximal IV size              3.63
Source: Stock-Yogo (2005).  Reproduced by permission.
NB: Critical values are for Cragg-Donald F statistic and i.i.d. errors.
------------------------------------------------------------------------------
Hansen J statistic (overidentification test of all instruments):         0.000
                                                 (equation exactly identified)
------------------------------------------------------------------------------
Instrumented:         ln_gaci_cwm ma_x_hicon
Included instruments: lnpop ln_sea_ma
Excluded instruments: feyrer_int iv_x_hicon
Partialled-out:       _cons
                      nb: total SS, model F and R2s are after partialling-out;
                          any small-sample adjustments include partialled-out
                          variables in regressor count K
------------------------------------------------------------------------------

Absorbed degrees of freedom:
-----------------------------------------------------+
 Absorbed FE | Categories  - Redundant  = Num. Coefs |
-------------+---------------------------------------|
     isocode |       182           0         182     |
           y |        28           1          27     |
-----------------------------------------------------+

. local bi = _b[ma_x_hicon]

. local si = _se[ma_x_hicon]

. post `H' ("B_conn") ("interact_hi") (`bi') (`si') (2*normal(-abs(`bi'/`si'))) (e(widstat)) (e(N)) (.)

. di "INTERACTION conn-high x MA: b = " %8.3f `bi' " (se " %7.3f `si' ")  KP F = " %7.1f e(widstat)
INTERACTION conn-high x MA: b =   -1.997 (se   0.250)  KP F =    71.5

. 
. * =====================================================================
. * C) macro regions, outcome = intl CO2
. * =====================================================================
. di _n "===== C) macro regions (ln_co2_tot) ====="

===== C) macro regions (ln_co2_tot) =====

. foreach r in Europe AsiaPacific Africa LatAm MiddleEast NorthAm {
  2.     runcell `H' "C_region" "`r'" ln_co2_tot `"mreg == "`r'""'
  3. }
(MWFE estimator converged in 5 iterations)

IV (2SLS) estimation
--------------------

Estimates efficient for homoskedasticity only
Statistics robust to heteroskedasticity

                                                      Number of obs =     1190
                                                      F(  3,  1116) =     4.58
                                                      Prob > F      =   0.0034
Total (centered) SS     =  163.4608881                Centered R2   =  -0.1300
Total (uncentered) SS   =  163.4608881                Uncentered R2 =  -0.1300
Residual SS             =  184.7059055                Root MSE      =    .4068

------------------------------------------------------------------------------
             |               Robust
  ln_co2_tot |      Coef.   Std. Err.      t    P>|t|     [95% Conf. Interval]
-------------+----------------------------------------------------------------
 ln_gaci_cwm |  -.4660342   .5864972    -0.79   0.427    -1.616796    .6847273
       lnpop |  -.4059989   .4990847    -0.81   0.416    -1.385249    .5732512
   ln_sea_ma |  -2.519057   1.422675    -1.77   0.077    -5.310476    .2723632
------------------------------------------------------------------------------
Underidentification test (Kleibergen-Paap rk LM statistic):             34.501
                                                   Chi-sq(1) P-val =    0.0000
------------------------------------------------------------------------------
Weak identification test (Cragg-Donald Wald F statistic):               63.124
                         (Kleibergen-Paap rk Wald F statistic):         52.764
Stock-Yogo weak ID test critical values: 10% maximal IV size             16.38
                                         15% maximal IV size              8.96
                                         20% maximal IV size              6.66
                                         25% maximal IV size              5.53
Source: Stock-Yogo (2005).  Reproduced by permission.
NB: Critical values are for Cragg-Donald F statistic and i.i.d. errors.
------------------------------------------------------------------------------
Hansen J statistic (overidentification test of all instruments):         0.000
                                                 (equation exactly identified)
------------------------------------------------------------------------------
Instrumented:         ln_gaci_cwm
Included instruments: lnpop ln_sea_ma
Excluded instruments: feyrer_int
Partialled-out:       _cons
                      nb: total SS, model F and R2s are after partialling-out;
                          any small-sample adjustments include partialled-out
                          variables in regressor count K
------------------------------------------------------------------------------

Absorbed degrees of freedom:
-----------------------------------------------------+
 Absorbed FE | Categories  - Redundant  = Num. Coefs |
-------------+---------------------------------------|
     isocode |        44           0          44     |
           y |        28           1          27     |
-----------------------------------------------------+
HET [C_region] Europe: b =   -0.466 (se   0.586)  KP F =    52.8  N =    1190  countries = 44
(dropped 1 singleton observations)
(MWFE estimator converged in 6 iterations)

IV (2SLS) estimation
--------------------

Estimates efficient for homoskedasticity only
Statistics robust to heteroskedasticity

                                                      Number of obs =     1110
                                                      F(  3,  1035) =    61.10
                                                      Prob > F      =   0.0000
Total (centered) SS     =  211.6544175                Centered R2   =   0.1618
Total (uncentered) SS   =  211.6544175                Uncentered R2 =   0.1618
Residual SS             =   177.407463                Root MSE      =     .414

------------------------------------------------------------------------------
             |               Robust
  ln_co2_tot |      Coef.   Std. Err.      t    P>|t|     [95% Conf. Interval]
-------------+----------------------------------------------------------------
 ln_gaci_cwm |   5.053217   .6447874     7.84   0.000     3.787977    6.318456
       lnpop |   .4176071   .2287188     1.83   0.068    -.0311984    .8664126
   ln_sea_ma |   8.367651   1.228474     6.81   0.000     5.957068    10.77823
------------------------------------------------------------------------------
Underidentification test (Kleibergen-Paap rk LM statistic):             55.495
                                                   Chi-sq(1) P-val =    0.0000
------------------------------------------------------------------------------
Weak identification test (Cragg-Donald Wald F statistic):               56.350
                         (Kleibergen-Paap rk Wald F statistic):         64.394
Stock-Yogo weak ID test critical values: 10% maximal IV size             16.38
                                         15% maximal IV size              8.96
                                         20% maximal IV size              6.66
                                         25% maximal IV size              5.53
Source: Stock-Yogo (2005).  Reproduced by permission.
NB: Critical values are for Cragg-Donald F statistic and i.i.d. errors.
------------------------------------------------------------------------------
Hansen J statistic (overidentification test of all instruments):         0.000
                                                 (equation exactly identified)
------------------------------------------------------------------------------
Instrumented:         ln_gaci_cwm
Included instruments: lnpop ln_sea_ma
Excluded instruments: feyrer_int
Partialled-out:       _cons
                      nb: total SS, model F and R2s are after partialling-out;
                          any small-sample adjustments include partialled-out
                          variables in regressor count K
------------------------------------------------------------------------------

Absorbed degrees of freedom:
-----------------------------------------------------+
 Absorbed FE | Categories  - Redundant  = Num. Coefs |
-------------+---------------------------------------|
     isocode |        45           0          45     |
           y |        28           1          27     |
-----------------------------------------------------+
HET [C_region] AsiaPacific: b =    5.053 (se   0.645)  KP F =    64.4  N =    1110  countries = 45
(MWFE estimator converged in 5 iterations)

IV (2SLS) estimation
--------------------

Estimates efficient for homoskedasticity only
Statistics robust to heteroskedasticity

                                                      Number of obs =     1230
                                                      F(  3,  1151) =    38.40
                                                      Prob > F      =   0.0000
Total (centered) SS     =  132.2829292                Centered R2   =   0.3316
Total (uncentered) SS   =  132.2829292                Uncentered R2 =   0.3316
Residual SS             =  88.41345332                Root MSE      =    .2772

------------------------------------------------------------------------------
             |               Robust
  ln_co2_tot |      Coef.   Std. Err.      t    P>|t|     [95% Conf. Interval]
-------------+----------------------------------------------------------------
 ln_gaci_cwm |   4.542008   1.222643     3.71   0.000     2.143149    6.940866
       lnpop |   .5648985   .2225472     2.54   0.011     .1282548    1.001542
   ln_sea_ma |   1.731626   .6017871     2.88   0.004     .5509037    2.912349
------------------------------------------------------------------------------
Underidentification test (Kleibergen-Paap rk LM statistic):             21.919
                                                   Chi-sq(1) P-val =    0.0000
------------------------------------------------------------------------------
Weak identification test (Cragg-Donald Wald F statistic):               26.862
                         (Kleibergen-Paap rk Wald F statistic):         20.226
Stock-Yogo weak ID test critical values: 10% maximal IV size             16.38
                                         15% maximal IV size              8.96
                                         20% maximal IV size              6.66
                                         25% maximal IV size              5.53
Source: Stock-Yogo (2005).  Reproduced by permission.
NB: Critical values are for Cragg-Donald F statistic and i.i.d. errors.
------------------------------------------------------------------------------
Hansen J statistic (overidentification test of all instruments):         0.000
                                                 (equation exactly identified)
------------------------------------------------------------------------------
Instrumented:         ln_gaci_cwm
Included instruments: lnpop ln_sea_ma
Excluded instruments: feyrer_int
Partialled-out:       _cons
                      nb: total SS, model F and R2s are after partialling-out;
                          any small-sample adjustments include partialled-out
                          variables in regressor count K
------------------------------------------------------------------------------

Absorbed degrees of freedom:
-----------------------------------------------------+
 Absorbed FE | Categories  - Redundant  = Num. Coefs |
-------------+---------------------------------------|
     isocode |        49           0          49     |
           y |        28           1          27     |
-----------------------------------------------------+
HET [C_region] Africa: b =    4.542 (se   1.223)  KP F =    20.2  N =    1230  countries = 49
(MWFE estimator converged in 6 iterations)

IV (2SLS) estimation
--------------------

Estimates efficient for homoskedasticity only
Statistics robust to heteroskedasticity

                                                      Number of obs =      683
                                                      F(  3,   625) =     7.33
                                                      Prob > F      =   0.0001
Total (centered) SS     =  38.90441121                Centered R2   =   0.2989
Total (uncentered) SS   =  38.90441121                Uncentered R2 =   0.2989
Residual SS             =  27.27501305                Root MSE      =    .2089

------------------------------------------------------------------------------
             |               Robust
  ln_co2_tot |      Coef.   Std. Err.      t    P>|t|     [95% Conf. Interval]
-------------+----------------------------------------------------------------
 ln_gaci_cwm |   2.925718    .809385     3.61   0.000     1.336274    4.515161
       lnpop |  -.3187259     .23193    -1.37   0.170    -.7741825    .1367306
   ln_sea_ma |   3.962045   2.196854     1.80   0.072     -.352063    8.276153
------------------------------------------------------------------------------
Underidentification test (Kleibergen-Paap rk LM statistic):             12.217
                                                   Chi-sq(1) P-val =    0.0005
------------------------------------------------------------------------------
Weak identification test (Cragg-Donald Wald F statistic):               14.111
                         (Kleibergen-Paap rk Wald F statistic):         14.113
Stock-Yogo weak ID test critical values: 10% maximal IV size             16.38
                                         15% maximal IV size              8.96
                                         20% maximal IV size              6.66
                                         25% maximal IV size              5.53
Source: Stock-Yogo (2005).  Reproduced by permission.
NB: Critical values are for Cragg-Donald F statistic and i.i.d. errors.
------------------------------------------------------------------------------
Hansen J statistic (overidentification test of all instruments):         0.000
                                                 (equation exactly identified)
------------------------------------------------------------------------------
Instrumented:         ln_gaci_cwm
Included instruments: lnpop ln_sea_ma
Excluded instruments: feyrer_int
Partialled-out:       _cons
                      nb: total SS, model F and R2s are after partialling-out;
                          any small-sample adjustments include partialled-out
                          variables in regressor count K
------------------------------------------------------------------------------

Absorbed degrees of freedom:
-----------------------------------------------------+
 Absorbed FE | Categories  - Redundant  = Num. Coefs |
-------------+---------------------------------------|
     isocode |        28           0          28     |
           y |        28           1          27     |
-----------------------------------------------------+
HET [C_region] LatAm: b =    2.926 (se   0.809)  KP F =    14.1  N =     683  countries = 28
(MWFE estimator converged in 5 iterations)

IV (2SLS) estimation
--------------------

Estimates efficient for homoskedasticity only
Statistics robust to heteroskedasticity

                                                      Number of obs =      344
                                                      F(  3,   301) =     0.02
                                                      Prob > F      =   0.9958
Total (centered) SS     =  187.9523472                Centered R2   = -9.9e+02
Total (uncentered) SS   =  187.9523472                Uncentered R2 = -9.9e+02
Residual SS             =  186432.0191                Root MSE      =    24.89

------------------------------------------------------------------------------
             |               Robust
  ln_co2_tot |      Coef.   Std. Err.      t    P>|t|     [95% Conf. Interval]
-------------+----------------------------------------------------------------
 ln_gaci_cwm |   290.0991   6415.244     0.05   0.964    -12334.31    12914.51
       lnpop |  -169.9413   3811.953    -0.04   0.964    -7671.394    7331.511
   ln_sea_ma |   300.7213   6584.867     0.05   0.964    -12657.48    13258.93
------------------------------------------------------------------------------
Underidentification test (Kleibergen-Paap rk LM statistic):              0.002
                                                   Chi-sq(1) P-val =    0.9626
------------------------------------------------------------------------------
Weak identification test (Cragg-Donald Wald F statistic):                0.006
                         (Kleibergen-Paap rk Wald F statistic):          0.002
Stock-Yogo weak ID test critical values: 10% maximal IV size             16.38
                                         15% maximal IV size              8.96
                                         20% maximal IV size              6.66
                                         25% maximal IV size              5.53
Source: Stock-Yogo (2005).  Reproduced by permission.
NB: Critical values are for Cragg-Donald F statistic and i.i.d. errors.
------------------------------------------------------------------------------
Hansen J statistic (overidentification test of all instruments):         0.000
                                                 (equation exactly identified)
------------------------------------------------------------------------------
Instrumented:         ln_gaci_cwm
Included instruments: lnpop ln_sea_ma
Excluded instruments: feyrer_int
Partialled-out:       _cons
                      nb: total SS, model F and R2s are after partialling-out;
                          any small-sample adjustments include partialled-out
                          variables in regressor count K
------------------------------------------------------------------------------

Absorbed degrees of freedom:
-----------------------------------------------------+
 Absorbed FE | Categories  - Redundant  = Num. Coefs |
-------------+---------------------------------------|
     isocode |        13           0          13     |
           y |        28           1          27     |
-----------------------------------------------------+
HET [C_region] MiddleEast: b =  290.099 (se 6415.244)  KP F =     0.0  N =     344  countries = 13
(MWFE estimator converged in 3 iterations)

IV (2SLS) estimation
--------------------

Estimates efficient for homoskedasticity only
Statistics robust to heteroskedasticity

                                                      Number of obs =       77
                                                      F(  3,    44) =     3.57
                                                      Prob > F      =   0.0214
Total (centered) SS     =  .6171477907                Centered R2   =  -0.8303
Total (uncentered) SS   =  .6171477907                Uncentered R2 =  -0.8303
Residual SS             =  1.129542711                Root MSE      =    .1602

------------------------------------------------------------------------------
             |               Robust
  ln_co2_tot |      Coef.   Std. Err.      t    P>|t|     [95% Conf. Interval]
-------------+----------------------------------------------------------------
 ln_gaci_cwm |  -2.560105   3.590047    -0.71   0.480     -9.79537     4.67516
       lnpop |   -5.87165   4.842664    -1.21   0.232     -15.6314    3.888099
   ln_sea_ma |  -55.34199   34.52347    -1.60   0.116    -124.9195    14.23548
------------------------------------------------------------------------------
Underidentification test (Kleibergen-Paap rk LM statistic):              1.605
                                                   Chi-sq(1) P-val =    0.2051
------------------------------------------------------------------------------
Weak identification test (Cragg-Donald Wald F statistic):                3.285
                         (Kleibergen-Paap rk Wald F statistic):          1.332
Stock-Yogo weak ID test critical values: 10% maximal IV size             16.38
                                         15% maximal IV size              8.96
                                         20% maximal IV size              6.66
                                         25% maximal IV size              5.53
Source: Stock-Yogo (2005).  Reproduced by permission.
NB: Critical values are for Cragg-Donald F statistic and i.i.d. errors.
------------------------------------------------------------------------------
Hansen J statistic (overidentification test of all instruments):         0.000
                                                 (equation exactly identified)
------------------------------------------------------------------------------
Instrumented:         ln_gaci_cwm
Included instruments: lnpop ln_sea_ma
Excluded instruments: feyrer_int
Partialled-out:       _cons
                      nb: total SS, model F and R2s are after partialling-out;
                          any small-sample adjustments include partialled-out
                          variables in regressor count K
------------------------------------------------------------------------------

Absorbed degrees of freedom:
-----------------------------------------------------+
 Absorbed FE | Categories  - Redundant  = Num. Coefs |
-------------+---------------------------------------|
     isocode |         3           0           3     |
           y |        28           1          27     |
-----------------------------------------------------+
HET [C_region] NorthAm: b =   -2.560 (se   3.590)  KP F =     1.3  N =      77  countries = 3

. 
. * =====================================================================
. * D) intensity outcome across income terciles
. * =====================================================================
. di _n "===== D) baseline income terciles (ln_intensity) ====="

===== D) baseline income terciles (ln_intensity) =====

. runcell `H' "D_intens" "inc_low" ln_intensity "inc3 == 1"
(MWFE estimator converged in 5 iterations)

IV (2SLS) estimation
--------------------

Estimates efficient for homoskedasticity only
Statistics robust to heteroskedasticity

                                                      Number of obs =     1596
                                                      F(  3,  1504) =    14.82
                                                      Prob > F      =   0.0000
Total (centered) SS     =  25.19088566                Centered R2   =  -0.1059
Total (uncentered) SS   =  25.19088566                Uncentered R2 =  -0.1059
Residual SS             =  27.85967205                Root MSE      =    .1361

------------------------------------------------------------------------------
             |               Robust
ln_intensity |      Coef.   Std. Err.      t    P>|t|     [95% Conf. Interval]
-------------+----------------------------------------------------------------
 ln_gaci_cwm |   -.725406   .2776836    -2.61   0.009    -1.270094   -.1807179
       lnpop |   .2332657   .0539355     4.32   0.000      .127469    .3390625
   ln_sea_ma |   -.240688   .2032348    -1.18   0.236    -.6393417    .1579656
------------------------------------------------------------------------------
Underidentification test (Kleibergen-Paap rk LM statistic):             35.294
                                                   Chi-sq(1) P-val =    0.0000
------------------------------------------------------------------------------
Weak identification test (Cragg-Donald Wald F statistic):               37.884
                         (Kleibergen-Paap rk Wald F statistic):         35.531
Stock-Yogo weak ID test critical values: 10% maximal IV size             16.38
                                         15% maximal IV size              8.96
                                         20% maximal IV size              6.66
                                         25% maximal IV size              5.53
Source: Stock-Yogo (2005).  Reproduced by permission.
NB: Critical values are for Cragg-Donald F statistic and i.i.d. errors.
------------------------------------------------------------------------------
Hansen J statistic (overidentification test of all instruments):         0.000
                                                 (equation exactly identified)
------------------------------------------------------------------------------
Instrumented:         ln_gaci_cwm
Included instruments: lnpop ln_sea_ma
Excluded instruments: feyrer_int
Partialled-out:       _cons
                      nb: total SS, model F and R2s are after partialling-out;
                          any small-sample adjustments include partialled-out
                          variables in regressor count K
------------------------------------------------------------------------------

Absorbed degrees of freedom:
-----------------------------------------------------+
 Absorbed FE | Categories  - Redundant  = Num. Coefs |
-------------+---------------------------------------|
     isocode |        62           0          62     |
           y |        28           1          27     |
-----------------------------------------------------+
HET [D_intens] inc_low: b =   -0.725 (se   0.278)  KP F =    35.5  N =    1596  countries = 62

. runcell `H' "D_intens" "inc_mid" ln_intensity "inc3 == 2"
(MWFE estimator converged in 5 iterations)

IV (2SLS) estimation
--------------------

Estimates efficient for homoskedasticity only
Statistics robust to heteroskedasticity

                                                      Number of obs =     1547
                                                      F(  3,  1456) =    14.21
                                                      Prob > F      =   0.0000
Total (centered) SS     =  24.67912541                Centered R2   =   0.1065
Total (uncentered) SS   =  24.67912541                Uncentered R2 =   0.1065
Residual SS             =  22.05164187                Root MSE      =    .1231

------------------------------------------------------------------------------
             |               Robust
ln_intensity |      Coef.   Std. Err.      t    P>|t|     [95% Conf. Interval]
-------------+----------------------------------------------------------------
 ln_gaci_cwm |  -.3717752   .2413539    -1.54   0.124    -.8452138    .1016633
       lnpop |   .1157957    .058983     1.96   0.050     .0000949    .2314964
   ln_sea_ma |    .046882   .3913078     0.12   0.905    -.7207052    .8144692
------------------------------------------------------------------------------
Underidentification test (Kleibergen-Paap rk LM statistic):             48.382
                                                   Chi-sq(1) P-val =    0.0000
------------------------------------------------------------------------------
Weak identification test (Cragg-Donald Wald F statistic):               66.861
                         (Kleibergen-Paap rk Wald F statistic):         48.192
Stock-Yogo weak ID test critical values: 10% maximal IV size             16.38
                                         15% maximal IV size              8.96
                                         20% maximal IV size              6.66
                                         25% maximal IV size              5.53
Source: Stock-Yogo (2005).  Reproduced by permission.
NB: Critical values are for Cragg-Donald F statistic and i.i.d. errors.
------------------------------------------------------------------------------
Hansen J statistic (overidentification test of all instruments):         0.000
                                                 (equation exactly identified)
------------------------------------------------------------------------------
Instrumented:         ln_gaci_cwm
Included instruments: lnpop ln_sea_ma
Excluded instruments: feyrer_int
Partialled-out:       _cons
                      nb: total SS, model F and R2s are after partialling-out;
                          any small-sample adjustments include partialled-out
                          variables in regressor count K
------------------------------------------------------------------------------

Absorbed degrees of freedom:
-----------------------------------------------------+
 Absorbed FE | Categories  - Redundant  = Num. Coefs |
-------------+---------------------------------------|
     isocode |        61           0          61     |
           y |        28           1          27     |
-----------------------------------------------------+
HET [D_intens] inc_mid: b =   -0.372 (se   0.241)  KP F =    48.2  N =    1547  countries = 61

. runcell `H' "D_intens" "inc_high" ln_intensity "inc3 == 3"
(dropped 1 singleton observations)
(MWFE estimator converged in 6 iterations)

IV (2SLS) estimation
--------------------

Estimates efficient for homoskedasticity only
Statistics robust to heteroskedasticity

                                                      Number of obs =     1491
                                                      F(  3,  1402) =     0.95
                                                      Prob > F      =   0.4147
Total (centered) SS     =  15.68897829                Centered R2   =  -0.7404
Total (uncentered) SS   =  15.68897829                Uncentered R2 =  -0.7404
Residual SS             =  27.30443088                Root MSE      =    .1396

------------------------------------------------------------------------------
             |               Robust
ln_intensity |      Coef.   Std. Err.      t    P>|t|     [95% Conf. Interval]
-------------+----------------------------------------------------------------
 ln_gaci_cwm |   1.054281    .718118     1.47   0.142    -.3544205    2.462982
       lnpop |  -.4871694   .3577315    -1.36   0.173    -1.188916    .2145773
   ln_sea_ma |   1.703547   1.217821     1.40   0.162    -.6854013    4.092496
------------------------------------------------------------------------------
Underidentification test (Kleibergen-Paap rk LM statistic):              9.831
                                                   Chi-sq(1) P-val =    0.0017
------------------------------------------------------------------------------
Weak identification test (Cragg-Donald Wald F statistic):                8.181
                         (Kleibergen-Paap rk Wald F statistic):         10.143
Stock-Yogo weak ID test critical values: 10% maximal IV size             16.38
                                         15% maximal IV size              8.96
                                         20% maximal IV size              6.66
                                         25% maximal IV size              5.53
Source: Stock-Yogo (2005).  Reproduced by permission.
NB: Critical values are for Cragg-Donald F statistic and i.i.d. errors.
------------------------------------------------------------------------------
Hansen J statistic (overidentification test of all instruments):         0.000
                                                 (equation exactly identified)
------------------------------------------------------------------------------
Instrumented:         ln_gaci_cwm
Included instruments: lnpop ln_sea_ma
Excluded instruments: feyrer_int
Partialled-out:       _cons
                      nb: total SS, model F and R2s are after partialling-out;
                          any small-sample adjustments include partialled-out
                          variables in regressor count K
------------------------------------------------------------------------------

Absorbed degrees of freedom:
-----------------------------------------------------+
 Absorbed FE | Categories  - Redundant  = Num. Coefs |
-------------+---------------------------------------|
     isocode |        59           0          59     |
           y |        28           1          27     |
-----------------------------------------------------+
HET [D_intens] inc_high: b =    1.054 (se   0.718)  KP F =    10.1  N =    1491  countries = 59

. 
. postclose `H'

. use "_feyrer_hetero_tot_post.dta", clear

. export delimited "_feyrer_hetero_tot.csv", replace
file _feyrer_hetero_tot.csv saved

. erase "_feyrer_hetero_tot_post.dta"

. list, clean noobs

       panel           grp           b         se          p        KPF      N   Nc  
    A_income       inc_low    9.427492   1.130583   7.52e-17   35.53067   1596   62  
    A_income       inc_mid    6.118232    .818719   7.84e-14   48.19232   1547   61  
    A_income      inc_high    1.886362   .9843527   .0553208   10.14257   1491   59  
    A_income   interact_hi   -3.256887   .2271818          0   69.66017   4634    .  
      B_conn       con_low    7.480959   .6533161   2.33e-30   117.6181   1453   61  
      B_conn       con_mid    5.067699   .8753344   7.06e-09   29.87913   1526   60  
      B_conn      con_high    4.034729    2.12939   .0581214   1.835084   1655   61  
      B_conn   interact_hi   -1.997025   .2504421   1.54e-15    71.5356   4634    .  
    C_region        Europe   -.4660342   .5864972   .4268427   52.76377   1190   44  
    C_region   AsiaPacific    5.053216   .6447874   4.61e-15   64.39382   1110   45  
    C_region        Africa    4.542007   1.222643   .0002033   20.22622   1230   49  
    C_region         LatAm    2.925718   .8093849   .0003006   14.11335    683   28  
    C_region    MiddleEast    290.0991   6415.244   .9639317   .0019455    344   13  
    C_region       NorthAm   -2.560105   3.590047   .4757765   1.331574     77    3  
    D_intens       inc_low    -.725406   .2776836   .0089923   35.53067   1596   62  
    D_intens       inc_mid   -.3717752   .2413539   .1234693   48.19232   1547   61  
    D_intens      inc_high    1.054281    .718118   .1420725   10.14257   1491   59  

. 
end of do-file
