
  ___  ____  ____  ____  ____ (R)
 /__    /   ____/   /   ____/
___/   /   /___/   /   /___/   16.1   Copyright 1985-2019 StataCorp LLC
  Statistics/Data analysis            StataCorp
                                      4905 Lakeway Drive
     MP - Parallel Edition            College Station, Texas 77845 USA
                                      800-STATA-PC        https://www.stata.com
                                      979-696-4600        stata@stata.com
                                      979-696-4601 (fax)

Stata license: Single-user 12-core  perpetual
Serial number: 501606210961
  Licensed to: Sunbin Yoo
               Kyushu University

Notes:
      1. Stata is running in batch mode.
      2. Unicode is supported; see help unicode_advice.
      3. More than 2 billion observations are allowed; see help obs_advice.
      4. Maximum number of variables is set to 5,000; see help set_maxvar.

. do co2_decomp_hetero_cl.do 

. * COUNTRY-CLUSTERED COPY generated by _make_cl_dofiles.py on 2026-09-03 from 
> co2_decomp_hetero.do (vce -> cluster(isocode); outputs *_cl.csv)
. *============================================================================
> ==
. * co2_decomp_hetero.do   (LZ comment 1, 2026-09-03)
. * Identity decomposition of the CO2 elasticity, extended:
. *   (A) by baseline income tercile (split samples, common sample per block)
. *   (B) by baseline connectivity tercile
. *   (C) international vs domestic segment (each its own identity)
. * Identity per segment S:  CO2_S = flights_S x (seats/flight)_S x (km/seat)_S
. *                                   x (CO2/seat-km)_S
. * Spec: ivreghdfe y lnpop ln_sea_ma (ln_gaci_cwm = feyrer_int), absorb(isocod
> e y) cluster(isocode)
. * Exports: _decomp_hetero.csv (block, grp, seg, outc, b, se, p, kpf, nn)
. *============================================================================
> ==
. clear all

. set more off

. set varabbrev off

. set linesize 255

. version 14

. cd "C:/Users/sunbi/managi-lab Dropbox/Sunbin Yoo/Research Box ^-^/2026/GACI/GACI_CO2"
C:\Users\sunbi\managi-lab Dropbox\Sunbin Yoo\Research Box ^-^\2026\GACI\GACI_CO2

. 
. import delimited "co2_country_year.csv", clear varnames(1) encoding("utf-8")
(20 vars, 6,777 obs)

. keep iso3 year co2_bunker co2_bunker_intl dep_seat_km n_dep_flights dep_seats n_dep_flights_intl dep_seats_intl dep_seat_km_intl

. rename iso3 c

. rename year y

. tempfile co2

. save `co2'
file C:\Users\sunbi\AppData\Local\Temp\ST_76c0_000001.tmp saved

. 
. import delimited "../gaci_panel_combined.csv", clear varnames(1) encoding("utf-8")
(44 vars, 4,643 obs)

. ds c reg, not
y             lngdp         ln_gaci_mean  gaci_mean     unesco_cum~t  lnpc          abslat        deg_mean      close_sum     betw_mean     cap_sum       nat_endow     tourism_int   feyrer_int
trade_share   lng           lncap         ln_unesco     lnz           lnpop         n_air         eig_sum       close_mean    regimp_sum    cap_mean      merch_share   tourism_cum   ln_sea_ma
ln_tradevol   ln_gaci_cwm   gaci_cwmean   unesco_cum    lnz_own       lnland        deg_sum       eig_mean      betw_sum      regimp_mean   tour_shift    merch_inte~y  ln_remote     ln_air_ma

. destring `r(varlist)', replace force
y already numeric; no replace
trade_share already numeric; no replace
ln_tradevol already numeric; no replace
lngdp already numeric; no replace
lng already numeric; no replace
ln_gaci_cwm already numeric; no replace
ln_gaci_mean already numeric; no replace
lncap already numeric; no replace
gaci_cwmean already numeric; no replace
gaci_mean already numeric; no replace
ln_unesco already numeric; no replace
unesco_cum already numeric; no replace
unesco_cum_nat already numeric; no replace
lnz already numeric; no replace
lnz_own already numeric; no replace
lnpc already numeric; no replace
lnpop already numeric; no replace
lnland already numeric; no replace
abslat already numeric; no replace
n_air already numeric; no replace
deg_sum already numeric; no replace
deg_mean already numeric; no replace
eig_sum already numeric; no replace
eig_mean already numeric; no replace
close_sum already numeric; no replace
close_mean already numeric; no replace
betw_sum already numeric; no replace
betw_mean already numeric; no replace
regimp_sum already numeric; no replace
regimp_mean already numeric; no replace
cap_sum already numeric; no replace
cap_mean already numeric; no replace
tour_shift already numeric; no replace
nat_endow already numeric; no replace
merch_share already numeric; no replace
merch_intensity already numeric; no replace
tourism_int already numeric; no replace
tourism_cum already numeric; no replace
ln_remote already numeric; no replace
feyrer_int already numeric; no replace
ln_sea_ma already numeric; no replace
ln_air_ma already numeric; no replace

. merge 1:1 c y using `co2', keep(1 3) nogenerate

    Result                           # of obs.
    -----------------------------------------
    not matched                             0
    matched                             4,643  
    -----------------------------------------

. encode c, gen(isocode)

. xtset isocode y
       panel variable:  isocode (unbalanced)
        time variable:  y, 1996 to 2023, but with gaps
                delta:  1 unit

. 
. * ---- segments: tot / intl / dom ----
. gen co2_dom = co2_bunker - co2_bunker_intl

. gen fl_dom = n_dep_flights - n_dep_flights_intl

. gen st_dom = dep_seats - dep_seats_intl

. gen skm_dom = dep_seat_km - dep_seat_km_intl

. 
. gen ln_co2_tot = ln(co2_bunker) if co2_bunker > 0

. gen ln_flights_tot = ln(n_dep_flights) if n_dep_flights > 0

. gen ln_gauge_tot = ln(dep_seats/n_dep_flights) if n_dep_flights > 0 & dep_seats > 0

. gen ln_stage_tot = ln(dep_seat_km/dep_seats) if dep_seats > 0 & dep_seat_km > 0

. gen ln_intensity_tot = ln(co2_bunker/dep_seat_km) if co2_bunker > 0 & dep_seat_km > 0

. 
. gen ln_co2_intl = ln(co2_bunker_intl) if co2_bunker_intl > 0

. gen ln_flights_intl = ln(n_dep_flights_intl) if n_dep_flights_intl > 0

. gen ln_gauge_intl = ln(dep_seats_intl/n_dep_flights_intl) if n_dep_flights_intl > 0 & dep_seats_intl > 0

. gen ln_stage_intl = ln(dep_seat_km_intl/dep_seats_intl) if dep_seats_intl > 0 & dep_seat_km_intl > 0

. gen ln_intensity_intl = ln(co2_bunker_intl/dep_seat_km_intl) if co2_bunker_intl > 0 & dep_seat_km_intl > 0

. 
. gen ln_co2_dom = ln(co2_dom) if co2_dom > 0
(1,066 missing values generated)

. gen ln_flights_dom = ln(fl_dom) if fl_dom > 0
(1,066 missing values generated)

. gen ln_gauge_dom = ln(st_dom/fl_dom) if fl_dom > 0 & st_dom > 0
(1,072 missing values generated)

. gen ln_stage_dom = ln(skm_dom/st_dom) if st_dom > 0 & skm_dom > 0
(1,082 missing values generated)

. gen ln_intensity_dom = ln(co2_dom/skm_dom) if co2_dom > 0 & skm_dom > 0
(1,082 missing values generated)

. 
. * ---- baseline groups (as in co2_feyrer_hetero.do) ----
. bysort isocode (y): gen byte first_pc = sum(!missing(lnpc)) == 1 & !missing(lnpc)

. gen lnpc0_ = lnpc if first_pc
(4,459 missing values generated)

. bysort isocode (lnpc0_): gen lnpc0 = lnpc0_[1]

. drop lnpc0_ first_pc

. bysort isocode (y): gen byte first_g = sum(!missing(gaci_cwmean)) == 1 & !missing(gaci_cwmean)

. gen g0_ = gaci_cwmean if first_g
(4,459 missing values generated)

. bysort isocode (g0_): gen gaci0 = g0_[1]

. drop g0_ first_g

. preserve

. bysort isocode: keep if _n == 1
(4,459 observations deleted)

. xtile inc3 = lnpc0, nq(3)

. xtile con3 = gaci0, nq(3)

. keep isocode inc3 con3

. tempfile grp

. save `grp'
file C:\Users\sunbi\AppData\Local\Temp\ST_76c0_000003.tmp saved

. restore

. merge m:1 isocode using `grp', nogenerate
(label isocode already defined)

    Result                           # of obs.
    -----------------------------------------
    not matched                             0
    matched                             4,643  
    -----------------------------------------

. 
. capture which ivreghdfe

. if _rc {
.     ssc install ftools, replace
.     ssc install reghdfe, replace
.     ssc install ivreghdfe, replace
. }

. 
. * common samples per segment
. foreach S in tot intl dom {
  2.     gen byte ok_`S' = !missing(ln_co2_`S') & !missing(ln_flights_`S') & !missing(ln_gauge_`S') & !missing(ln_stage_`S') & !missing(ln_intensity_`S') & !missing(lnpop) & !missing(ln_sea_ma) & !missing(feyrer_int) & !missing(ln_gaci_cwm)
  3. }

. 
. tempname M

. postfile `M' str12 block str12 grp str6 seg str16 outc double(b se p kpf) long(nn) using "_decomp_tmp_cl", replace
(note: file _decomp_tmp_cl.dta not found)

. 
. program define runblock
  1.     args block grp seg cond
  2.     foreach comp in co2 flights gauge stage intensity {
  3.         quietly ivreghdfe ln_`comp'_`seg' lnpop ln_sea_ma (ln_gaci_cwm = feyrer_int) if ok_`seg' & (`cond'), absorb(isocode y) cluster(isocode)
  4.         local bb = _b[ln_gaci_cwm]
  5.         local sse = _se[ln_gaci_cwm]
  6.         local pp = 2*normal(-abs(`bb'/`sse'))
  7.         di "DECOMP `block' `grp' `seg' `comp': b = " %9.3f `bb' " (se " %8.3f `sse' ")  KP F = " %7.1f e(widstat) "  N = " %8.0f e(N)
  8.         post $MH ("`block'") ("`grp'") ("`seg'") ("ln_`comp'") (`bb') (`sse') (`pp') (e(widstat)) (e(N))
  9.     }
 10. end

. global MH `M'

. 
. * (A) income terciles, total segment
. runblock A_income all tot "1==1"
DECOMP A_income all tot co2: b =     5.347 (se    1.076)  KP F =    18.4  N =     4634
DECOMP A_income all tot flights: b =     6.760 (se    1.367)  KP F =    18.4  N =     4634
DECOMP A_income all tot gauge: b =    -0.336 (se    0.432)  KP F =    18.4  N =     4634
DECOMP A_income all tot stage: b =    -0.782 (se    0.569)  KP F =    18.4  N =     4634
DECOMP A_income all tot intensity: b =    -0.294 (se    0.286)  KP F =    18.4  N =     4634

. runblock A_income inc_low tot "inc3==1"
DECOMP A_income inc_low tot co2: b =     9.427 (se    2.652)  KP F =     4.8  N =     1596
DECOMP A_income inc_low tot flights: b =     8.478 (se    2.657)  KP F =     4.8  N =     1596
DECOMP A_income inc_low tot gauge: b =     0.608 (se    0.930)  KP F =     4.8  N =     1596
DECOMP A_income inc_low tot stage: b =     1.067 (se    1.030)  KP F =     4.8  N =     1596
DECOMP A_income inc_low tot intensity: b =    -0.725 (se    0.701)  KP F =     4.8  N =     1596

. runblock A_income inc_mid tot "inc3==2"
DECOMP A_income inc_mid tot co2: b =     6.118 (se    2.115)  KP F =     5.7  N =     1547
DECOMP A_income inc_mid tot flights: b =     8.568 (se    3.262)  KP F =     5.7  N =     1547
DECOMP A_income inc_mid tot gauge: b =    -0.419 (se    0.891)  KP F =     5.7  N =     1547
DECOMP A_income inc_mid tot stage: b =    -1.659 (se    1.260)  KP F =     5.7  N =     1547
DECOMP A_income inc_mid tot intensity: b =    -0.372 (se    0.536)  KP F =     5.7  N =     1547

. runblock A_income inc_high tot "inc3==3"
DECOMP A_income inc_high tot co2: b =     1.886 (se    2.437)  KP F =     1.7  N =     1491
DECOMP A_income inc_high tot flights: b =     7.957 (se    5.989)  KP F =     1.7  N =     1491
DECOMP A_income inc_high tot gauge: b =    -2.980 (se    2.856)  KP F =     1.7  N =     1491
DECOMP A_income inc_high tot stage: b =    -4.145 (se    4.402)  KP F =     1.7  N =     1491
DECOMP A_income inc_high tot intensity: b =     1.054 (se    1.501)  KP F =     1.7  N =     1491

. * (B) connectivity terciles, total segment
. runblock B_conn con_low tot "con3==1"
DECOMP B_conn con_low tot co2: b =     7.481 (se    1.695)  KP F =    16.4  N =     1453
DECOMP B_conn con_low tot flights: b =     8.606 (se    2.144)  KP F =    16.4  N =     1453
DECOMP B_conn con_low tot gauge: b =    -0.080 (se    0.589)  KP F =    16.4  N =     1453
DECOMP B_conn con_low tot stage: b =    -0.314 (se    0.557)  KP F =    16.4  N =     1453
DECOMP B_conn con_low tot intensity: b =    -0.731 (se    0.448)  KP F =    16.4  N =     1453

. runblock B_conn con_mid tot "con3==2"
DECOMP B_conn con_mid tot co2: b =     5.068 (se    2.497)  KP F =     3.7  N =     1526
DECOMP B_conn con_mid tot flights: b =     6.002 (se    2.739)  KP F =     3.7  N =     1526
DECOMP B_conn con_mid tot gauge: b =    -0.107 (se    0.839)  KP F =     3.7  N =     1526
DECOMP B_conn con_mid tot stage: b =    -0.779 (se    1.767)  KP F =     3.7  N =     1526
DECOMP B_conn con_mid tot intensity: b =    -0.048 (se    0.713)  KP F =     3.7  N =     1526

. runblock B_conn con_high tot "con3==3"
DECOMP B_conn con_high tot co2: b =     4.035 (se    5.735)  KP F =     0.2  N =     1655
DECOMP B_conn con_high tot flights: b =    18.927 (se   36.656)  KP F =     0.2  N =     1655
DECOMP B_conn con_high tot gauge: b =    -8.199 (se   18.809)  KP F =     0.2  N =     1655
DECOMP B_conn con_high tot stage: b =    -8.519 (se   19.549)  KP F =     0.2  N =     1655
DECOMP B_conn con_high tot intensity: b =     1.826 (se    4.878)  KP F =     0.2  N =     1655

. * (C) segments, full sample
. runblock C_segment all intl "1==1"
DECOMP C_segment all intl co2: b =     5.192 (se    1.043)  KP F =    18.4  N =     4634
DECOMP C_segment all intl flights: b =     5.585 (se    1.043)  KP F =    18.4  N =     4634
DECOMP C_segment all intl gauge: b =     0.525 (se    0.366)  KP F =    18.4  N =     4634
DECOMP C_segment all intl stage: b =    -0.458 (se    0.522)  KP F =    18.4  N =     4634
DECOMP C_segment all intl intensity: b =    -0.460 (se    0.301)  KP F =    18.4  N =     4634

. runblock C_segment all dom "1==1"
DECOMP C_segment all dom co2: b =    -0.755 (se    2.741)  KP F =    11.4  N =     3558
DECOMP C_segment all dom flights: b =     0.707 (se    2.759)  KP F =    11.4  N =     3558
DECOMP C_segment all dom gauge: b =    -0.151 (se    0.968)  KP F =    11.4  N =     3558
DECOMP C_segment all dom stage: b =    -1.147 (se    0.550)  KP F =    11.4  N =     3558
DECOMP C_segment all dom intensity: b =    -0.164 (se    0.554)  KP F =    11.4  N =     3558

. * (C2) segments by income (low vs high) for the international segment
. runblock C_segment inc_low intl "inc3==1"
DECOMP C_segment inc_low intl co2: b =     9.850 (se    2.870)  KP F =     4.8  N =     1596
DECOMP C_segment inc_low intl flights: b =     8.453 (se    2.578)  KP F =     4.8  N =     1596
DECOMP C_segment inc_low intl gauge: b =     0.740 (se    0.826)  KP F =     4.8  N =     1596
DECOMP C_segment inc_low intl stage: b =     1.633 (se    0.981)  KP F =     4.8  N =     1596
DECOMP C_segment inc_low intl intensity: b =    -0.976 (se    0.862)  KP F =     4.8  N =     1596

. runblock C_segment inc_high intl "inc3==3"
DECOMP C_segment inc_high intl co2: b =     0.594 (se    2.749)  KP F =     1.7  N =     1491
DECOMP C_segment inc_high intl flights: b =     6.441 (se    4.147)  KP F =     1.7  N =     1491
DECOMP C_segment inc_high intl gauge: b =    -0.967 (se    1.672)  KP F =     1.7  N =     1491
DECOMP C_segment inc_high intl stage: b =    -5.271 (se    4.738)  KP F =     1.7  N =     1491
DECOMP C_segment inc_high intl intensity: b =     0.390 (se    1.270)  KP F =     1.7  N =     1491

. 
. postclose `M'

. preserve

. use "_decomp_tmp_cl", clear

. list, clean noobs

        block        grp    seg           outc            b          se           p         kpf     nn  
     A_income        all    tot         ln_co2    5.3470217   1.0756074   6.655e-07   18.436201   4634  
     A_income        all    tot     ln_flights    6.7595267   1.3670656   7.632e-07   18.436201   4634  
     A_income        all    tot       ln_gauge   -.33627856     .431582   .43587574   18.436201   4634  
     A_income        all    tot       ln_stage   -.78208052   .56873387    .1690925   18.436201   4634  
     A_income        all    tot   ln_intensity   -.29414667   .28591756    .3035824   18.436201   4634  
     A_income    inc_low    tot         ln_co2    9.4274926   2.6517323   .00037766    4.814987   1596  
     A_income    inc_low    tot     ln_flights    8.4783774   2.6574556    .0014207    4.814987   1596  
     A_income    inc_low    tot       ln_gauge    .60769829   .93019935   .51356354    4.814987   1596  
     A_income    inc_low    tot       ln_stage    1.0668232    1.029942   .30029127    4.814987   1596  
     A_income    inc_low    tot   ln_intensity   -.72541027   .70113269    .3008435    4.814987   1596  
     A_income    inc_mid    tot         ln_co2    6.1182324   2.1150448   .00381922    5.713852   1547  
     A_income    inc_mid    tot     ln_flights    8.5677036   3.2623188   .00863284    5.713852   1547  
     A_income    inc_mid    tot       ln_gauge   -.41888088   .89148316   .63844815    5.713852   1547  
     A_income    inc_mid    tot       ln_stage   -1.6588157   1.2603759   .18813116    5.713852   1547  
     A_income    inc_mid    tot   ln_intensity   -.37177378   .53644307   .48828763    5.713852   1547  
     A_income   inc_high    tot         ln_co2    1.8863624   2.4370604   .43891196   1.6631329   1491  
     A_income   inc_high    tot     ln_flights    7.9568195   5.9888028   .18397468   1.6631329   1491  
     A_income   inc_high    tot       ln_gauge   -2.9796941   2.8564808   .29688593   1.6631329   1491  
     A_income   inc_high    tot       ln_stage   -4.1450445   4.4023952   .34642665   1.6631329   1491  
     A_income   inc_high    tot   ln_intensity    1.0542802   1.5013483   .48254055   1.6631329   1491  
       B_conn    con_low    tot         ln_co2    7.4809588   1.6948229   .00001015   16.437127   1453  
       B_conn    con_low    tot     ln_flights    8.6063439   2.1437121   .00005952   16.437127   1453  
       B_conn    con_low    tot       ln_gauge   -.07971516   .58895567   .89233515   16.437127   1453  
       B_conn    con_low    tot       ln_stage   -.31438177   .55723435   .57263005   16.437127   1453  
       B_conn    con_low    tot   ln_intensity    -.7312887   .44787554   .10251223   16.437127   1453  
       B_conn    con_mid    tot         ln_co2    5.0676989   2.4972076   .04242303    3.746704   1526  
       B_conn    con_mid    tot     ln_flights    6.0015788   2.7393919   .02846312    3.746704   1526  
       B_conn    con_mid    tot       ln_gauge   -.10716667    .8386433   .89831852    3.746704   1526  
       B_conn    con_mid    tot       ln_stage   -.77896822   1.7668629   .65930245    3.746704   1526  
       B_conn    con_mid    tot   ln_intensity   -.04774656   .71283839    .9465969    3.746704   1526  
       B_conn   con_high    tot         ln_co2    4.0347285    5.735415   .48175897   .20715664   1655  
       B_conn   con_high    tot     ln_flights    18.926932   36.656417   .60562158   .20715664   1655  
       B_conn   con_high    tot       ln_gauge    -8.198707   18.809415   .66292152   .20715664   1655  
       B_conn   con_high    tot       ln_stage   -8.5190455   19.549197    .6630002   .20715664   1655  
       B_conn   con_high    tot   ln_intensity    1.8255482   4.8775116   .70819706   .20715664   1655  
    C_segment        all   intl         ln_co2    5.1918527   1.0430152   6.433e-07   18.436201   4634  
    C_segment        all   intl     ln_flights    5.5853768   1.0431784   8.594e-08   18.436201   4634  
    C_segment        all   intl       ln_gauge     .5246339   .36602369   .15176265   18.436201   4634  
    C_segment        all   intl       ln_stage    -.4579379   .52189387   .38024006   18.436201   4634  
    C_segment        all   intl   ln_intensity   -.46021983   .30141664   .12679681   18.436201   4634  
    C_segment        all    dom         ln_co2   -.75479706   2.7406966   .78300636   11.380658   3558  
    C_segment        all    dom     ln_flights    .70746991   2.7591056   .79763213   11.380658   3558  
    C_segment        all    dom       ln_gauge   -.15065215   .96808868   .87633404   11.380658   3558  
    C_segment        all    dom       ln_stage   -1.1472077   .54986937   .03694895   11.380658   3558  
    C_segment        all    dom   ln_intensity   -.16440665   .55391196   .76661151   11.380658   3558  
    C_segment    inc_low   intl         ln_co2    9.8498891    2.870209   .00059966    4.814987   1596  
    C_segment    inc_low   intl     ln_flights    8.4529212   2.5779702    .0010421    4.814987   1596  
    C_segment    inc_low   intl       ln_gauge    .74008086   .82592316   .37021804    4.814987   1596  
    C_segment    inc_low   intl       ln_stage    1.6331789   .98077838   .09587556    4.814987   1596  
    C_segment    inc_low   intl   ln_intensity   -.97629231   .86154626   .25713608    4.814987   1596  
    C_segment   inc_high   intl         ln_co2    .59412653   2.7492504   .82890597   1.6631329   1491  
    C_segment   inc_high   intl     ln_flights    6.4413852   4.1465639   .12032111   1.6631329   1491  
    C_segment   inc_high   intl       ln_gauge   -.96660066   1.6718037   .56314373   1.6631329   1491  
    C_segment   inc_high   intl       ln_stage   -5.2709571   4.7381605   .26594558   1.6631329   1491  
    C_segment   inc_high   intl   ln_intensity    .39030164   1.2698205   .75856361   1.6631329   1491  

. export delimited "_decomp_hetero_cl.csv", replace
file _decomp_hetero_cl.csv saved

. restore

. erase "_decomp_tmp_cl.dta"

. 
. di _n "DONE_DECOMP_HETERO"

DONE_DECOMP_HETERO

. 
end of do-file
