
  ___  ____  ____  ____  ____ (R)
 /__    /   ____/   /   ____/
___/   /   /___/   /   /___/   16.1   Copyright 1985-2019 StataCorp LLC
  Statistics/Data analysis            StataCorp
                                      4905 Lakeway Drive
     MP - Parallel Edition            College Station, Texas 77845 USA
                                      800-STATA-PC        https://www.stata.com
                                      979-696-4600        stata@stata.com
                                      979-696-4601 (fax)

Stata license: Single-user 12-core  perpetual
Serial number: 501606210961
  Licensed to: Sunbin Yoo
               Kyushu University

Notes:
      1. Stata is running in batch mode.
      2. Unicode is supported; see help unicode_advice.
      3. More than 2 billion observations are allowed; see help obs_advice.
      4. Maximum number of variables is set to 5,000; see help set_maxvar.

. do co2_country_sizecheck2.do 

. *============================================================================
> ==
. * co2_country_sizecheck2.do
. * Decompose the size-x-cycle stress test: economic size (GDP, pop) vs
. * aviation-capacity baseline (quasi-endogenous: GACI is built from capacity,
. * so a_t x ln(cap96) partials out the treatment's own persistence).
. * Also: baseline FS on the restricted 1996 sample for a fair comparison, and
. * the headline 2SLS under the economic-size cycles.
. *============================================================================
> ==
. clear all

. set more off

. set varabbrev off

. set linesize 255

. version 14

. cd "C:/Users/sunbi/managi-lab Dropbox/Sunbin Yoo/Research Box ^-^/2026/GACI/GACI_CO2"
C:\Users\sunbi\managi-lab Dropbox\Sunbin Yoo\Research Box ^-^\2026\GACI\GACI_CO2

. 
. import delimited "gaci_co2_panel.csv", clear varnames(1) encoding("utf-8")
(73 vars, 4,643 obs)

. ds c reg, not
y             lng           gaci_cwmean   unesco_cum~t  lnpop         deg_sum       close_sum     regimp_sum    tour_shift    tourism_int   mix_e         z_cult        dep_seats     arr_co2_cr~g  n_dep_flig~l  dep_co2_cr~l  co2_5050_i~l  ln_co2_bun~l
trade_share   ln_gaci_cwm   gaci_mean     lnz           lnland        deg_mean      close_mean    regimp_mean   nat_endow     tourism_cum   cult_e        gaci_max      dep_seat_km   co2_lto       dep_seats_~l  arr_co2_cr~l  ln_co2_bun~r  ln_seatkm
ln_tradevol   ln_gaci_mean  ln_unesco     lnz_own       abslat        eig_sum       betw_sum      cap_sum       merch_share   ln_remote     z_nat         ln_gaci_max   n_arr_flig~s  co2_bunker    dep_seat_k~l  co2_lto_intl  ln_co2_lto    ln_flights
lngdp         lncap         unesco_cum    lnpc          n_air         eig_mean      betw_mean     cap_mean      merch_inte~y  nat_e         z_mix         n_dep_flig~s  dep_co2_cr~g  co2_5050      n_arr_flig~l  co2_bunker~l  ln_co2_5050

. destring `r(varlist)', replace force
y already numeric; no replace
trade_share already numeric; no replace
ln_tradevol already numeric; no replace
lngdp already numeric; no replace
lng already numeric; no replace
ln_gaci_cwm already numeric; no replace
ln_gaci_mean already numeric; no replace
lncap already numeric; no replace
gaci_cwmean already numeric; no replace
gaci_mean already numeric; no replace
ln_unesco already numeric; no replace
unesco_cum already numeric; no replace
unesco_cum_nat already numeric; no replace
lnz already numeric; no replace
lnz_own already numeric; no replace
lnpc already numeric; no replace
lnpop already numeric; no replace
lnland already numeric; no replace
abslat already numeric; no replace
n_air already numeric; no replace
deg_sum already numeric; no replace
deg_mean already numeric; no replace
eig_sum already numeric; no replace
eig_mean already numeric; no replace
close_sum already numeric; no replace
close_mean already numeric; no replace
betw_sum already numeric; no replace
betw_mean already numeric; no replace
regimp_sum already numeric; no replace
regimp_mean already numeric; no replace
cap_sum already numeric; no replace
cap_mean already numeric; no replace
tour_shift already numeric; no replace
nat_endow already numeric; no replace
merch_share already numeric; no replace
merch_intensity already numeric; no replace
tourism_int already numeric; no replace
tourism_cum already numeric; no replace
ln_remote already numeric; no replace
nat_e already numeric; no replace
mix_e already numeric; no replace
cult_e already numeric; no replace
z_nat already numeric; no replace
z_mix already numeric; no replace
z_cult already numeric; no replace
gaci_max already numeric; no replace
ln_gaci_max already numeric; no replace
n_dep_flights already numeric; no replace
dep_seats already numeric; no replace
dep_seat_km already numeric; no replace
n_arr_flights already numeric; no replace
dep_co2_cruise_kg already numeric; no replace
arr_co2_cruise_kg already numeric; no replace
co2_lto already numeric; no replace
co2_bunker already numeric; no replace
co2_5050 already numeric; no replace
n_dep_flights_intl already numeric; no replace
dep_seats_intl already numeric; no replace
dep_seat_km_intl already numeric; no replace
n_arr_flights_intl already numeric; no replace
dep_co2_cruise_kg_intl already numeric; no replace
arr_co2_cruise_kg_intl already numeric; no replace
co2_lto_intl already numeric; no replace
co2_bunker_intl already numeric; no replace
co2_5050_intl already numeric; no replace
ln_co2_bunker already numeric; no replace
ln_co2_lto already numeric; no replace
ln_co2_5050 already numeric; no replace
ln_co2_bunker_intl already numeric; no replace
ln_seatkm already numeric; no replace
ln_flights already numeric; no replace

. encode c, gen(isocode)

. xtset isocode y
       panel variable:  isocode (unbalanced)
        time variable:  y, 1996 to 2023, but with gaps
                delta:  1 unit

. 
. gen tmp = ln(cap_sum) if y==1996
(4,493 missing values generated)

. bysort isocode: egen lncap96 = max(tmp)
(522 missing values generated)

. drop tmp

. gen tmp = lngdp if y==1996
(4,493 missing values generated)

. bysort isocode: egen lngdp96 = max(tmp)
(522 missing values generated)

. drop tmp

. gen tmp = lnpop if y==1996
(4,493 missing values generated)

. bysort isocode: egen lnpop96 = max(tmp)
(522 missing values generated)

. drop tmp

. 
. gen at_lncap = tour_shift * lncap96
(522 missing values generated)

. gen at_lngdp = tour_shift * lngdp96
(522 missing values generated)

. gen at_lnpop = tour_shift * lnpop96
(522 missing values generated)

. 
. capture which ivreghdfe

. if _rc {
.     ssc install ftools, replace
.     ssc install reghdfe, replace
.     ssc install ivreghdfe, replace
. }

. 
. gen byte s96 = !missing(lncap96, lngdp96, lnpop96)

. 
. reghdfe ln_gaci_cwm tourism_int lnpop if s96, absorb(isocode y) vce(robust)
(MWFE estimator converged in 4 iterations)

HDFE Linear regression                            Number of obs   =      4,121
Absorbing 2 HDFE groups                           F(   2,   3942) =       8.13
                                                  Prob > F        =     0.0003
                                                  R-squared       =     0.9461
                                                  Adj R-squared   =     0.9436
                                                  Within R-sq.    =     0.0077
                                                  Root MSE        =     0.0754

------------------------------------------------------------------------------
             |               Robust
 ln_gaci_cwm |      Coef.   Std. Err.      t    P>|t|     [95% Conf. Interval]
-------------+----------------------------------------------------------------
 tourism_int |   .0307309   .0082677     3.72   0.000     .0145215    .0469404
       lnpop |   .0377579    .021199     1.78   0.075    -.0038042    .0793201
       _cons |  -.5735676   .3378238    -1.70   0.090    -1.235893    .0887582
------------------------------------------------------------------------------

Absorbed degrees of freedom:
-----------------------------------------------------+
 Absorbed FE | Categories  - Redundant  = Num. Coefs |
-------------+---------------------------------------|
     isocode |       150           0         150     |
           y |        28           1          27     |
-----------------------------------------------------+

. test tourism_int

 ( 1)  tourism_int = 0

       F(  1,  3942) =   13.82
            Prob > F =    0.0002

. di "FS2 baseline (1996 sample):   pi = " %8.4f _b[tourism_int] "  F = " %7.1f r(F) "  N = " %8.0f e(N)
FS2 baseline (1996 sample):   pi =   0.0307  F =    13.8  N =     4121

. 
. reghdfe ln_gaci_cwm tourism_int lnpop at_lnpop if s96, absorb(isocode y) vce(robust)
(MWFE estimator converged in 5 iterations)

HDFE Linear regression                            Number of obs   =      4,121
Absorbing 2 HDFE groups                           F(   3,   3941) =       6.04
                                                  Prob > F        =     0.0004
                                                  R-squared       =     0.9461
                                                  Adj R-squared   =     0.9436
                                                  Within R-sq.    =     0.0082
                                                  Root MSE        =     0.0753

------------------------------------------------------------------------------
             |               Robust
 ln_gaci_cwm |      Coef.   Std. Err.      t    P>|t|     [95% Conf. Interval]
-------------+----------------------------------------------------------------
 tourism_int |   .0236788    .010754     2.20   0.028     .0025949    .0447626
       lnpop |   .0378999   .0212137     1.79   0.074     -.003691    .0794908
    at_lnpop |   .0042018   .0039512     1.06   0.288    -.0035449    .0119485
       _cons |  -.6091317   .3355199    -1.82   0.070    -1.266941    .0486773
------------------------------------------------------------------------------

Absorbed degrees of freedom:
-----------------------------------------------------+
 Absorbed FE | Categories  - Redundant  = Num. Coefs |
-------------+---------------------------------------|
     isocode |       150           0         150     |
           y |        28           1          27     |
-----------------------------------------------------+

. test tourism_int

 ( 1)  tourism_int = 0

       F(  1,  3941) =    4.85
            Prob > F =    0.0277

. di "FS2 + a_t x ln(pop96):        pi = " %8.4f _b[tourism_int] "  F = " %7.1f r(F)
FS2 + a_t x ln(pop96):        pi =   0.0237  F =     4.8

. 
. reghdfe ln_gaci_cwm tourism_int lnpop at_lngdp if s96, absorb(isocode y) vce(robust)
(MWFE estimator converged in 5 iterations)

HDFE Linear regression                            Number of obs   =      4,121
Absorbing 2 HDFE groups                           F(   3,   3941) =      39.68
                                                  Prob > F        =     0.0000
                                                  R-squared       =     0.9478
                                                  Adj R-squared   =     0.9454
                                                  Within R-sq.    =     0.0390
                                                  Root MSE        =     0.0742

------------------------------------------------------------------------------
             |               Robust
 ln_gaci_cwm |      Coef.   Std. Err.      t    P>|t|     [95% Conf. Interval]
-------------+----------------------------------------------------------------
 tourism_int |  -.0208529   .0102573    -2.03   0.042    -.0409631   -.0007428
       lnpop |    .049207   .0207799     2.37   0.018     .0084667    .0899473
    at_lngdp |   .0276839   .0028619     9.67   0.000      .022073    .0332949
       _cons |  -1.091905   .3385169    -3.23   0.001     -1.75559   -.4282204
------------------------------------------------------------------------------

Absorbed degrees of freedom:
-----------------------------------------------------+
 Absorbed FE | Categories  - Redundant  = Num. Coefs |
-------------+---------------------------------------|
     isocode |       150           0         150     |
           y |        28           1          27     |
-----------------------------------------------------+

. test tourism_int

 ( 1)  tourism_int = 0

       F(  1,  3941) =    4.13
            Prob > F =    0.0421

. di "FS2 + a_t x ln(gdp96):        pi = " %8.4f _b[tourism_int] "  F = " %7.1f r(F)
FS2 + a_t x ln(gdp96):        pi =  -0.0209  F =     4.1

. 
. reghdfe ln_gaci_cwm tourism_int lnpop at_lnpop at_lngdp if s96, absorb(isocode y) vce(robust)
(MWFE estimator converged in 5 iterations)

HDFE Linear regression                            Number of obs   =      4,121
Absorbing 2 HDFE groups                           F(   4,   3940) =      39.94
                                                  Prob > F        =     0.0000
                                                  R-squared       =     0.9484
                                                  Adj R-squared   =     0.9460
                                                  Within R-sq.    =     0.0503
                                                  Root MSE        =     0.0737

------------------------------------------------------------------------------
             |               Robust
 ln_gaci_cwm |      Coef.   Std. Err.      t    P>|t|     [95% Conf. Interval]
-------------+----------------------------------------------------------------
 tourism_int |   8.58e-06   .0105697     0.00   0.999    -.0207139    .0207311
       lnpop |    .053479    .020531     2.60   0.009     .0132266    .0937313
    at_lnpop |  -.0262811   .0048666    -5.40   0.000    -.0358224   -.0167397
    at_lngdp |   .0401607   .0035985    11.16   0.000     .0331055    .0472158
       _cons |  -1.103067   .3315686    -3.33   0.001    -1.753129   -.4530052
------------------------------------------------------------------------------

Absorbed degrees of freedom:
-----------------------------------------------------+
 Absorbed FE | Categories  - Redundant  = Num. Coefs |
-------------+---------------------------------------|
     isocode |       150           0         150     |
           y |        28           1          27     |
-----------------------------------------------------+

. test tourism_int

 ( 1)  tourism_int = 0

       F(  1,  3940) =    0.00
            Prob > F =    0.9994

. di "FS2 + pop96 + gdp96 cycles:   pi = " %8.4f _b[tourism_int] "  F = " %7.1f r(F)
FS2 + pop96 + gdp96 cycles:   pi =   0.0000  F =     0.0

. 
. reghdfe ln_gaci_cwm tourism_int lnpop at_lncap if s96, absorb(isocode y) vce(robust)
(MWFE estimator converged in 5 iterations)

HDFE Linear regression                            Number of obs   =      4,121
Absorbing 2 HDFE groups                           F(   3,   3941) =      27.27
                                                  Prob > F        =     0.0000
                                                  R-squared       =     0.9473
                                                  Adj R-squared   =     0.9449
                                                  Within R-sq.    =     0.0295
                                                  Root MSE        =     0.0745

------------------------------------------------------------------------------
             |               Robust
 ln_gaci_cwm |      Coef.   Std. Err.      t    P>|t|     [95% Conf. Interval]
-------------+----------------------------------------------------------------
 tourism_int |  -.0074227   .0098055    -0.76   0.449     -.026647    .0118017
       lnpop |   .0404072    .020835     1.94   0.053    -.0004411    .0812555
    at_lncap |   .0257823   .0033089     7.79   0.000     .0192949    .0322697
       _cons |  -.8179298   .3360511    -2.43   0.015     -1.47678   -.1590794
------------------------------------------------------------------------------

Absorbed degrees of freedom:
-----------------------------------------------------+
 Absorbed FE | Categories  - Redundant  = Num. Coefs |
-------------+---------------------------------------|
     isocode |       150           0         150     |
           y |        28           1          27     |
-----------------------------------------------------+

. test tourism_int

 ( 1)  tourism_int = 0

       F(  1,  3941) =    0.57
            Prob > F =    0.4491

. di "FS2 + a_t x ln(cap96) only:   pi = " %8.4f _b[tourism_int] "  F = " %7.1f r(F)
FS2 + a_t x ln(cap96) only:   pi =  -0.0074  F =     0.6

. 
. * headline 2SLS under economic-size cycles (the fair exclusion-style control)
. ivreghdfe ln_co2_bunker_intl lnpop at_lnpop at_lngdp (ln_gaci_cwm = tourism_int) if s96, absorb(isocode y) robust
(MWFE estimator converged in 5 iterations)

IV (2SLS) estimation
--------------------

Estimates efficient for homoskedasticity only
Statistics robust to heteroskedasticity

                                                      Number of obs =     4121
                                                      F(  4,  3940) =     0.00
                                                      Prob > F      =   1.0000
Total (centered) SS     =  675.4607156                Centered R2   = -4.5e+06
Total (uncentered) SS   =  675.4607156                Uncentered R2 = -4.5e+06
Residual SS             =   3020893149                Root MSE      =    875.6

------------------------------------------------------------------------------
             |               Robust
ln_co2_bun~l |      Coef.   Std. Err.      t    P>|t|     [95% Conf. Interval]
-------------+----------------------------------------------------------------
 ln_gaci_cwm |   11877.79   1.46e+07     0.00   0.999    -2.87e+07    2.87e+07
       lnpop |  -634.9277   782143.2    -0.00   0.999     -1534079     1532809
    at_lnpop |   312.1994   384355.7     0.00   0.999    -753242.5    753866.9
    at_lngdp |  -477.0518   587381.8    -0.00   0.999     -1152078     1151124
------------------------------------------------------------------------------
Underidentification test (Kleibergen-Paap rk LM statistic):              0.000
                                                   Chi-sq(1) P-val =    0.9993
------------------------------------------------------------------------------
Weak identification test (Cragg-Donald Wald F statistic):                0.000
                         (Kleibergen-Paap rk Wald F statistic):          0.000
Stock-Yogo weak ID test critical values: 10% maximal IV size             16.38
                                         15% maximal IV size              8.96
                                         20% maximal IV size              6.66
                                         25% maximal IV size              5.53
Source: Stock-Yogo (2005).  Reproduced by permission.
NB: Critical values are for Cragg-Donald F statistic and i.i.d. errors.
------------------------------------------------------------------------------
Hansen J statistic (overidentification test of all instruments):         0.000
                                                 (equation exactly identified)
------------------------------------------------------------------------------
Instrumented:         ln_gaci_cwm
Included instruments: lnpop at_lnpop at_lngdp
Excluded instruments: tourism_int
Partialled-out:       _cons
                      nb: total SS, model F and R2s are after partialling-out;
                          any small-sample adjustments include partialled-out
                          variables in regressor count K
------------------------------------------------------------------------------

Absorbed degrees of freedom:
-----------------------------------------------------+
 Absorbed FE | Categories  - Redundant  = Num. Coefs |
-------------+---------------------------------------|
     isocode |       150           0         150     |
           y |        28           1          27     |
-----------------------------------------------------+

. di "2SLS intl + pop/gdp cycles:   b = " %8.3f _b[ln_gaci_cwm] " (se " %7.3f _se[ln_gaci_cwm] ")  KP F = " %7.1f e(widstat)
2SLS intl + pop/gdp cycles:   b =  1.2e+04 (se  1.5e+07)  KP F =     0.0

. 
. gen g_vol = merch_intensity + lngdp

. ivreghdfe g_vol lnpop at_lnpop at_lngdp (ln_gaci_cwm = tourism_int) if s96, absorb(isocode y) robust
(MWFE estimator converged in 5 iterations)

IV (2SLS) estimation
--------------------

Estimates efficient for homoskedasticity only
Statistics robust to heteroskedasticity

                                                      Number of obs =     4121
                                                      F(  4,  3940) =     0.00
                                                      Prob > F      =   1.0000
Total (centered) SS     =  354.5567293                Centered R2   = -1.9e+06
Total (uncentered) SS   =  354.5567293                Uncentered R2 = -1.9e+06
Residual SS             =  667704786.1                Root MSE      =    411.7

------------------------------------------------------------------------------
             |               Robust
       g_vol |      Coef.   Std. Err.      t    P>|t|     [95% Conf. Interval]
-------------+----------------------------------------------------------------
 ln_gaci_cwm |   5583.773    6875686     0.00   0.999    -1.35e+07    1.35e+07
       lnpop |  -298.1697   367697.7    -0.00   0.999    -721193.9    720597.5
    at_lnpop |   146.9245   180691.6     0.00   0.999    -354110.9    354404.7
    at_lngdp |  -224.3975   276137.3    -0.00   0.999    -541609.9    541161.1
------------------------------------------------------------------------------
Underidentification test (Kleibergen-Paap rk LM statistic):              0.000
                                                   Chi-sq(1) P-val =    0.9993
------------------------------------------------------------------------------
Weak identification test (Cragg-Donald Wald F statistic):                0.000
                         (Kleibergen-Paap rk Wald F statistic):          0.000
Stock-Yogo weak ID test critical values: 10% maximal IV size             16.38
                                         15% maximal IV size              8.96
                                         20% maximal IV size              6.66
                                         25% maximal IV size              5.53
Source: Stock-Yogo (2005).  Reproduced by permission.
NB: Critical values are for Cragg-Donald F statistic and i.i.d. errors.
------------------------------------------------------------------------------
Hansen J statistic (overidentification test of all instruments):         0.000
                                                 (equation exactly identified)
------------------------------------------------------------------------------
Instrumented:         ln_gaci_cwm
Included instruments: lnpop at_lnpop at_lngdp
Excluded instruments: tourism_int
Partialled-out:       _cons
                      nb: total SS, model F and R2s are after partialling-out;
                          any small-sample adjustments include partialled-out
                          variables in regressor count K
------------------------------------------------------------------------------

Absorbed degrees of freedom:
-----------------------------------------------------+
 Absorbed FE | Categories  - Redundant  = Num. Coefs |
-------------+---------------------------------------|
     isocode |       150           0         150     |
           y |        28           1          27     |
-----------------------------------------------------+

. di "2SLS volume + pop/gdp cycles: b = " %8.3f _b[ln_gaci_cwm] " (se " %7.3f _se[ln_gaci_cwm] ")  KP F = " %7.1f e(widstat)
2SLS volume + pop/gdp cycles: b = 5583.773 (se  6.9e+06)  KP F =     0.0

. 
. di _n "DONE_SIZECHECK2"

DONE_SIZECHECK2

. 
end of do-file
