
  ___  ____  ____  ____  ____ (R)
 /__    /   ____/   /   ____/
___/   /   /___/   /   /___/   16.1   Copyright 1985-2019 StataCorp LLC
  Statistics/Data analysis            StataCorp
                                      4905 Lakeway Drive
     MP - Parallel Edition            College Station, Texas 77845 USA
                                      800-STATA-PC        https://www.stata.com
                                      979-696-4600        stata@stata.com
                                      979-696-4601 (fax)

Stata license: Single-user 12-core  perpetual
Serial number: 501606210961
  Licensed to: Sunbin Yoo
               Kyushu University

Notes:
      1. Stata is running in batch mode.
      2. Unicode is supported; see help unicode_advice.
      3. More than 2 billion observations are allowed; see help obs_advice.
      4. Maximum number of variables is set to 5,000; see help set_maxvar.

. do co2_allestimators.do 

. *============================================================================
> ==
. * co2_allestimators.do
. * One tidy export for the combined main-results page:
. *   OLS / Heritage-tourism IV / Feyrer IV / ASN accident IV / Feyrer+ASN over
> ID
. *   x 6 outcomes (total, LTO, 50-50, intl CO2, seat-km, intensity)
. * Controls follow each estimator's published spec:
. *   OLS, Feyrer, ASN, overID: lnpop + ln_sea_ma
. *   Heritage IV: lnpop (co2_main.do spec, KPF ~ 18)
. * -> _allest_results.csv
. *============================================================================
> ==
. clear all

. set more off

. set varabbrev off

. set linesize 255

. version 14

. cd "C:/Users/sunbi/managi-lab Dropbox/Sunbin Yoo/Research Box ^-^/2026/GACI/GACI_CO2"
C:\Users\sunbi\managi-lab Dropbox\Sunbin Yoo\Research Box ^-^\2026\GACI\GACI_CO2

. 
. import delimited "co2_country_year.csv", clear varnames(1) encoding("utf-8")
(20 vars, 6,777 obs)

. keep iso3 year co2_bunker co2_bunker_intl co2_lto co2_5050 dep_seat_km

. rename iso3 c

. rename year y

. tempfile co2

. save `co2'
file C:\Users\sunbi\AppData\Local\Temp\ST_d368_000001.tmp saved

. 
. import delimited "asn_country_year.csv", clear varnames(1) encoding("utf-8")
(9 vars, 4,643 obs)

. tempfile asn

. save `asn'
file C:\Users\sunbi\AppData\Local\Temp\ST_d368_000002.tmp saved

. 
. import delimited "../gaci_panel_combined.csv", clear varnames(1) encoding("utf-8")
(44 vars, 4,643 obs)

. ds c reg, not
y             lngdp         ln_gaci_mean  gaci_mean     unesco_cum~t  lnpc          abslat        deg_mean      close_sum     betw_mean     cap_sum       nat_endow     tourism_int   feyrer_int
trade_share   lng           lncap         ln_unesco     lnz           lnpop         n_air         eig_sum       close_mean    regimp_sum    cap_mean      merch_share   tourism_cum   ln_sea_ma
ln_tradevol   ln_gaci_cwm   gaci_cwmean   unesco_cum    lnz_own       lnland        deg_sum       eig_mean      betw_sum      regimp_mean   tour_shift    merch_inte~y  ln_remote     ln_air_ma

. destring `r(varlist)', replace force
y already numeric; no replace
trade_share already numeric; no replace
ln_tradevol already numeric; no replace
lngdp already numeric; no replace
lng already numeric; no replace
ln_gaci_cwm already numeric; no replace
ln_gaci_mean already numeric; no replace
lncap already numeric; no replace
gaci_cwmean already numeric; no replace
gaci_mean already numeric; no replace
ln_unesco already numeric; no replace
unesco_cum already numeric; no replace
unesco_cum_nat already numeric; no replace
lnz already numeric; no replace
lnz_own already numeric; no replace
lnpc already numeric; no replace
lnpop already numeric; no replace
lnland already numeric; no replace
abslat already numeric; no replace
n_air already numeric; no replace
deg_sum already numeric; no replace
deg_mean already numeric; no replace
eig_sum already numeric; no replace
eig_mean already numeric; no replace
close_sum already numeric; no replace
close_mean already numeric; no replace
betw_sum already numeric; no replace
betw_mean already numeric; no replace
regimp_sum already numeric; no replace
regimp_mean already numeric; no replace
cap_sum already numeric; no replace
cap_mean already numeric; no replace
tour_shift already numeric; no replace
nat_endow already numeric; no replace
merch_share already numeric; no replace
merch_intensity already numeric; no replace
tourism_int already numeric; no replace
tourism_cum already numeric; no replace
ln_remote already numeric; no replace
feyrer_int already numeric; no replace
ln_sea_ma already numeric; no replace
ln_air_ma already numeric; no replace

. merge 1:1 c y using `co2', keep(1 3) nogenerate

    Result                           # of obs.
    -----------------------------------------
    not matched                             0
    matched                             4,643  
    -----------------------------------------

. merge 1:1 c y using `asn', keep(1 3) nogenerate

    Result                           # of obs.
    -----------------------------------------
    not matched                             0
    matched                             4,643  
    -----------------------------------------

. encode c, gen(isocode)

. xtset isocode y
       panel variable:  isocode (unbalanced)
        time variable:  y, 1996 to 2023, but with gaps
                delta:  1 unit

. 
. gen ln_co2_tot = ln(co2_bunker) if co2_bunker > 0

. gen ln_co2_lto = ln(co2_lto) if co2_lto > 0

. gen ln_co2_5050 = ln(co2_5050) if co2_5050 > 0

. gen ln_co2_intl = ln(co2_bunker_intl) if co2_bunker_intl > 0

. gen ln_skm = ln(dep_seat_km) if dep_seat_km > 0

. gen ln_intensity = ln_co2_tot - ln_skm

. 
. tempname R

. postfile `R' str16 est str16 outc double(b se p kpf jp) long(nn) using "_allest_tmp", replace
(note: file _allest_tmp.dta not found)

. 
. foreach yv in ln_co2_tot ln_co2_lto ln_co2_5050 ln_co2_intl ln_skm ln_intensity {
  2.     * OLS
.     quietly reghdfe `yv' ln_gaci_cwm lnpop ln_sea_ma, absorb(isocode y) vce(robust)
  3.     local bb = _b[ln_gaci_cwm]
  4.     local ss = _se[ln_gaci_cwm]
  5.     post `R' ("OLS") ("`yv'") (`bb') (`ss') (2*normal(-abs(`bb'/`ss'))) (.) (.) (e(N))
  6.     di "OLS `yv': " %8.3f `bb'
  7. 
.     * Heritage tourism IV (published spec: lnpop only)
.     quietly ivreghdfe `yv' lnpop (ln_gaci_cwm = tourism_int), absorb(isocode y) robust
  8.     local bb = _b[ln_gaci_cwm]
  9.     local ss = _se[ln_gaci_cwm]
 10.     post `R' ("HeritageIV") ("`yv'") (`bb') (`ss') (2*normal(-abs(`bb'/`ss'))) (e(widstat)) (.) (e(N))
 11.     di "HER `yv': " %8.3f `bb' "  F " %6.1f e(widstat)
 12. 
.     * Feyrer IV
.     quietly ivreghdfe `yv' lnpop ln_sea_ma (ln_gaci_cwm = feyrer_int), absorb(isocode y) robust
 13.     local bb = _b[ln_gaci_cwm]
 14.     local ss = _se[ln_gaci_cwm]
 15.     post `R' ("FeyrerIV") ("`yv'") (`bb') (`ss') (2*normal(-abs(`bb'/`ss'))) (e(widstat)) (.) (e(N))
 16.     di "FEY `yv': " %8.3f `bb' "  F " %6.1f e(widstat)
 17. 
.     * ASN accident IV (L.n_fatal, weak by construction)
.     quietly ivreghdfe `yv' lnpop ln_sea_ma (ln_gaci_cwm = L.n_fatal), absorb(isocode y) robust
 18.     local bb = _b[ln_gaci_cwm]
 19.     local ss = _se[ln_gaci_cwm]
 20.     post `R' ("AccidentIV") ("`yv'") (`bb') (`ss') (2*normal(-abs(`bb'/`ss'))) (e(widstat)) (.) (e(N))
 21.     di "ASN `yv': " %8.3f `bb' "  F " %6.1f e(widstat)
 22. 
.     * Feyrer + accident over-ID
.     quietly ivreghdfe `yv' lnpop ln_sea_ma (ln_gaci_cwm = feyrer_int L.n_fatal), absorb(isocode y) robust
 23.     local bb = _b[ln_gaci_cwm]
 24.     local ss = _se[ln_gaci_cwm]
 25.     post `R' ("Fey+AccOverID") ("`yv'") (`bb') (`ss') (2*normal(-abs(`bb'/`ss'))) (e(widstat)) (e(jp)) (e(N))
 26.     di "OID `yv': " %8.3f `bb' "  F " %6.1f e(widstat) "  Jp " %6.3f e(jp)
 27. }
OLS ln_co2_tot:    3.388
HER ln_co2_tot:    1.395  F   18.0
FEY ln_co2_tot:    5.347  F  153.6
ASN ln_co2_tot:    5.588  F    4.4
OID ln_co2_tot:    5.087  F   66.8  Jp  0.805
OLS ln_co2_lto:    2.916
HER ln_co2_lto:    0.685  F   18.0
FEY ln_co2_lto:    5.701  F  153.6
ASN ln_co2_lto:    5.842  F    4.4
OID ln_co2_lto:    5.457  F   66.8  Jp  0.867
OLS ln_co2_5050:    3.365
HER ln_co2_5050:    1.311  F   18.0
FEY ln_co2_5050:    5.300  F  153.6
ASN ln_co2_5050:    5.329  F    4.4
OID ln_co2_5050:    5.043  F   66.8  Jp  0.888
OLS ln_co2_intl:    3.526
HER ln_co2_intl:    3.622  F   18.0
FEY ln_co2_intl:    5.192  F  153.6
ASN ln_co2_intl:    4.572  F    4.4
OID ln_co2_intl:    4.897  F   66.8  Jp  0.859
OLS ln_skm:    3.684
HER ln_skm:    0.182  F   18.0
FEY ln_skm:    5.641  F  153.6
ASN ln_skm:    6.511  F    4.4
OID ln_skm:    5.426  F   66.8  Jp  0.620
OLS ln_intensity:   -0.296
HER ln_intensity:    1.213  F   18.0
FEY ln_intensity:   -0.294  F  153.6
ASN ln_intensity:   -0.922  F    4.4
OID ln_intensity:   -0.339  F   66.8  Jp  0.270

. postclose `R'

. preserve

. use "_allest_tmp", clear

. export delimited "_allest_results.csv", replace
file _allest_results.csv saved

. restore

. erase "_allest_tmp.dta"

. 
. di _n "DONE_ALLEST"

DONE_ALLEST

. 
end of do-file
