
  ___  ____  ____  ____  ____ (R)
 /__    /   ____/   /   ____/
___/   /   /___/   /   /___/   16.1   Copyright 1985-2019 StataCorp LLC
  Statistics/Data analysis            StataCorp
                                      4905 Lakeway Drive
     MP - Parallel Edition            College Station, Texas 77845 USA
                                      800-STATA-PC        https://www.stata.com
                                      979-696-4600        stata@stata.com
                                      979-696-4601 (fax)

Stata license: Single-user 12-core  perpetual
Serial number: 501606210961
  Licensed to: Sunbin Yoo
               Kyushu University

Notes:
      1. Stata is running in batch mode.
      2. Unicode is supported; see help unicode_advice.
      3. More than 2 billion observations are allowed; see help obs_advice.
      4. Maximum number of variables is set to 5,000; see help set_maxvar.

. do co2_feyrer_hetero_tot_cl.do 

. * COUNTRY-CLUSTERED COPY generated by _make_cl_dofiles.py on 2026-09-03 from 
> co2_feyrer_hetero_tot.do (vce -> cluster(isocode); outputs *_cl.csv)
. *============================================================================
> ==
. * co2_feyrer_hetero_tot.do (2026-09-03: outcome = TOTAL CO2, corrects intl-ou
> tcome mislabel)
. * GROUP HETEROGENEITY of the headline elasticity (Feyrer IV, ln_sea_ma
. * controlled), split-sample 2SLS + pooled interaction tests.
. *   A) baseline income terciles (earliest observed lnpc per country)
. *   B) baseline connectivity terciles (earliest observed gaci_cwmean)
. *   C) macro regions (Europe / Asia-Pacific / Africa / LatAm / MiddleEast / N
> orthAm)
. *   D) intensity outcome (ln CO2 per seat-km) across income terciles
. * Spec mirrors co2_feyrer_full.do part A:
. *   ivreghdfe y lnpop ln_sea_ma (ln_gaci_cwm = feyrer_int), absorb(isocode y)
>  cluster(isocode)
. * Exports: _feyrer_hetero_tot.csv (long: panel, group, b, se, p, KPF, N, Ncou
> ntries)
. *============================================================================
> ==
. clear all

. set more off

. set varabbrev off

. set linesize 255

. version 14

. cd "C:/Users/sunbi/managi-lab Dropbox/Sunbin Yoo/Research Box ^-^/2026/GACI/GACI_CO2"
C:\Users\sunbi\managi-lab Dropbox\Sunbin Yoo\Research Box ^-^\2026\GACI\GACI_CO2

. 
. * ---- build merged dataset (identical to co2_feyrer_full.do) ----
. import delimited "co2_country_year.csv", clear varnames(1) encoding("utf-8")
(20 vars, 6,777 obs)

. keep iso3 year co2_bunker co2_bunker_intl co2_lto co2_5050 dep_seat_km

. rename iso3 c

. rename year y

. tempfile co2

. save `co2'
file C:\Users\sunbi\AppData\Local\Temp\ST_9ff0_000001.tmp saved

. 
. import delimited "../gaci_panel_combined.csv", clear varnames(1) encoding("utf-8")
(44 vars, 4,643 obs)

. ds c reg, not
y             lngdp         ln_gaci_mean  gaci_mean     unesco_cum~t  lnpc          abslat        deg_mean      close_sum     betw_mean     cap_sum       nat_endow     tourism_int   feyrer_int
trade_share   lng           lncap         ln_unesco     lnz           lnpop         n_air         eig_sum       close_mean    regimp_sum    cap_mean      merch_share   tourism_cum   ln_sea_ma
ln_tradevol   ln_gaci_cwm   gaci_cwmean   unesco_cum    lnz_own       lnland        deg_sum       eig_mean      betw_sum      regimp_mean   tour_shift    merch_inte~y  ln_remote     ln_air_ma

. destring `r(varlist)', replace force
y already numeric; no replace
trade_share already numeric; no replace
ln_tradevol already numeric; no replace
lngdp already numeric; no replace
lng already numeric; no replace
ln_gaci_cwm already numeric; no replace
ln_gaci_mean already numeric; no replace
lncap already numeric; no replace
gaci_cwmean already numeric; no replace
gaci_mean already numeric; no replace
ln_unesco already numeric; no replace
unesco_cum already numeric; no replace
unesco_cum_nat already numeric; no replace
lnz already numeric; no replace
lnz_own already numeric; no replace
lnpc already numeric; no replace
lnpop already numeric; no replace
lnland already numeric; no replace
abslat already numeric; no replace
n_air already numeric; no replace
deg_sum already numeric; no replace
deg_mean already numeric; no replace
eig_sum already numeric; no replace
eig_mean already numeric; no replace
close_sum already numeric; no replace
close_mean already numeric; no replace
betw_sum already numeric; no replace
betw_mean already numeric; no replace
regimp_sum already numeric; no replace
regimp_mean already numeric; no replace
cap_sum already numeric; no replace
cap_mean already numeric; no replace
tour_shift already numeric; no replace
nat_endow already numeric; no replace
merch_share already numeric; no replace
merch_intensity already numeric; no replace
tourism_int already numeric; no replace
tourism_cum already numeric; no replace
ln_remote already numeric; no replace
feyrer_int already numeric; no replace
ln_sea_ma already numeric; no replace
ln_air_ma already numeric; no replace

. merge 1:1 c y using `co2', keep(1 3) nogenerate

    Result                           # of obs.
    -----------------------------------------
    not matched                             0
    matched                             4,643  
    -----------------------------------------

. encode c, gen(isocode)

. xtset isocode y
       panel variable:  isocode (unbalanced)
        time variable:  y, 1996 to 2023, but with gaps
                delta:  1 unit

. 
. gen ln_co2_tot = ln(co2_bunker) if co2_bunker > 0

. gen ln_skm = ln(dep_seat_km) if dep_seat_km > 0

. gen ln_intensity = ln_co2_tot - ln_skm

. 
. * ---- time-invariant grouping variables ----
. * baseline income: earliest observed lnpc per country
. bysort isocode (y): gen byte first_pc = sum(!missing(lnpc)) == 1 & !missing(lnpc)

. gen lnpc0_ = lnpc if first_pc
(4,459 missing values generated)

. bysort isocode (lnpc0_): gen lnpc0 = lnpc0_[1]

. drop lnpc0_ first_pc

. 
. * baseline connectivity: earliest observed gaci_cwmean per country
. bysort isocode (y): gen byte first_g = sum(!missing(gaci_cwmean)) == 1 & !missing(gaci_cwmean)

. gen g0_ = gaci_cwmean if first_g
(4,459 missing values generated)

. bysort isocode (g0_): gen gaci0 = g0_[1]

. drop g0_ first_g

. 
. * terciles over countries (one obs per country)
. preserve

. bysort isocode: keep if _n == 1
(4,459 observations deleted)

. xtile inc3 = lnpc0, nq(3)

. xtile con3 = gaci0, nq(3)

. keep isocode inc3 con3

. tempfile grp

. save `grp'
file C:\Users\sunbi\AppData\Local\Temp\ST_9ff0_000003.tmp saved

. restore

. merge m:1 isocode using `grp', nogenerate
(label isocode already defined)

    Result                           # of obs.
    -----------------------------------------
    not matched                             0
    matched                             4,643  
    -----------------------------------------

. 
. * macro regions
. gen mreg = ""
(4,643 missing values generated)

. replace mreg = "Europe" if inlist(reg, "EU1", "EU2")
variable mreg was str1 now str6
(1,190 real changes made)

. replace mreg = "AsiaPacific" if inlist(reg, "AS1", "AS2", "AS3", "AS4", "SW1")
variable mreg was str6 now str11
(1,111 real changes made)

. replace mreg = "Africa" if inlist(reg, "AF1", "AF2", "AF3", "AF4")
(1,230 real changes made)

. replace mreg = "LatAm" if inlist(reg, "LA1", "LA2", "LA3", "LA4")
(691 real changes made)

. replace mreg = "MiddleEast" if reg == "ME1"
(344 real changes made)

. replace mreg = "NorthAm" if reg == "NA1"
(77 real changes made)

. 
. capture which ivreghdfe

. if _rc {
.     ssc install ftools, replace
.     ssc install reghdfe, replace
.     ssc install ivreghdfe, replace
. }

. 
. * ---- results accumulator ----
. tempname H

. postfile `H' str12 panel str16 grp b se p KPF N Nc using "_feyrer_hetero_tot_post_cl.dta", replace
(note: file _feyrer_hetero_tot_post_cl.dta not found)

. 
. capture program drop runcell

. program define runcell
  1.     args H panel grp yv cond
  2.     quietly count if `cond' & !missing(`yv', ln_gaci_cwm, feyrer_int, lnpop, ln_sea_ma)
  3.     if r(N) < 60 {
  4.         di as err "SKIP `panel' `grp': N = " r(N)
  5.         exit
  6.     }
  7.     capture noisily ivreghdfe `yv' lnpop ln_sea_ma (ln_gaci_cwm = feyrer_int) if `cond', absorb(isocode y) cluster(isocode)
  8.     if _rc exit
  9.     local b = _b[ln_gaci_cwm]
 10.     local se = _se[ln_gaci_cwm]
 11.     local p = 2 * normal(-abs(`b'/`se'))
 12.     quietly levelsof isocode if e(sample), local(cc)
 13.     local nc : word count `cc'
 14.     post `H' ("`panel'") ("`grp'") (`b') (`se') (`p') (e(widstat)) (e(N)) (`nc')
 15.     di "HET [`panel'] `grp': b = " %8.3f `b' " (se " %7.3f `se' ")  KP F = " %7.1f e(widstat) "  N = " %7.0f e(N) "  countries = " `nc'
 16. end

. 
. * =====================================================================
. * A) income terciles, outcome = intl CO2
. * =====================================================================
. di _n "===== A) baseline income terciles (ln_co2_tot) ====="

===== A) baseline income terciles (ln_co2_tot) =====

. runcell `H' "A_income" "inc_low" ln_co2_tot "inc3 == 1"
(MWFE estimator converged in 5 iterations)

IV (2SLS) estimation
--------------------

Estimates efficient for homoskedasticity only
Statistics robust to heteroskedasticity and clustering on isocode

Number of clusters (isocode) =      62                Number of obs =     1596
                                                      F(  3,    61) =     4.45
                                                      Prob > F      =   0.0068
Total (centered) SS     =  388.7265324                Centered R2   =   0.1193
Total (uncentered) SS   =  388.7265324                Uncentered R2 =   0.1193
Residual SS             =  342.3561237                Root MSE      =    .4676

------------------------------------------------------------------------------
             |               Robust
  ln_co2_tot |      Coef.   Std. Err.      t    P>|t|     [95% Conf. Interval]
-------------+----------------------------------------------------------------
 ln_gaci_cwm |   9.427493   2.651732     3.56   0.001     4.125026    14.72996
       lnpop |   .2157444   .5953058     0.36   0.718    -.9746432    1.406132
   ln_sea_ma |   1.304459   1.802559     0.72   0.472    -2.299981    4.908898
------------------------------------------------------------------------------
Underidentification test (Kleibergen-Paap rk LM statistic):              4.442
                                                   Chi-sq(1) P-val =    0.0351
------------------------------------------------------------------------------
Weak identification test (Cragg-Donald Wald F statistic):               39.446
                         (Kleibergen-Paap rk Wald F statistic):          4.815
Stock-Yogo weak ID test critical values: 10% maximal IV size             16.38
                                         15% maximal IV size              8.96
                                         20% maximal IV size              6.66
                                         25% maximal IV size              5.53
Source: Stock-Yogo (2005).  Reproduced by permission.
NB: Critical values are for Cragg-Donald F statistic and i.i.d. errors.
------------------------------------------------------------------------------
Hansen J statistic (overidentification test of all instruments):         0.000
                                                 (equation exactly identified)
------------------------------------------------------------------------------
Instrumented:         ln_gaci_cwm
Included instruments: lnpop ln_sea_ma
Excluded instruments: feyrer_int
Partialled-out:       _cons
                      nb: total SS, model F and R2s are after partialling-out;
                          any small-sample adjustments include partialled-out
                          variables in regressor count K
------------------------------------------------------------------------------

Absorbed degrees of freedom:
-----------------------------------------------------+
 Absorbed FE | Categories  - Redundant  = Num. Coefs |
-------------+---------------------------------------|
     isocode |        62          62           0    *|
           y |        28           1          27     |
-----------------------------------------------------+
* = FE nested within cluster; treated as redundant for DoF computation
HET [A_income] inc_low: b =    9.427 (se   2.652)  KP F =     4.8  N =    1596  countries = 62

. runcell `H' "A_income" "inc_mid" ln_co2_tot "inc3 == 2"
(MWFE estimator converged in 5 iterations)

IV (2SLS) estimation
--------------------

Estimates efficient for homoskedasticity only
Statistics robust to heteroskedasticity and clustering on isocode

Number of clusters (isocode) =      61                Number of obs =     1547
                                                      F(  3,    60) =     5.89
                                                      Prob > F      =   0.0014
Total (centered) SS     =  233.6163041                Centered R2   =   0.1290
Total (uncentered) SS   =  233.6163041                Uncentered R2 =   0.1290
Residual SS             =  203.4771738                Root MSE      =    .3662

------------------------------------------------------------------------------
             |               Robust
  ln_co2_tot |      Coef.   Std. Err.      t    P>|t|     [95% Conf. Interval]
-------------+----------------------------------------------------------------
 ln_gaci_cwm |   6.118232   2.115045     2.89   0.005     1.887513    10.34895
       lnpop |  -.0117164   .3000717    -0.04   0.969    -.6119491    .5885163
   ln_sea_ma |   3.649235   3.094817     1.18   0.243     -2.54132    9.839791
------------------------------------------------------------------------------
Underidentification test (Kleibergen-Paap rk LM statistic):              5.354
                                                   Chi-sq(1) P-val =    0.0207
------------------------------------------------------------------------------
Weak identification test (Cragg-Donald Wald F statistic):               69.662
                         (Kleibergen-Paap rk Wald F statistic):          5.714
Stock-Yogo weak ID test critical values: 10% maximal IV size             16.38
                                         15% maximal IV size              8.96
                                         20% maximal IV size              6.66
                                         25% maximal IV size              5.53
Source: Stock-Yogo (2005).  Reproduced by permission.
NB: Critical values are for Cragg-Donald F statistic and i.i.d. errors.
------------------------------------------------------------------------------
Hansen J statistic (overidentification test of all instruments):         0.000
                                                 (equation exactly identified)
------------------------------------------------------------------------------
Instrumented:         ln_gaci_cwm
Included instruments: lnpop ln_sea_ma
Excluded instruments: feyrer_int
Partialled-out:       _cons
                      nb: total SS, model F and R2s are after partialling-out;
                          any small-sample adjustments include partialled-out
                          variables in regressor count K
------------------------------------------------------------------------------

Absorbed degrees of freedom:
-----------------------------------------------------+
 Absorbed FE | Categories  - Redundant  = Num. Coefs |
-------------+---------------------------------------|
     isocode |        61          61           0    *|
           y |        28           1          27     |
-----------------------------------------------------+
* = FE nested within cluster; treated as redundant for DoF computation
HET [A_income] inc_mid: b =    6.118 (se   2.115)  KP F =     5.7  N =    1547  countries = 61

. runcell `H' "A_income" "inc_high" ln_co2_tot "inc3 == 3"
(dropped 1 singleton observations)
(MWFE estimator converged in 6 iterations)

IV (2SLS) estimation
--------------------

Estimates efficient for homoskedasticity only
Statistics robust to heteroskedasticity and clustering on isocode

Number of clusters (isocode) =      59                Number of obs =     1491
                                                      F(  3,    58) =    11.16
                                                      Prob > F      =   0.0000
Total (centered) SS     =  120.1690716                Centered R2   =   0.4240
Total (uncentered) SS   =  120.1690716                Uncentered R2 =   0.4240
Residual SS             =  69.22100103                Root MSE      =    .2177

------------------------------------------------------------------------------
             |               Robust
  ln_co2_tot |      Coef.   Std. Err.      t    P>|t|     [95% Conf. Interval]
-------------+----------------------------------------------------------------
 ln_gaci_cwm |   1.886362    2.43706     0.77   0.442    -2.991944    6.764669
       lnpop |   .7302028   1.235439     0.59   0.557    -1.742797    3.203203
   ln_sea_ma |   .0146164   4.163405     0.00   0.997    -8.319345    8.348578
------------------------------------------------------------------------------
Underidentification test (Kleibergen-Paap rk LM statistic):              1.481
                                                   Chi-sq(1) P-val =    0.2237
------------------------------------------------------------------------------
Weak identification test (Cragg-Donald Wald F statistic):                8.525
                         (Kleibergen-Paap rk Wald F statistic):          1.663
Stock-Yogo weak ID test critical values: 10% maximal IV size             16.38
                                         15% maximal IV size              8.96
                                         20% maximal IV size              6.66
                                         25% maximal IV size              5.53
Source: Stock-Yogo (2005).  Reproduced by permission.
NB: Critical values are for Cragg-Donald F statistic and i.i.d. errors.
------------------------------------------------------------------------------
Hansen J statistic (overidentification test of all instruments):         0.000
                                                 (equation exactly identified)
------------------------------------------------------------------------------
Instrumented:         ln_gaci_cwm
Included instruments: lnpop ln_sea_ma
Excluded instruments: feyrer_int
Partialled-out:       _cons
                      nb: total SS, model F and R2s are after partialling-out;
                          any small-sample adjustments include partialled-out
                          variables in regressor count K
------------------------------------------------------------------------------

Absorbed degrees of freedom:
-----------------------------------------------------+
 Absorbed FE | Categories  - Redundant  = Num. Coefs |
-------------+---------------------------------------|
     isocode |        59          59           0    *|
           y |        28           1          27     |
-----------------------------------------------------+
* = FE nested within cluster; treated as redundant for DoF computation
HET [A_income] inc_high: b =    1.886 (se   2.437)  KP F =     1.7  N =    1491  countries = 59

. 
. * pooled interaction test: top tercile vs rest
. gen byte hi_inc = inc3 == 3 if !missing(inc3)

. gen ma_x_hiinc = ln_gaci_cwm * hi_inc

. gen iv_x_hiinc = feyrer_int * hi_inc
(8 missing values generated)

. ivreghdfe ln_co2_tot lnpop ln_sea_ma (ln_gaci_cwm ma_x_hiinc = feyrer_int iv_x_hiinc), absorb(isocode y) cluster(isocode)
(dropped 1 singleton observations)
(MWFE estimator converged in 5 iterations)

IV (2SLS) estimation
--------------------

Estimates efficient for homoskedasticity only
Statistics robust to heteroskedasticity and clustering on isocode

Number of clusters (isocode) =     182                Number of obs =     4634
                                                      F(  4,   181) =    16.78
                                                      Prob > F      =   0.0000
Total (centered) SS     =   776.026185                Centered R2   =   0.2768
Total (uncentered) SS   =   776.026185                Uncentered R2 =   0.2768
Residual SS             =  561.2187685                Root MSE      =    .3492

------------------------------------------------------------------------------
             |               Robust
  ln_co2_tot |      Coef.   Std. Err.      t    P>|t|     [95% Conf. Interval]
-------------+----------------------------------------------------------------
 ln_gaci_cwm |   6.962712   1.214663     5.73   0.000     4.565991    9.359433
  ma_x_hiinc |  -3.256887   .5654913    -5.76   0.000     -4.37269   -2.141084
       lnpop |   .0100116   .2908214     0.03   0.973    -.5638247    .5838478
   ln_sea_ma |   2.490016   1.336293     1.86   0.064     -.146701    5.126732
------------------------------------------------------------------------------
Underidentification test (Kleibergen-Paap rk LM statistic):             14.952
                                                   Chi-sq(1) P-val =    0.0001
------------------------------------------------------------------------------
Weak identification test (Cragg-Donald Wald F statistic):               86.387
                         (Kleibergen-Paap rk Wald F statistic):          8.409
Stock-Yogo weak ID test critical values: 10% maximal IV size              7.03
                                         15% maximal IV size              4.58
                                         20% maximal IV size              3.95
                                         25% maximal IV size              3.63
Source: Stock-Yogo (2005).  Reproduced by permission.
NB: Critical values are for Cragg-Donald F statistic and i.i.d. errors.
------------------------------------------------------------------------------
Hansen J statistic (overidentification test of all instruments):         0.000
                                                 (equation exactly identified)
------------------------------------------------------------------------------
Instrumented:         ln_gaci_cwm ma_x_hiinc
Included instruments: lnpop ln_sea_ma
Excluded instruments: feyrer_int iv_x_hiinc
Partialled-out:       _cons
                      nb: total SS, model F and R2s are after partialling-out;
                          any small-sample adjustments include partialled-out
                          variables in regressor count K
------------------------------------------------------------------------------

Absorbed degrees of freedom:
-----------------------------------------------------+
 Absorbed FE | Categories  - Redundant  = Num. Coefs |
-------------+---------------------------------------|
     isocode |       182         182           0    *|
           y |        28           1          27     |
-----------------------------------------------------+
* = FE nested within cluster; treated as redundant for DoF computation

. local bi = _b[ma_x_hiinc]

. local si = _se[ma_x_hiinc]

. post `H' ("A_income") ("interact_hi") (`bi') (`si') (2*normal(-abs(`bi'/`si'))) (e(widstat)) (e(N)) (.)

. di "INTERACTION income-high x MA: b = " %8.3f `bi' " (se " %7.3f `si' ")  KP F = " %7.1f e(widstat)
INTERACTION income-high x MA: b =   -3.257 (se   0.565)  KP F =     8.4

. 
. * =====================================================================
. * B) baseline connectivity terciles, outcome = intl CO2
. * =====================================================================
. di _n "===== B) baseline connectivity terciles (ln_co2_tot) ====="

===== B) baseline connectivity terciles (ln_co2_tot) =====

. runcell `H' "B_conn" "con_low" ln_co2_tot "con3 == 1"
(dropped 1 singleton observations)
(MWFE estimator converged in 6 iterations)

IV (2SLS) estimation
--------------------

Estimates efficient for homoskedasticity only
Statistics robust to heteroskedasticity and clustering on isocode

Number of clusters (isocode) =      61                Number of obs =     1453
                                                      F(  3,    60) =     9.22
                                                      Prob > F      =   0.0000
Total (centered) SS     =  392.8170375                Centered R2   =   0.3338
Total (uncentered) SS   =  392.8170375                Uncentered R2 =   0.3338
Residual SS             =  261.6983596                Root MSE      =    .4288

------------------------------------------------------------------------------
             |               Robust
  ln_co2_tot |      Coef.   Std. Err.      t    P>|t|     [95% Conf. Interval]
-------------+----------------------------------------------------------------
 ln_gaci_cwm |   7.480959   1.694823     4.41   0.000     4.090808    10.87111
       lnpop |   .1458464   .4977024     0.29   0.771    -.8497066    1.141399
   ln_sea_ma |   3.260265   2.156032     1.51   0.136    -1.052442    7.572971
------------------------------------------------------------------------------
Underidentification test (Kleibergen-Paap rk LM statistic):             10.470
                                                   Chi-sq(1) P-val =    0.0012
------------------------------------------------------------------------------
Weak identification test (Cragg-Donald Wald F statistic):              220.773
                         (Kleibergen-Paap rk Wald F statistic):         16.437
Stock-Yogo weak ID test critical values: 10% maximal IV size             16.38
                                         15% maximal IV size              8.96
                                         20% maximal IV size              6.66
                                         25% maximal IV size              5.53
Source: Stock-Yogo (2005).  Reproduced by permission.
NB: Critical values are for Cragg-Donald F statistic and i.i.d. errors.
------------------------------------------------------------------------------
Hansen J statistic (overidentification test of all instruments):         0.000
                                                 (equation exactly identified)
------------------------------------------------------------------------------
Instrumented:         ln_gaci_cwm
Included instruments: lnpop ln_sea_ma
Excluded instruments: feyrer_int
Partialled-out:       _cons
                      nb: total SS, model F and R2s are after partialling-out;
                          any small-sample adjustments include partialled-out
                          variables in regressor count K
------------------------------------------------------------------------------

Absorbed degrees of freedom:
-----------------------------------------------------+
 Absorbed FE | Categories  - Redundant  = Num. Coefs |
-------------+---------------------------------------|
     isocode |        61          61           0    *|
           y |        28           1          27     |
-----------------------------------------------------+
* = FE nested within cluster; treated as redundant for DoF computation
HET [B_conn] con_low: b =    7.481 (se   1.695)  KP F =    16.4  N =    1453  countries = 61

. runcell `H' "B_conn" "con_mid" ln_co2_tot "con3 == 2"
(MWFE estimator converged in 6 iterations)

IV (2SLS) estimation
--------------------

Estimates efficient for homoskedasticity only
Statistics robust to heteroskedasticity and clustering on isocode

Number of clusters (isocode) =      60                Number of obs =     1526
                                                      F(  3,    59) =     3.51
                                                      Prob > F      =   0.0205
Total (centered) SS     =  253.9470795                Centered R2   =   0.3538
Total (uncentered) SS   =  253.9470795                Uncentered R2 =   0.3538
Residual SS             =  164.1115147                Root MSE      =    .3312

------------------------------------------------------------------------------
             |               Robust
  ln_co2_tot |      Coef.   Std. Err.      t    P>|t|     [95% Conf. Interval]
-------------+----------------------------------------------------------------
 ln_gaci_cwm |   5.067699   2.497208     2.03   0.047     .0707981     10.0646
       lnpop |  -.6253541   .3690254    -1.69   0.095    -1.363772     .113064
   ln_sea_ma |   4.160602   2.589894     1.61   0.114    -1.021763    9.342967
------------------------------------------------------------------------------
Underidentification test (Kleibergen-Paap rk LM statistic):              3.352
                                                   Chi-sq(1) P-val =    0.0671
------------------------------------------------------------------------------
Weak identification test (Cragg-Donald Wald F statistic):               27.634
                         (Kleibergen-Paap rk Wald F statistic):          3.747
Stock-Yogo weak ID test critical values: 10% maximal IV size             16.38
                                         15% maximal IV size              8.96
                                         20% maximal IV size              6.66
                                         25% maximal IV size              5.53
Source: Stock-Yogo (2005).  Reproduced by permission.
NB: Critical values are for Cragg-Donald F statistic and i.i.d. errors.
------------------------------------------------------------------------------
Hansen J statistic (overidentification test of all instruments):         0.000
                                                 (equation exactly identified)
------------------------------------------------------------------------------
Instrumented:         ln_gaci_cwm
Included instruments: lnpop ln_sea_ma
Excluded instruments: feyrer_int
Partialled-out:       _cons
                      nb: total SS, model F and R2s are after partialling-out;
                          any small-sample adjustments include partialled-out
                          variables in regressor count K
------------------------------------------------------------------------------

Absorbed degrees of freedom:
-----------------------------------------------------+
 Absorbed FE | Categories  - Redundant  = Num. Coefs |
-------------+---------------------------------------|
     isocode |        60          60           0    *|
           y |        28           1          27     |
-----------------------------------------------------+
* = FE nested within cluster; treated as redundant for DoF computation
HET [B_conn] con_mid: b =    5.068 (se   2.497)  KP F =     3.7  N =    1526  countries = 60

. runcell `H' "B_conn" "con_high" ln_co2_tot "con3 == 3"
(MWFE estimator converged in 5 iterations)

IV (2SLS) estimation
--------------------

Estimates efficient for homoskedasticity only
Statistics robust to heteroskedasticity and clustering on isocode

Number of clusters (isocode) =      61                Number of obs =     1655
                                                      F(  3,    60) =    18.51
                                                      Prob > F      =   0.0000
Total (centered) SS     =   119.665936                Centered R2   =   0.2467
Total (uncentered) SS   =   119.665936                Uncentered R2 =   0.2467
Residual SS             =  90.13891173                Root MSE      =    .2355

------------------------------------------------------------------------------
             |               Robust
  ln_co2_tot |      Coef.   Std. Err.      t    P>|t|     [95% Conf. Interval]
-------------+----------------------------------------------------------------
 ln_gaci_cwm |   4.034729   5.735415     0.70   0.484     -7.43781    15.50727
       lnpop |  -.1020848   1.992733    -0.05   0.959    -4.088143    3.883974
   ln_sea_ma |   1.008568   5.583068     0.18   0.857    -10.15923    12.17637
------------------------------------------------------------------------------
Underidentification test (Kleibergen-Paap rk LM statistic):              0.210
                                                   Chi-sq(1) P-val =    0.6466
------------------------------------------------------------------------------
Weak identification test (Cragg-Donald Wald F statistic):                2.110
                         (Kleibergen-Paap rk Wald F statistic):          0.207
Stock-Yogo weak ID test critical values: 10% maximal IV size             16.38
                                         15% maximal IV size              8.96
                                         20% maximal IV size              6.66
                                         25% maximal IV size              5.53
Source: Stock-Yogo (2005).  Reproduced by permission.
NB: Critical values are for Cragg-Donald F statistic and i.i.d. errors.
------------------------------------------------------------------------------
Hansen J statistic (overidentification test of all instruments):         0.000
                                                 (equation exactly identified)
------------------------------------------------------------------------------
Instrumented:         ln_gaci_cwm
Included instruments: lnpop ln_sea_ma
Excluded instruments: feyrer_int
Partialled-out:       _cons
                      nb: total SS, model F and R2s are after partialling-out;
                          any small-sample adjustments include partialled-out
                          variables in regressor count K
------------------------------------------------------------------------------

Absorbed degrees of freedom:
-----------------------------------------------------+
 Absorbed FE | Categories  - Redundant  = Num. Coefs |
-------------+---------------------------------------|
     isocode |        61          61           0    *|
           y |        28           1          27     |
-----------------------------------------------------+
* = FE nested within cluster; treated as redundant for DoF computation
HET [B_conn] con_high: b =    4.035 (se   5.735)  KP F =     0.2  N =    1655  countries = 61

. 
. gen byte hi_con = con3 == 3 if !missing(con3)

. gen ma_x_hicon = ln_gaci_cwm * hi_con

. gen iv_x_hicon = feyrer_int * hi_con
(8 missing values generated)

. ivreghdfe ln_co2_tot lnpop ln_sea_ma (ln_gaci_cwm ma_x_hicon = feyrer_int iv_x_hicon), absorb(isocode y) cluster(isocode)
(dropped 1 singleton observations)
(MWFE estimator converged in 5 iterations)

IV (2SLS) estimation
--------------------

Estimates efficient for homoskedasticity only
Statistics robust to heteroskedasticity and clustering on isocode

Number of clusters (isocode) =     182                Number of obs =     4634
                                                      F(  4,   181) =    10.80
                                                      Prob > F      =   0.0000
Total (centered) SS     =   776.026185                Centered R2   =   0.2804
Total (uncentered) SS   =   776.026185                Uncentered R2 =   0.2804
Residual SS             =  558.4653828                Root MSE      =    .3483

------------------------------------------------------------------------------
             |               Robust
  ln_co2_tot |      Coef.   Std. Err.      t    P>|t|     [95% Conf. Interval]
-------------+----------------------------------------------------------------
 ln_gaci_cwm |   6.307203   1.239509     5.09   0.000     3.861457    8.752949
  ma_x_hicon |  -1.997025   .6756795    -2.96   0.004    -3.330247   -.6638031
       lnpop |  -.2326799   .2665451    -0.87   0.384    -.7586153    .2932555
   ln_sea_ma |    3.21133   1.341339     2.39   0.018     .5646573    5.858002
------------------------------------------------------------------------------
Underidentification test (Kleibergen-Paap rk LM statistic):             15.169
                                                   Chi-sq(1) P-val =    0.0001
------------------------------------------------------------------------------
Weak identification test (Cragg-Donald Wald F statistic):               87.142
                         (Kleibergen-Paap rk Wald F statistic):          8.735
Stock-Yogo weak ID test critical values: 10% maximal IV size              7.03
                                         15% maximal IV size              4.58
                                         20% maximal IV size              3.95
                                         25% maximal IV size              3.63
Source: Stock-Yogo (2005).  Reproduced by permission.
NB: Critical values are for Cragg-Donald F statistic and i.i.d. errors.
------------------------------------------------------------------------------
Hansen J statistic (overidentification test of all instruments):         0.000
                                                 (equation exactly identified)
------------------------------------------------------------------------------
Instrumented:         ln_gaci_cwm ma_x_hicon
Included instruments: lnpop ln_sea_ma
Excluded instruments: feyrer_int iv_x_hicon
Partialled-out:       _cons
                      nb: total SS, model F and R2s are after partialling-out;
                          any small-sample adjustments include partialled-out
                          variables in regressor count K
------------------------------------------------------------------------------

Absorbed degrees of freedom:
-----------------------------------------------------+
 Absorbed FE | Categories  - Redundant  = Num. Coefs |
-------------+---------------------------------------|
     isocode |       182         182           0    *|
           y |        28           1          27     |
-----------------------------------------------------+
* = FE nested within cluster; treated as redundant for DoF computation

. local bi = _b[ma_x_hicon]

. local si = _se[ma_x_hicon]

. post `H' ("B_conn") ("interact_hi") (`bi') (`si') (2*normal(-abs(`bi'/`si'))) (e(widstat)) (e(N)) (.)

. di "INTERACTION conn-high x MA: b = " %8.3f `bi' " (se " %7.3f `si' ")  KP F = " %7.1f e(widstat)
INTERACTION conn-high x MA: b =   -1.997 (se   0.676)  KP F =     8.7

. 
. * =====================================================================
. * C) macro regions, outcome = intl CO2
. * =====================================================================
. di _n "===== C) macro regions (ln_co2_tot) ====="

===== C) macro regions (ln_co2_tot) =====

. foreach r in Europe AsiaPacific Africa LatAm MiddleEast NorthAm {
  2.     runcell `H' "C_region" "`r'" ln_co2_tot `"mreg == "`r'""'
  3. }
(MWFE estimator converged in 5 iterations)

IV (2SLS) estimation
--------------------

Estimates efficient for homoskedasticity only
Statistics robust to heteroskedasticity and clustering on isocode

Number of clusters (isocode) =      44                Number of obs =     1190
                                                      F(  3,    43) =     0.49
                                                      Prob > F      =   0.6892
Total (centered) SS     =  163.4608881                Centered R2   =  -0.1300
Total (uncentered) SS   =  163.4608881                Uncentered R2 =  -0.1300
Residual SS             =  184.7059055                Root MSE      =     .399

------------------------------------------------------------------------------
             |               Robust
  ln_co2_tot |      Coef.   Std. Err.      t    P>|t|     [95% Conf. Interval]
-------------+----------------------------------------------------------------
 ln_gaci_cwm |  -.4660342   1.568733    -0.30   0.768    -3.629686    2.697617
       lnpop |  -.4059989   .8775318    -0.46   0.646     -2.17571    1.363713
   ln_sea_ma |  -2.519057   3.500303    -0.72   0.476     -9.57809    4.539977
------------------------------------------------------------------------------
Underidentification test (Kleibergen-Paap rk LM statistic):              3.353
                                                   Chi-sq(1) P-val =    0.0671
------------------------------------------------------------------------------
Weak identification test (Cragg-Donald Wald F statistic):               65.612
                         (Kleibergen-Paap rk Wald F statistic):          6.553
Stock-Yogo weak ID test critical values: 10% maximal IV size             16.38
                                         15% maximal IV size              8.96
                                         20% maximal IV size              6.66
                                         25% maximal IV size              5.53
Source: Stock-Yogo (2005).  Reproduced by permission.
NB: Critical values are for Cragg-Donald F statistic and i.i.d. errors.
------------------------------------------------------------------------------
Hansen J statistic (overidentification test of all instruments):         0.000
                                                 (equation exactly identified)
------------------------------------------------------------------------------
Instrumented:         ln_gaci_cwm
Included instruments: lnpop ln_sea_ma
Excluded instruments: feyrer_int
Partialled-out:       _cons
                      nb: total SS, model F and R2s are after partialling-out;
                          any small-sample adjustments include partialled-out
                          variables in regressor count K
------------------------------------------------------------------------------

Absorbed degrees of freedom:
-----------------------------------------------------+
 Absorbed FE | Categories  - Redundant  = Num. Coefs |
-------------+---------------------------------------|
     isocode |        44          44           0    *|
           y |        28           1          27     |
-----------------------------------------------------+
* = FE nested within cluster; treated as redundant for DoF computation
HET [C_region] Europe: b =   -0.466 (se   1.569)  KP F =     6.6  N =    1190  countries = 44
(dropped 1 singleton observations)
(MWFE estimator converged in 6 iterations)

IV (2SLS) estimation
--------------------

Estimates efficient for homoskedasticity only
Statistics robust to heteroskedasticity and clustering on isocode

Number of clusters (isocode) =      45                Number of obs =     1110
                                                      F(  3,    44) =    12.86
                                                      Prob > F      =   0.0000
Total (centered) SS     =  211.6544175                Centered R2   =   0.1618
Total (uncentered) SS   =  211.6544175                Uncentered R2 =   0.1618
Residual SS             =   177.407463                Root MSE      =    .4053

------------------------------------------------------------------------------
             |               Robust
  ln_co2_tot |      Coef.   Std. Err.      t    P>|t|     [95% Conf. Interval]
-------------+----------------------------------------------------------------
 ln_gaci_cwm |   5.053217   1.620963     3.12   0.003      1.78638    8.320053
       lnpop |   .4176071   .5391552     0.77   0.443    -.6689888    1.504203
   ln_sea_ma |   8.367651   3.067479     2.73   0.009     2.185554    14.54975
------------------------------------------------------------------------------
Underidentification test (Kleibergen-Paap rk LM statistic):              6.514
                                                   Chi-sq(1) P-val =    0.0107
------------------------------------------------------------------------------
Weak identification test (Cragg-Donald Wald F statistic):               58.800
                         (Kleibergen-Paap rk Wald F statistic):         10.091
Stock-Yogo weak ID test critical values: 10% maximal IV size             16.38
                                         15% maximal IV size              8.96
                                         20% maximal IV size              6.66
                                         25% maximal IV size              5.53
Source: Stock-Yogo (2005).  Reproduced by permission.
NB: Critical values are for Cragg-Donald F statistic and i.i.d. errors.
------------------------------------------------------------------------------
Hansen J statistic (overidentification test of all instruments):         0.000
                                                 (equation exactly identified)
------------------------------------------------------------------------------
Instrumented:         ln_gaci_cwm
Included instruments: lnpop ln_sea_ma
Excluded instruments: feyrer_int
Partialled-out:       _cons
                      nb: total SS, model F and R2s are after partialling-out;
                          any small-sample adjustments include partialled-out
                          variables in regressor count K
------------------------------------------------------------------------------

Absorbed degrees of freedom:
-----------------------------------------------------+
 Absorbed FE | Categories  - Redundant  = Num. Coefs |
-------------+---------------------------------------|
     isocode |        45          45           0    *|
           y |        28           1          27     |
-----------------------------------------------------+
* = FE nested within cluster; treated as redundant for DoF computation
HET [C_region] AsiaPacific: b =    5.053 (se   1.621)  KP F =    10.1  N =    1110  countries = 45
(MWFE estimator converged in 5 iterations)

IV (2SLS) estimation
--------------------

Estimates efficient for homoskedasticity only
Statistics robust to heteroskedasticity and clustering on isocode

Number of clusters (isocode) =      49                Number of obs =     1230
                                                      F(  3,    48) =     7.72
                                                      Prob > F      =   0.0003
Total (centered) SS     =  132.2829292                Centered R2   =   0.3316
Total (uncentered) SS   =  132.2829292                Uncentered R2 =   0.3316
Residual SS             =  88.41345332                Root MSE      =    .2714

------------------------------------------------------------------------------
             |               Robust
  ln_co2_tot |      Coef.   Std. Err.      t    P>|t|     [95% Conf. Interval]
-------------+----------------------------------------------------------------
 ln_gaci_cwm |   4.542008   2.617347     1.74   0.089    -.7205219    9.804537
       lnpop |   .5648985   .5069325     1.11   0.271    -.4543576    1.584155
   ln_sea_ma |   1.731626   1.446584     1.20   0.237    -1.176927    4.640179
------------------------------------------------------------------------------
Underidentification test (Kleibergen-Paap rk LM statistic):              4.825
                                                   Chi-sq(1) P-val =    0.0281
------------------------------------------------------------------------------
Weak identification test (Cragg-Donald Wald F statistic):               28.005
                         (Kleibergen-Paap rk Wald F statistic):          4.946
Stock-Yogo weak ID test critical values: 10% maximal IV size             16.38
                                         15% maximal IV size              8.96
                                         20% maximal IV size              6.66
                                         25% maximal IV size              5.53
Source: Stock-Yogo (2005).  Reproduced by permission.
NB: Critical values are for Cragg-Donald F statistic and i.i.d. errors.
------------------------------------------------------------------------------
Hansen J statistic (overidentification test of all instruments):         0.000
                                                 (equation exactly identified)
------------------------------------------------------------------------------
Instrumented:         ln_gaci_cwm
Included instruments: lnpop ln_sea_ma
Excluded instruments: feyrer_int
Partialled-out:       _cons
                      nb: total SS, model F and R2s are after partialling-out;
                          any small-sample adjustments include partialled-out
                          variables in regressor count K
------------------------------------------------------------------------------

Absorbed degrees of freedom:
-----------------------------------------------------+
 Absorbed FE | Categories  - Redundant  = Num. Coefs |
-------------+---------------------------------------|
     isocode |        49          49           0    *|
           y |        28           1          27     |
-----------------------------------------------------+
* = FE nested within cluster; treated as redundant for DoF computation
HET [C_region] Africa: b =    4.542 (se   2.617)  KP F =     4.9  N =    1230  countries = 49
(MWFE estimator converged in 6 iterations)

IV (2SLS) estimation
--------------------

Estimates efficient for homoskedasticity only
Statistics robust to heteroskedasticity and clustering on isocode

Number of clusters (isocode) =      28                Number of obs =      683
                                                      F(  3,    27) =     1.50
                                                      Prob > F      =   0.2378
Total (centered) SS     =  38.90441121                Centered R2   =   0.2989
Total (uncentered) SS   =  38.90441121                Uncentered R2 =   0.2989
Residual SS             =  27.27501305                Root MSE      =    .2044

------------------------------------------------------------------------------
             |               Robust
  ln_co2_tot |      Coef.   Std. Err.      t    P>|t|     [95% Conf. Interval]
-------------+----------------------------------------------------------------
 ln_gaci_cwm |   2.925718   1.945098     1.50   0.144    -1.065294     6.91673
       lnpop |  -.3187259   .5442607    -0.59   0.563    -1.435457    .7980047
   ln_sea_ma |   3.962045   4.742608     0.84   0.411    -5.768983    13.69307
------------------------------------------------------------------------------
Underidentification test (Kleibergen-Paap rk LM statistic):              1.409
                                                   Chi-sq(1) P-val =    0.2352
------------------------------------------------------------------------------
Weak identification test (Cragg-Donald Wald F statistic):               14.743
                         (Kleibergen-Paap rk Wald F statistic):          1.709
Stock-Yogo weak ID test critical values: 10% maximal IV size             16.38
                                         15% maximal IV size              8.96
                                         20% maximal IV size              6.66
                                         25% maximal IV size              5.53
Source: Stock-Yogo (2005).  Reproduced by permission.
NB: Critical values are for Cragg-Donald F statistic and i.i.d. errors.
------------------------------------------------------------------------------
Hansen J statistic (overidentification test of all instruments):         0.000
                                                 (equation exactly identified)
------------------------------------------------------------------------------
Instrumented:         ln_gaci_cwm
Included instruments: lnpop ln_sea_ma
Excluded instruments: feyrer_int
Partialled-out:       _cons
                      nb: total SS, model F and R2s are after partialling-out;
                          any small-sample adjustments include partialled-out
                          variables in regressor count K
------------------------------------------------------------------------------

Absorbed degrees of freedom:
-----------------------------------------------------+
 Absorbed FE | Categories  - Redundant  = Num. Coefs |
-------------+---------------------------------------|
     isocode |        28          28           0    *|
           y |        28           1          27     |
-----------------------------------------------------+
* = FE nested within cluster; treated as redundant for DoF computation
HET [C_region] LatAm: b =    2.926 (se   1.945)  KP F =     1.7  N =     683  countries = 28
(MWFE estimator converged in 5 iterations)

IV (2SLS) estimation
--------------------

Estimates efficient for homoskedasticity only
Statistics robust to heteroskedasticity and clustering on isocode

Number of clusters (isocode) =      13                Number of obs =      344
                                                      F(  3,    12) =     0.00
                                                      Prob > F      =   0.9999
Total (centered) SS     =  187.9523472                Centered R2   = -9.9e+02
Total (uncentered) SS   =  187.9523472                Uncentered R2 = -9.9e+02
Residual SS             =  186432.0191                Root MSE      =    24.37

------------------------------------------------------------------------------
             |               Robust
  ln_co2_tot |      Coef.   Std. Err.      t    P>|t|     [95% Conf. Interval]
-------------+----------------------------------------------------------------
 ln_gaci_cwm |   290.0991    13381.8     0.02   0.983    -28866.35    29446.55
       lnpop |  -169.9413   7955.034    -0.02   0.983    -17502.47    17162.59
   ln_sea_ma |   300.7213   13728.18     0.02   0.983    -29610.42    30211.86
------------------------------------------------------------------------------
Underidentification test (Kleibergen-Paap rk LM statistic):              0.001
                                                   Chi-sq(1) P-val =    0.9816
------------------------------------------------------------------------------
Weak identification test (Cragg-Donald Wald F statistic):                0.007
                         (Kleibergen-Paap rk Wald F statistic):          0.000
Stock-Yogo weak ID test critical values: 10% maximal IV size             16.38
                                         15% maximal IV size              8.96
                                         20% maximal IV size              6.66
                                         25% maximal IV size              5.53
Source: Stock-Yogo (2005).  Reproduced by permission.
NB: Critical values are for Cragg-Donald F statistic and i.i.d. errors.
------------------------------------------------------------------------------
Hansen J statistic (overidentification test of all instruments):         0.000
                                                 (equation exactly identified)
------------------------------------------------------------------------------
Instrumented:         ln_gaci_cwm
Included instruments: lnpop ln_sea_ma
Excluded instruments: feyrer_int
Partialled-out:       _cons
                      nb: total SS, model F and R2s are after partialling-out;
                          any small-sample adjustments include partialled-out
                          variables in regressor count K
------------------------------------------------------------------------------

Absorbed degrees of freedom:
-----------------------------------------------------+
 Absorbed FE | Categories  - Redundant  = Num. Coefs |
-------------+---------------------------------------|
     isocode |        13          13           0    *|
           y |        28           1          27     |
-----------------------------------------------------+
* = FE nested within cluster; treated as redundant for DoF computation
HET [C_region] MiddleEast: b =  290.099 (se  1.3e+04)  KP F =     0.0  N =     344  countries = 13
(MWFE estimator converged in 3 iterations)

IV (2SLS) estimation
--------------------

Estimates efficient for homoskedasticity only
Statistics robust to heteroskedasticity and clustering on isocode

Number of clusters (isocode) =       3                Number of obs =       77
                                                      F(  3,     2) =     4.94
                                                      Prob > F      =   0.1728
Total (centered) SS     =  .6171477907                Centered R2   =  -0.8303
Total (uncentered) SS   =  .6171477907                Uncentered R2 =  -0.8303
Residual SS             =  1.129542711                Root MSE      =     .155

------------------------------------------------------------------------------
             |               Robust
  ln_co2_tot |      Coef.   Std. Err.      t    P>|t|     [95% Conf. Interval]
-------------+----------------------------------------------------------------
 ln_gaci_cwm |  -2.560105   7.413084    -0.35   0.763    -34.45603    29.33582
       lnpop |   -5.87165   11.17828    -0.53   0.652    -53.96791    42.22461
   ln_sea_ma |  -55.34199   81.60803    -0.68   0.568     -406.473     295.789
------------------------------------------------------------------------------
Underidentification test (Kleibergen-Paap rk LM statistic):              0.998
                                                   Chi-sq(1) P-val =    0.3178
------------------------------------------------------------------------------
Weak identification test (Cragg-Donald Wald F statistic):                3.509
                         (Kleibergen-Paap rk Wald F statistic):          0.702
Stock-Yogo weak ID test critical values: 10% maximal IV size             16.38
                                         15% maximal IV size              8.96
                                         20% maximal IV size              6.66
                                         25% maximal IV size              5.53
Source: Stock-Yogo (2005).  Reproduced by permission.
NB: Critical values are for Cragg-Donald F statistic and i.i.d. errors.
------------------------------------------------------------------------------
Warning: estimated covariance matrix of moment conditions not of full rank.
         overidentification statistic not reported, and standard errors and
         model tests should be interpreted with caution.
Possible causes:
         number of clusters insufficient to calculate robust covariance matrix
         singleton dummy variable (dummy with one 1 and N-1 0s or vice versa)
partial option may address problem.
------------------------------------------------------------------------------
Instrumented:         ln_gaci_cwm
Included instruments: lnpop ln_sea_ma
Excluded instruments: feyrer_int
Partialled-out:       _cons
                      nb: total SS, model F and R2s are after partialling-out;
                          any small-sample adjustments include partialled-out
                          variables in regressor count K
------------------------------------------------------------------------------

Absorbed degrees of freedom:
-----------------------------------------------------+
 Absorbed FE | Categories  - Redundant  = Num. Coefs |
-------------+---------------------------------------|
     isocode |         3           3           0    *|
           y |        28           1          27     |
-----------------------------------------------------+
* = FE nested within cluster; treated as redundant for DoF computation
HET [C_region] NorthAm: b =   -2.560 (se   7.413)  KP F =     0.7  N =      77  countries = 3

. 
. * =====================================================================
. * D) intensity outcome across income terciles
. * =====================================================================
. di _n "===== D) baseline income terciles (ln_intensity) ====="

===== D) baseline income terciles (ln_intensity) =====

. runcell `H' "D_intens" "inc_low" ln_intensity "inc3 == 1"
(MWFE estimator converged in 5 iterations)

IV (2SLS) estimation
--------------------

Estimates efficient for homoskedasticity only
Statistics robust to heteroskedasticity and clustering on isocode

Number of clusters (isocode) =      62                Number of obs =     1596
                                                      F(  3,    61) =     1.70
                                                      Prob > F      =   0.1764
Total (centered) SS     =  25.19088566                Centered R2   =  -0.1059
Total (uncentered) SS   =  25.19088566                Uncentered R2 =  -0.1059
Residual SS             =  27.85967205                Root MSE      =    .1334

------------------------------------------------------------------------------
             |               Robust
ln_intensity |      Coef.   Std. Err.      t    P>|t|     [95% Conf. Interval]
-------------+----------------------------------------------------------------
 ln_gaci_cwm |   -.725406   .7011328    -1.03   0.305    -2.127408    .6765957
       lnpop |   .2332657   .1466066     1.59   0.117    -.0598922    .5264237
   ln_sea_ma |   -.240688   .4972147    -0.48   0.630     -1.23493    .7535541
------------------------------------------------------------------------------
Underidentification test (Kleibergen-Paap rk LM statistic):              4.442
                                                   Chi-sq(1) P-val =    0.0351
------------------------------------------------------------------------------
Weak identification test (Cragg-Donald Wald F statistic):               39.446
                         (Kleibergen-Paap rk Wald F statistic):          4.815
Stock-Yogo weak ID test critical values: 10% maximal IV size             16.38
                                         15% maximal IV size              8.96
                                         20% maximal IV size              6.66
                                         25% maximal IV size              5.53
Source: Stock-Yogo (2005).  Reproduced by permission.
NB: Critical values are for Cragg-Donald F statistic and i.i.d. errors.
------------------------------------------------------------------------------
Hansen J statistic (overidentification test of all instruments):         0.000
                                                 (equation exactly identified)
------------------------------------------------------------------------------
Instrumented:         ln_gaci_cwm
Included instruments: lnpop ln_sea_ma
Excluded instruments: feyrer_int
Partialled-out:       _cons
                      nb: total SS, model F and R2s are after partialling-out;
                          any small-sample adjustments include partialled-out
                          variables in regressor count K
------------------------------------------------------------------------------

Absorbed degrees of freedom:
-----------------------------------------------------+
 Absorbed FE | Categories  - Redundant  = Num. Coefs |
-------------+---------------------------------------|
     isocode |        62          62           0    *|
           y |        28           1          27     |
-----------------------------------------------------+
* = FE nested within cluster; treated as redundant for DoF computation
HET [D_intens] inc_low: b =   -0.725 (se   0.701)  KP F =     4.8  N =    1596  countries = 62

. runcell `H' "D_intens" "inc_mid" ln_intensity "inc3 == 2"
(MWFE estimator converged in 5 iterations)

IV (2SLS) estimation
--------------------

Estimates efficient for homoskedasticity only
Statistics robust to heteroskedasticity and clustering on isocode

Number of clusters (isocode) =      61                Number of obs =     1547
                                                      F(  3,    60) =     2.26
                                                      Prob > F      =   0.0904
Total (centered) SS     =  24.67912541                Centered R2   =   0.1065
Total (uncentered) SS   =  24.67912541                Uncentered R2 =   0.1065
Residual SS             =  22.05164187                Root MSE      =    .1206

------------------------------------------------------------------------------
             |               Robust
ln_intensity |      Coef.   Std. Err.      t    P>|t|     [95% Conf. Interval]
-------------+----------------------------------------------------------------
 ln_gaci_cwm |  -.3717752   .5364428    -0.69   0.491    -1.444821    .7012702
       lnpop |   .1157957   .1295938     0.89   0.375    -.1434305    .3750219
   ln_sea_ma |    .046882   1.023324     0.05   0.964    -2.000071    2.093835
------------------------------------------------------------------------------
Underidentification test (Kleibergen-Paap rk LM statistic):              5.354
                                                   Chi-sq(1) P-val =    0.0207
------------------------------------------------------------------------------
Weak identification test (Cragg-Donald Wald F statistic):               69.662
                         (Kleibergen-Paap rk Wald F statistic):          5.714
Stock-Yogo weak ID test critical values: 10% maximal IV size             16.38
                                         15% maximal IV size              8.96
                                         20% maximal IV size              6.66
                                         25% maximal IV size              5.53
Source: Stock-Yogo (2005).  Reproduced by permission.
NB: Critical values are for Cragg-Donald F statistic and i.i.d. errors.
------------------------------------------------------------------------------
Hansen J statistic (overidentification test of all instruments):         0.000
                                                 (equation exactly identified)
------------------------------------------------------------------------------
Instrumented:         ln_gaci_cwm
Included instruments: lnpop ln_sea_ma
Excluded instruments: feyrer_int
Partialled-out:       _cons
                      nb: total SS, model F and R2s are after partialling-out;
                          any small-sample adjustments include partialled-out
                          variables in regressor count K
------------------------------------------------------------------------------

Absorbed degrees of freedom:
-----------------------------------------------------+
 Absorbed FE | Categories  - Redundant  = Num. Coefs |
-------------+---------------------------------------|
     isocode |        61          61           0    *|
           y |        28           1          27     |
-----------------------------------------------------+
* = FE nested within cluster; treated as redundant for DoF computation
HET [D_intens] inc_mid: b =   -0.372 (se   0.536)  KP F =     5.7  N =    1547  countries = 61

. runcell `H' "D_intens" "inc_high" ln_intensity "inc3 == 3"
(dropped 1 singleton observations)
(MWFE estimator converged in 6 iterations)

IV (2SLS) estimation
--------------------

Estimates efficient for homoskedasticity only
Statistics robust to heteroskedasticity and clustering on isocode

Number of clusters (isocode) =      59                Number of obs =     1491
                                                      F(  3,    58) =     0.18
                                                      Prob > F      =   0.9086
Total (centered) SS     =  15.68897829                Centered R2   =  -0.7404
Total (uncentered) SS   =  15.68897829                Uncentered R2 =  -0.7404
Residual SS             =  27.30443088                Root MSE      =    .1367

------------------------------------------------------------------------------
             |               Robust
ln_intensity |      Coef.   Std. Err.      t    P>|t|     [95% Conf. Interval]
-------------+----------------------------------------------------------------
 ln_gaci_cwm |   1.054281   1.501348     0.70   0.485    -1.950993    4.059555
       lnpop |  -.4871694   .7180397    -0.68   0.500    -1.924482    .9501433
   ln_sea_ma |   1.703547   2.420823     0.70   0.484    -3.142257    6.549351
------------------------------------------------------------------------------
Underidentification test (Kleibergen-Paap rk LM statistic):              1.481
                                                   Chi-sq(1) P-val =    0.2237
------------------------------------------------------------------------------
Weak identification test (Cragg-Donald Wald F statistic):                8.525
                         (Kleibergen-Paap rk Wald F statistic):          1.663
Stock-Yogo weak ID test critical values: 10% maximal IV size             16.38
                                         15% maximal IV size              8.96
                                         20% maximal IV size              6.66
                                         25% maximal IV size              5.53
Source: Stock-Yogo (2005).  Reproduced by permission.
NB: Critical values are for Cragg-Donald F statistic and i.i.d. errors.
------------------------------------------------------------------------------
Hansen J statistic (overidentification test of all instruments):         0.000
                                                 (equation exactly identified)
------------------------------------------------------------------------------
Instrumented:         ln_gaci_cwm
Included instruments: lnpop ln_sea_ma
Excluded instruments: feyrer_int
Partialled-out:       _cons
                      nb: total SS, model F and R2s are after partialling-out;
                          any small-sample adjustments include partialled-out
                          variables in regressor count K
------------------------------------------------------------------------------

Absorbed degrees of freedom:
-----------------------------------------------------+
 Absorbed FE | Categories  - Redundant  = Num. Coefs |
-------------+---------------------------------------|
     isocode |        59          59           0    *|
           y |        28           1          27     |
-----------------------------------------------------+
* = FE nested within cluster; treated as redundant for DoF computation
HET [D_intens] inc_high: b =    1.054 (se   1.501)  KP F =     1.7  N =    1491  countries = 59

. 
. postclose `H'

. use "_feyrer_hetero_tot_post_cl.dta", clear

. export delimited "_feyrer_hetero_tot_cl.csv", replace
file _feyrer_hetero_tot_cl.csv saved

. erase "_feyrer_hetero_tot_post_cl.dta"

. list, clean noobs

       panel           grp           b         se          p        KPF      N   Nc  
    A_income       inc_low    9.427492   2.651732   .0003777   4.814987   1596   62  
    A_income       inc_mid    6.118232   2.115045   .0038192   5.713852   1547   61  
    A_income      inc_high    1.886362    2.43706   .4389119   1.663133   1491   59  
    A_income   interact_hi   -3.256887   .5654913   8.44e-09    8.40871   4634    .  
      B_conn       con_low    7.480959   1.694823   .0000101   16.43713   1453   61  
      B_conn       con_mid    5.067699   2.497208    .042423   3.746704   1526   60  
      B_conn      con_high    4.034729   5.735415    .481759   .2071566   1655   61  
      B_conn   interact_hi   -1.997025   .6756795   .0031208   8.735485   4634    .  
    C_region        Europe   -.4660342   1.568733   .7664078    6.55296   1190   44  
    C_region   AsiaPacific    5.053216   1.620963   .0018244   10.09118   1110   45  
    C_region        Africa    4.542007   2.617347   .0826792   4.945683   1230   49  
    C_region         LatAm    2.925718   1.945098    .132543   1.708705    683   28  
    C_region    MiddleEast    290.0991    13381.8   .9827043   .0004512    344   13  
    C_region       NorthAm   -2.560105   7.413084   .7298316   .7015708     77    3  
    D_intens       inc_low    -.725406   .7011328   .3008464   4.814987   1596   62  
    D_intens       inc_mid   -.3717752   .5364428   .4882857   5.713852   1547   61  
    D_intens      inc_high    1.054281   1.501348     .48254   1.663133   1491   59  

. 
end of do-file
